Archive member included to satisfy reference by file (symbol)

/opt/intelFPGA/21.1/nios2eds/bin/gnu/H-x86_64-pc-linux-gnu/bin/../lib/gcc/nios2-elf/11.2.1/../../../../../H-x86_64-pc-linux-gnu/nios2-elf/lib/libm.a(lib_a-w_pow.o)
                              obj/default/LedLibrary.o (pow)
/opt/intelFPGA/21.1/nios2eds/bin/gnu/H-x86_64-pc-linux-gnu/bin/../lib/gcc/nios2-elf/11.2.1/../../../../../H-x86_64-pc-linux-gnu/nios2-elf/lib/libm.a(lib_a-e_pow.o)
                              /opt/intelFPGA/21.1/nios2eds/bin/gnu/H-x86_64-pc-linux-gnu/bin/../lib/gcc/nios2-elf/11.2.1/../../../../../H-x86_64-pc-linux-gnu/nios2-elf/lib/libm.a(lib_a-w_pow.o) (__ieee754_pow)
/opt/intelFPGA/21.1/nios2eds/bin/gnu/H-x86_64-pc-linux-gnu/bin/../lib/gcc/nios2-elf/11.2.1/../../../../../H-x86_64-pc-linux-gnu/nios2-elf/lib/libm.a(lib_a-e_sqrt.o)
                              /opt/intelFPGA/21.1/nios2eds/bin/gnu/H-x86_64-pc-linux-gnu/bin/../lib/gcc/nios2-elf/11.2.1/../../../../../H-x86_64-pc-linux-gnu/nios2-elf/lib/libm.a(lib_a-e_pow.o) (__ieee754_sqrt)
/opt/intelFPGA/21.1/nios2eds/bin/gnu/H-x86_64-pc-linux-gnu/bin/../lib/gcc/nios2-elf/11.2.1/../../../../../H-x86_64-pc-linux-gnu/nios2-elf/lib/libm.a(lib_a-math_err.o)
                              /opt/intelFPGA/21.1/nios2eds/bin/gnu/H-x86_64-pc-linux-gnu/bin/../lib/gcc/nios2-elf/11.2.1/../../../../../H-x86_64-pc-linux-gnu/nios2-elf/lib/libm.a(lib_a-e_pow.o) (__math_uflow)
/opt/intelFPGA/21.1/nios2eds/bin/gnu/H-x86_64-pc-linux-gnu/bin/../lib/gcc/nios2-elf/11.2.1/../../../../../H-x86_64-pc-linux-gnu/nios2-elf/lib/libm.a(lib_a-s_scalbn.o)
                              /opt/intelFPGA/21.1/nios2eds/bin/gnu/H-x86_64-pc-linux-gnu/bin/../lib/gcc/nios2-elf/11.2.1/../../../../../H-x86_64-pc-linux-gnu/nios2-elf/lib/libm.a(lib_a-e_pow.o) (scalbn)
/opt/intelFPGA/21.1/nios2eds/bin/gnu/H-x86_64-pc-linux-gnu/bin/../lib/gcc/nios2-elf/11.2.1/libgcc.a(addsf3.o)
                              obj/default/LedLibrary.o (__addsf3)
/opt/intelFPGA/21.1/nios2eds/bin/gnu/H-x86_64-pc-linux-gnu/bin/../lib/gcc/nios2-elf/11.2.1/libgcc.a(divsf3.o)
                              obj/default/LedLibrary.o (__divsf3)
/opt/intelFPGA/21.1/nios2eds/bin/gnu/H-x86_64-pc-linux-gnu/bin/../lib/gcc/nios2-elf/11.2.1/libgcc.a(eqsf2.o)
                              obj/default/PolynomSolver.o (__eqsf2)
/opt/intelFPGA/21.1/nios2eds/bin/gnu/H-x86_64-pc-linux-gnu/bin/../lib/gcc/nios2-elf/11.2.1/libgcc.a(gesf2.o)
                              obj/default/LedLibrary.o (__gesf2)
/opt/intelFPGA/21.1/nios2eds/bin/gnu/H-x86_64-pc-linux-gnu/bin/../lib/gcc/nios2-elf/11.2.1/libgcc.a(lesf2.o)
                              obj/default/LedLibrary.o (__lesf2)
/opt/intelFPGA/21.1/nios2eds/bin/gnu/H-x86_64-pc-linux-gnu/bin/../lib/gcc/nios2-elf/11.2.1/libgcc.a(mulsf3.o)
                              obj/default/LedLibrary.o (__mulsf3)
/opt/intelFPGA/21.1/nios2eds/bin/gnu/H-x86_64-pc-linux-gnu/bin/../lib/gcc/nios2-elf/11.2.1/libgcc.a(subsf3.o)
                              obj/default/LedLibrary.o (__subsf3)
/opt/intelFPGA/21.1/nios2eds/bin/gnu/H-x86_64-pc-linux-gnu/bin/../lib/gcc/nios2-elf/11.2.1/libgcc.a(floatsisf.o)
                              obj/default/LedLibrary.o (__floatsisf)
/opt/intelFPGA/21.1/nios2eds/bin/gnu/H-x86_64-pc-linux-gnu/bin/../lib/gcc/nios2-elf/11.2.1/libgcc.a(adddf3.o)
                              obj/default/LedLibrary.o (__adddf3)
/opt/intelFPGA/21.1/nios2eds/bin/gnu/H-x86_64-pc-linux-gnu/bin/../lib/gcc/nios2-elf/11.2.1/libgcc.a(divdf3.o)
                              /opt/intelFPGA/21.1/nios2eds/bin/gnu/H-x86_64-pc-linux-gnu/bin/../lib/gcc/nios2-elf/11.2.1/../../../../../H-x86_64-pc-linux-gnu/nios2-elf/lib/libm.a(lib_a-e_pow.o) (__divdf3)
/opt/intelFPGA/21.1/nios2eds/bin/gnu/H-x86_64-pc-linux-gnu/bin/../lib/gcc/nios2-elf/11.2.1/libgcc.a(eqdf2.o)
                              /opt/intelFPGA/21.1/nios2eds/bin/gnu/H-x86_64-pc-linux-gnu/bin/../lib/gcc/nios2-elf/11.2.1/../../../../../H-x86_64-pc-linux-gnu/nios2-elf/lib/libm.a(lib_a-w_pow.o) (__eqdf2)
/opt/intelFPGA/21.1/nios2eds/bin/gnu/H-x86_64-pc-linux-gnu/bin/../lib/gcc/nios2-elf/11.2.1/libgcc.a(gedf2.o)
                              /opt/intelFPGA/21.1/nios2eds/bin/gnu/H-x86_64-pc-linux-gnu/bin/../lib/gcc/nios2-elf/11.2.1/../../../../../H-x86_64-pc-linux-gnu/nios2-elf/lib/libm.a(lib_a-e_pow.o) (__gedf2)
/opt/intelFPGA/21.1/nios2eds/bin/gnu/H-x86_64-pc-linux-gnu/bin/../lib/gcc/nios2-elf/11.2.1/libgcc.a(ledf2.o)
                              /opt/intelFPGA/21.1/nios2eds/bin/gnu/H-x86_64-pc-linux-gnu/bin/../lib/gcc/nios2-elf/11.2.1/../../../../../H-x86_64-pc-linux-gnu/nios2-elf/lib/libm.a(lib_a-math_err.o) (__ledf2)
/opt/intelFPGA/21.1/nios2eds/bin/gnu/H-x86_64-pc-linux-gnu/bin/../lib/gcc/nios2-elf/11.2.1/libgcc.a(muldf3.o)
                              obj/default/LedLibrary.o (__muldf3)
/opt/intelFPGA/21.1/nios2eds/bin/gnu/H-x86_64-pc-linux-gnu/bin/../lib/gcc/nios2-elf/11.2.1/libgcc.a(subdf3.o)
[...]
Memory Configuration

Name             Origin             Length             Attributes
reset            0x0000000000040000 0x0000000000000020
onchip_memory2   0x0000000000040020 0x0000000000031fe0
*default*        0x0000000000000000 0xffffffffffffffff

Linker script and memory map

LOAD ../Herov3-1_bsp//obj/HAL/src/crt0.o
LOAD obj/default/CheckSignal.o
LOAD obj/default/LedLibrary.o
LOAD obj/default/Main.o
LOAD obj/default/PolynomSolver.o
LOAD /opt/intelFPGA/21.1/nios2eds/bin/gnu/H-x86_64-pc-linux-gnu/bin/../lib/gcc/nios2-elf/11.2.1/../../../../../H-x86_64-pc-linux-gnu/nios2-elf/lib/libstdc++.a
LOAD /opt/intelFPGA/21.1/nios2eds/bin/gnu/H-x86_64-pc-linux-gnu/bin/../lib/gcc/nios2-elf/11.2.1/../../../../../H-x86_64-pc-linux-gnu/nios2-elf/lib/libm.a
LOAD /opt/intelFPGA/21.1/nios2eds/bin/gnu/H-x86_64-pc-linux-gnu/bin/../lib/gcc/nios2-elf/11.2.1/libgcc.a
START GROUP
LOAD /opt/intelFPGA/21.1/nios2eds/bin/gnu/H-x86_64-pc-linux-gnu/bin/../lib/gcc/nios2-elf/11.2.1/../../../../../H-x86_64-pc-linux-gnu/nios2-elf/lib/libc.a
LOAD /opt/intelFPGA/21.1/nios2eds/bin/gnu/H-x86_64-pc-linux-gnu/bin/../lib/gcc/nios2-elf/11.2.1/libgcc.a
LOAD ../Herov3-1_bsp//libhal_bsp.a
LOAD /opt/intelFPGA/21.1/nios2eds/bin/gnu/H-x86_64-pc-linux-gnu/bin/../lib/gcc/nios2-elf/11.2.1/../../../../../H-x86_64-pc-linux-gnu/nios2-elf/lib/libm.a
END GROUP
LOAD /opt/intelFPGA/21.1/nios2eds/bin/gnu/H-x86_64-pc-linux-gnu/bin/../lib/gcc/nios2-elf/11.2.1/libgcc.a
                0x0000000000040000                __alt_mem_onchip_memory2 = 0x40000

.entry          0x0000000000040000       0x20
 *(.entry)
 .entry         0x0000000000040000       0x20 ../Herov3-1_bsp//obj/HAL/src/crt0.o
                0x0000000000040000                __reset

.exceptions     0x0000000000040020      0x218
                0x0000000000040020                PROVIDE (__ram_exceptions_start = ABSOLUTE (.))
                0x0000000000040020                . = ALIGN (0x20)
 *(.irq)
 *(.exceptions.entry.label)
 .exceptions.entry.label
                0x0000000000040020        0x0 ../Herov3-1_bsp//libhal_bsp.a(alt_irq_entry.o)
                0x0000000000040020                alt_irq_entry
 .exceptions.entry.label
                0x0000000000040020        0x0 ../Herov3-1_bsp//libhal_bsp.a(alt_exception_entry.o)
                0x0000000000040020                alt_exception
 *(.exceptions.entry.user)
 *(.exceptions.entry.ecc_fatal)
 *(.exceptions.entry)
 .exceptions.entry
                0x0000000000040020       0x54 ../Herov3-1_bsp//libhal_bsp.a(alt_exception_entry.o)
 *(.exceptions.irqtest.user)
 *(.exceptions.irqtest)
 .exceptions.irqtest
                0x0000000000040074       0x10 ../Herov3-1_bsp//libhal_bsp.a(alt_irq_entry.o)
 *(.exceptions.irqhandler.user)
 *(.exceptions.irqhandler)
 .exceptions.irqhandler
                0x0000000000040084        0x4 ../Herov3-1_bsp//libhal_bsp.a(alt_irq_entry.o)
 *(.exceptions.irqreturn.user)
 *(.exceptions.irqreturn)
 .exceptions.irqreturn
                0x0000000000040088        0x4 ../Herov3-1_bsp//libhal_bsp.a(alt_irq_entry.o)
 *(.exceptions.notirq.label)
 .exceptions.notirq.label
                0x000000000004008c        0x0 ../Herov3-1_bsp//libhal_bsp.a(alt_irq_entry.o)
 *(.exceptions.notirq.user)
 *(.exceptions.notirq)
 .exceptions.notirq
                0x000000000004008c        0x8 ../Herov3-1_bsp//libhal_bsp.a(alt_exception_entry.o)
 *(.exceptions.soft.user)
 *(.exceptions.soft)
 *(.exceptions.unknown.user)
 *(.exceptions.unknown)
 .exceptions.unknown
                0x0000000000040094       0x14 ../Herov3-1_bsp//libhal_bsp.a(alt_exception_entry.o)
 *(.exceptions.exit.label)
 .exceptions.exit.label
                0x00000000000400a8        0x0 ../Herov3-1_bsp//libhal_bsp.a(alt_irq_entry.o)
 .exceptions.exit.label
                0x00000000000400a8        0x0 ../Herov3-1_bsp//libhal_bsp.a(alt_exception_entry.o)
 *(.exceptions.exit.user)
 *(.exceptions.exit)
 .exceptions.exit
                0x00000000000400a8       0x54 ../Herov3-1_bsp//libhal_bsp.a(alt_exception_entry.o)
 *(.exceptions)
 .exceptions    0x00000000000400fc       0xc8 ../Herov3-1_bsp//libhal_bsp.a(alt_irq_handler.o)
                0x00000000000400fc                alt_irq_handler
 .exceptions    0x00000000000401c4       0x74 ../Herov3-1_bsp//libhal_bsp.a(alt_instruction_exception_entry.o)
                0x00000000000401c4                alt_instruction_exception_entry
                0x0000000000040238                PROVIDE (__ram_exceptions_end = ABSOLUTE (.))
                0x0000000000040020                PROVIDE (__flash_exceptions_start = LOADADDR (.exceptions))

.text           0x0000000000040238    0x13998
                [!provide]                        PROVIDE (stext = ABSOLUTE (.))
 *(.interp)
 *(.hash)
 *(.dynsym)
 *(.dynstr)
 *(.gnu.version)
 *(.gnu.version_d)
 *(.gnu.version_r)
 *(.rel.init)
 *(.rela.init)
 *(.rel.text .rel.text.* .rel.gnu.linkonce.t.*)
 *(.rela.text .rela.text.* .rela.gnu.linkonce.t.*)
 *(.rel.fini)
 *(.rela.fini)
 *(.rel.rodata .rel.rodata.* .rel.gnu.linkonce.r.*)
 *(.rela.rodata .rela.rodata.* .rela.gnu.linkonce.r.*)
 *(.rel.data .rel.data.* .rel.gnu.linkonce.d.*)
 *(.rela.data .rela.data.* .rela.gnu.linkonce.d.*)
 *(.rel.tdata .rel.tdata.* .rel.gnu.linkonce.td.*)
 *(.rela.tdata .rela.tdata.* .rela.gnu.linkonce.td.*)
 *(.rel.tbss .rel.tbss.* .rel.gnu.linkonce.tb.*)
 *(.rela.tbss .rela.tbss.* .rela.gnu.linkonce.tb.*)
 *(.rel.ctors)
 *(.rela.ctors)
 *(.rel.dtors)
 *(.rela.dtors)
 *(.rel.got)
 *(.rela.got)
 *(.rel.sdata .rel.sdata.* .rel.gnu.linkonce.s.*)
 *(.rela.sdata .rela.sdata.* .rela.gnu.linkonce.s.*)
 *(.rel.sbss .rel.sbss.* .rel.gnu.linkonce.sb.*)
 *(.rela.sbss .rela.sbss.* .rela.gnu.linkonce.sb.*)
 *(.rel.sdata2 .rel.sdata2.* .rel.gnu.linkonce.s2.*)
 *(.rela.sdata2 .rela.sdata2.* .rela.gnu.linkonce.s2.*)
 *(.rel.sbss2 .rel.sbss2.* .rel.gnu.linkonce.sb2.*)
 *(.rela.sbss2 .rela.sbss2.* .rela.gnu.linkonce.sb2.*)
 *(.rel.bss .rel.bss.* .rel.gnu.linkonce.b.*)
 *(.rela.bss .rela.bss.* .rela.gnu.linkonce.b.*)
 *(.rel.plt)
 *(.rela.plt)
 *(.rel.dyn)
 *(.init)
 *(.plt)
 *(.text .stub .text.* .gnu.linkonce.t.*)
 .text          0x0000000000040238       0x4c ../Herov3-1_bsp//obj/HAL/src/crt0.o
                0x0000000000040238                _start
 .text          0x0000000000040284      0x378 obj/default/CheckSignal.o
                0x0000000000040284                arrayLengt()
                0x00000000000402a4                halfWay(int, int)
                0x00000000000402e0                CheckInput()
                0x0000000000040308                CheckClose(int)
                0x0000000000040424                SpectrumValue(bool)
 .text          0x00000000000405fc      0x54c obj/default/LedLibrary.o
                0x00000000000405fc                prosentage(int, int)
                0x000000000004087c                redLedBinaryValues(int)
                0x0000000000040b00                greenLedBinaryValues(int)
 .text._ZSt3powIiiEN9__gnu_cxx11__promote_2IT_T0_NS0_9__promoteIS2_XsrSt12__is_integerIS2_E7__valueEE6__typeENS4_IS3_XsrS5_IS3_E7__valueEE6__typeEE6__typeES2_S3_
                0x0000000000040b48       0x88 obj/default/LedLibrary.o
                0x0000000000040b48                __gnu_cxx::__promote_2<int, int, __gnu_cxx::__promote<int, std::__is_integer<int>::__value>::__type, __gnu_cxx::__promote<int, std::__is_integer<int>::__value>::__type>::__type std::pow<int, int>(int, int)
 .text._ZSt3powIfiEN9__gnu_cxx11__promote_2IT_T0_NS0_9__promoteIS2_XsrSt12__is_integerIS2_E7__valueEE6__typeENS4_IS3_XsrS5_IS3_E7__valueEE6__typeEE6__typeES2_S3_
                0x0000000000040bd0       0x88 obj/default/LedLibrary.o
                0x0000000000040bd0                __gnu_cxx::__promote_2<float, int, __gnu_cxx::__promote<float, std::__is_integer<float>::__value>::__type, __gnu_cxx::__promote<int, std::__is_integer<int>::__value>::__type>::__type std::pow<float, int>(float, int)
 .text._ZSt3powIifEN9__gnu_cxx11__promote_2IT_T0_NS0_9__promoteIS2_XsrSt12__is_integerIS2_E7__valueEE6__typeENS4_IS3_XsrS5_IS3_E7__valueEE6__typeEE6__typeES2_S3_
                0x0000000000040c58       0x88 obj/default/LedLibrary.o
                0x0000000000040c58                __gnu_cxx::__promote_2<int, float, __gnu_cxx::__promote<int, std::__is_integer<int>::__value>::__type, __gnu_cxx::__promote<float, std::__is_integer<float>::__value>::__type>::__type std::pow<int, float>(int, float)
 .text          0x0000000000040ce0      0x220 obj/default/Main.o
                0x0000000000040ce0                printbit(unsigned int)
                0x0000000000040d58                testled()
                0x0000000000040e00                initprint()
                0x0000000000040e5c                combinedOutput(int, int)
                0x0000000000040e84                main
 .text          0x0000000000040f00      0x678 obj/default/PolynomSolver.o
                0x0000000000040f00                determinantOfMatrix(float (*) [3])
                0x000000000004110c                findSolution(float (*) [4])
 .text          0x0000000000041578        0x0 /opt/intelFPGA/21.1/nios2eds/bin/gnu/H-x86_64-pc-linux-gnu/bin/../lib/gcc/nios2-elf/11.2.1/../../../../../H-x86_64-pc-linux-gnu/nios2-elf/lib/libm.a(lib_a-w_pow.o)
 .text.pow      0x0000000000041578      0x2bc /opt/intelFPGA/21.1/nios2eds/bin/gnu/H-x86_64-pc-linux-gnu/bin/../lib/gcc/nios2-elf/11.2.1/../../../../../H-x86_64-pc-linux-gnu/nios2-elf/lib/libm.a(lib_a-w_pow.o)
                0x0000000000041578                pow
 .text          0x0000000000041834        0x0 /opt/intelFPGA/21.1/nios2eds/bin/gnu/H-x86_64-pc-linux-gnu/bin/../lib/gcc/nios2-elf/11.2.1/../../../../../H-x86_64-pc-linux-gnu/nios2-elf/lib/libm.a(lib_a-e_pow.o)
 .text.__ieee754_pow
                0x0000000000041834     0x1108 /opt/intelFPGA/21.1/nios2eds/bin/gnu/H-x86_64-pc-linux-gnu/bin/../lib/gcc/nios2-elf/11.2.1/../../../../../H-x86_64-pc-linux-gnu/nios2-elf/lib/libm.a(lib_a-e_pow.o)
                0x0000000000041834                __ieee754_pow
 .text          0x000000000004293c        0x0 /opt/intelFPGA/21.1/nios2eds/bin/gnu/H-x86_64-pc-linux-gnu/bin/../lib/gcc/nios2-elf/11.2.1/../../../../../H-x86_64-pc-linux-gnu/nios2-elf/lib/libm.a(lib_a-e_sqrt.o)
 .text.__ieee754_sqrt
                0x000000000004293c      0x25c /opt/intelFPGA/21.1/nios2eds/bin/gnu/H-x86_64-pc-linux-gnu/bin/../lib/gcc/nios2-elf/11.2.1/../../../../../H-x86_64-pc-linux-gnu/nios2-elf/lib/libm.a(lib_a-e_sqrt.o)
                0x000000000004293c                __ieee754_sqrt
 .text          0x0000000000042b98        0x0 /opt/intelFPGA/21.1/nios2eds/bin/gnu/H-x86_64-pc-linux-gnu/bin/../lib/gcc/nios2-elf/11.2.1/../../../../../H-x86_64-pc-linux-gnu/nios2-elf/lib/libm.a(lib_a-math_err.o)
 .text.with_errno
                0x0000000000042b98       0x48 /opt/intelFPGA/21.1/nios2eds/bin/gnu/H-x86_64-pc-linux-gnu/bin/../lib/gcc/nios2-elf/11.2.1/../../../../../H-x86_64-pc-linux-gnu/nios2-elf/lib/libm.a(lib_a-math_err.o)
 .text.xflow    0x0000000000042be0       0x50 /opt/intelFPGA/21.1/nios2eds/bin/gnu/H-x86_64-pc-linux-gnu/bin/../lib/gcc/nios2-elf/11.2.1/../../../../../H-x86_64-pc-linux-gnu/nios2-elf/lib/libm.a(lib_a-math_err.o)
 .text.__math_uflow
                0x0000000000042c30        0xc /opt/intelFPGA/21.1/nios2eds/bin/gnu/H-x86_64-pc-linux-gnu/bin/../lib/gcc/nios2-elf/11.2.1/../../../../../H-x86_64-pc-linux-gnu/nios2-elf/lib/libm.a(lib_a-math_err.o)
                0x0000000000042c30                __math_uflow
 .text.__math_may_uflow
                0x0000000000042c3c        0xc /opt/intelFPGA/21.1/nios2eds/bin/gnu/H-x86_64-pc-linux-gnu/bin/../lib/gcc/nios2-elf/11.2.1/../../../../../H-x86_64-pc-linux-gnu/nios2-elf/lib/libm.a(lib_a-math_err.o)
                0x0000000000042c3c                __math_may_uflow
 .text.__math_oflow
                0x0000000000042c48        0xc /opt/intelFPGA/21.1/nios2eds/bin/gnu/H-x86_64-pc-linux-gnu/bin/../lib/gcc/nios2-elf/11.2.1/../../../../../H-x86_64-pc-linux-gnu/nios2-elf/lib/libm.a(lib_a-math_err.o)
                0x0000000000042c48                __math_oflow
 .text.__math_divzero
                0x0000000000042c54       0x4c /opt/intelFPGA/21.1/nios2eds/bin/gnu/H-x86_64-pc-linux-gnu/bin/../lib/gcc/nios2-elf/11.2.1/../../../../../H-x86_64-pc-linux-gnu/nios2-elf/lib/libm.a(lib_a-math_err.o)
                0x0000000000042c54                __math_divzero
 .text.__math_invalid
                0x0000000000042ca0       0x94 /opt/intelFPGA/21.1/nios2eds/bin/gnu/H-x86_64-pc-linux-gnu/bin/../lib/gcc/nios2-elf/11.2.1/../../../../../H-x86_64-pc-linux-gnu/nios2-elf/lib/libm.a(lib_a-math_err.o)
                0x0000000000042ca0                __math_invalid
 .text.__math_check_uflow
                0x0000000000042d34       0x64 /opt/intelFPGA/21.1/nios2eds/bin/gnu/H-x86_64-pc-linux-gnu/bin/../lib/gcc/nios2-elf/11.2.1/../../../../../H-x86_64-pc-linux-gnu/nios2-elf/lib/libm.a(lib_a-math_err.o)
                0x0000000000042d34                __math_check_uflow
 .text.__math_check_oflow
                0x0000000000042d98       0xa0 /opt/intelFPGA/21.1/nios2eds/bin/gnu/H-x86_64-pc-linux-gnu/bin/../lib/gcc/nios2-elf/11.2.1/../../../../../H-x86_64-pc-linux-gnu/nios2-elf/lib/libm.a(lib_a-math_err.o)
                0x0000000000042d98                __math_check_oflow
 .text          0x0000000000042e38        0x0 /opt/intelFPGA/21.1/nios2eds/bin/gnu/H-x86_64-pc-linux-gnu/bin/../lib/gcc/nios2-elf/11.2.1/../../../../../H-x86_64-pc-linux-gnu/nios2-elf/lib/libm.a(lib_a-s_scalbn.o)
 .text.scalbn   0x0000000000042e38      0x1b4 /opt/intelFPGA/21.1/nios2eds/bin/gnu/H-x86_64-pc-linux-gnu/bin/../lib/gcc/nios2-elf/11.2.1/../../../../../H-x86_64-pc-linux-gnu/nios2-elf/lib/libm.a(lib_a-s_scalbn.o)
                0x0000000000042e38                scalbn
 .text          0x0000000000042fec      0x46c /opt/intelFPGA/21.1/nios2eds/bin/gnu/H-x86_64-pc-linux-gnu/bin/../lib/gcc/nios2-elf/11.2.1/libgcc.a(addsf3.o)
                0x0000000000042fec                __addsf3
 .text          0x0000000000043458      0x414 /opt/intelFPGA/21.1/nios2eds/bin/gnu/H-x86_64-pc-linux-gnu/bin/../lib/gcc/nios2-elf/11.2.1/libgcc.a(divsf3.o)
                0x0000000000043458                __divsf3
 .text          0x000000000004386c       0x70 /opt/intelFPGA/21.1/nios2eds/bin/gnu/H-x86_64-pc-linux-gnu/bin/../lib/gcc/nios2-elf/11.2.1/libgcc.a(eqsf2.o)
                0x000000000004386c                __nesf2
                0x000000000004386c                __eqsf2
 .text          0x00000000000438dc       0xb8 /opt/intelFPGA/21.1/nios2eds/bin/gnu/H-x86_64-pc-linux-gnu/bin/../lib/gcc/nios2-elf/11.2.1/libgcc.a(gesf2.o)
                0x00000000000438dc                __gtsf2
                0x00000000000438dc                __gesf2
 .text          0x0000000000043994       0xb4 /opt/intelFPGA/21.1/nios2eds/bin/gnu/H-x86_64-pc-linux-gnu/bin/../lib/gcc/nios2-elf/11.2.1/libgcc.a(lesf2.o)
                0x0000000000043994                __lesf2
                0x0000000000043994                __ltsf2
 .text          0x0000000000043a48      0x438 /opt/intelFPGA/21.1/nios2eds/bin/gnu/H-x86_64-pc-linux-gnu/bin/../lib/gcc/nios2-elf/11.2.1/libgcc.a(mulsf3.o)
                0x0000000000043a48                __mulsf3
 .text          0x0000000000043e80      0x494 /opt/intelFPGA/21.1/nios2eds/bin/gnu/H-x86_64-pc-linux-gnu/bin/../lib/gcc/nios2-elf/11.2.1/libgcc.a(subsf3.o)
                0x0000000000043e80                __subsf3
 .text          0x0000000000044314      0x124 /opt/intelFPGA/21.1/nios2eds/bin/gnu/H-x86_64-pc-linux-gnu/bin/../lib/gcc/nios2-elf/11.2.1/libgcc.a(floatsisf.o)
                0x0000000000044314                __floatsisf
 .text          0x0000000000044438      0x90c /opt/intelFPGA/21.1/nios2eds/bin/gnu/H-x86_64-pc-linux-gnu/bin/../lib/gcc/nios2-elf/11.2.1/libgcc.a(adddf3.o)
                0x0000000000044438                __adddf3
 .text          0x0000000000044d44      0x84c /opt/intelFPGA/21.1/nios2eds/bin/gnu/H-x86_64-pc-linux-gnu/bin/../lib/gcc/nios2-elf/11.2.1/libgcc.a(divdf3.o)
                0x0000000000044d44                __divdf3
 .text          0x0000000000045590       0x80 /opt/intelFPGA/21.1/nios2eds/bin/gnu/H-x86_64-pc-linux-gnu/bin/../lib/gcc/nios2-elf/11.2.1/libgcc.a(eqdf2.o)
                0x0000000000045590                __eqdf2
                0x0000000000045590                __nedf2
 .text          0x0000000000045610       0xe8 /opt/intelFPGA/21.1/nios2eds/bin/gnu/H-x86_64-pc-linux-gnu/bin/../lib/gcc/nios2-elf/11.2.1/libgcc.a(gedf2.o)
                0x0000000000045610                __gtdf2
                0x0000000000045610                __gedf2
 .text          0x00000000000456f8       0xe8 /opt/intelFPGA/21.1/nios2eds/bin/gnu/H-x86_64-pc-linux-gnu/bin/../lib/gcc/nios2-elf/11.2.1/libgcc.a(ledf2.o)
                0x00000000000456f8                __ltdf2
                0x00000000000456f8                __ledf2
 .text          0x00000000000457e0      0x714 /opt/intelFPGA/21.1/nios2eds/bin/gnu/H-x86_64-pc-linux-gnu/bin/../lib/gcc/nios2-elf/11.2.1/libgcc.a(muldf3.o)
                0x00000000000457e0                __muldf3
 .text          0x0000000000045ef4      0x8d4 /opt/intelFPGA/21.1/nios2eds/bin/gnu/H-x86_64-pc-linux-gnu/bin/../lib/gcc/nios2-elf/11.2.1/libgcc.a(subdf3.o)
                0x0000000000045ef4                __subdf3
 .text          0x00000000000467c8       0x54 /opt/intelFPGA/21.1/nios2eds/bin/gnu/H-x86_64-pc-linux-gnu/bin/../lib/gcc/nios2-elf/11.2.1/libgcc.a(unorddf2.o)
                0x00000000000467c8                __unorddf2
 .text          0x000000000004681c       0x80 /opt/intelFPGA/21.1/nios2eds/bin/gnu/H-x86_64-pc-linux-gnu/bin/../lib/gcc/nios2-elf/11.2.1/libgcc.a(fixdfsi.o)
                0x000000000004681c                __fixdfsi
 .text          0x000000000004689c       0xb8 /opt/intelFPGA/21.1/nios2eds/bin/gnu/H-x86_64-pc-linux-gnu/bin/../lib/gcc/nios2-elf/11.2.1/libgcc.a(floatsidf.o)
                0x000000000004689c                __floatsidf
 .text          0x0000000000046954       0xfc /opt/intelFPGA/21.1/nios2eds/bin/gnu/H-x86_64-pc-linux-gnu/bin/../lib/gcc/nios2-elf/11.2.1/libgcc.a(extendsfdf2.o)
                0x0000000000046954                __extendsfdf2
 .text          0x0000000000046a50      0x178 /opt/intelFPGA/21.1/nios2eds/bin/gnu/H-x86_64-pc-linux-gnu/bin/../lib/gcc/nios2-elf/11.2.1/libgcc.a(truncdfsf2.o)
                0x0000000000046a50                __truncdfsf2
 .text          0x0000000000046bc8       0x50 /opt/intelFPGA/21.1/nios2eds/bin/gnu/H-x86_64-pc-linux-gnu/bin/../lib/gcc/nios2-elf/11.2.1/libgcc.a(_clzsi2.o)
                0x0000000000046bc8                __clzsi2
 .text          0x0000000000046c18      0x1b4 /opt/intelFPGA/21.1/nios2eds/bin/gnu/H-x86_64-pc-linux-gnu/bin/../lib/gcc/nios2-elf/11.2.1/libgcc.a(lib2-divmod.o)
                0x0000000000046c18                __divsi3
                0x0000000000046c98                __modsi3
                0x0000000000046d0c                __udivsi3
                0x0000000000046d70                __umodsi3
 .text          0x0000000000046dcc        0x0 /opt/intelFPGA/21.1/nios2eds/bin/gnu/H-x86_64-pc-linux-gnu/bin/../lib/gcc/nios2-elf/11.2.1/libgcc.a(_clz.o)
 .text          0x0000000000046dcc        0x0 /opt/intelFPGA/21.1/nios2eds/bin/gnu/H-x86_64-pc-linux-gnu/bin/../lib/gcc/nios2-elf/11.2.1/../../../../../H-x86_64-pc-linux-gnu/nios2-elf/lib/libc.a(lib_a-errno.o)
 .text.__errno  0x0000000000046dcc        0xc /opt/intelFPGA/21.1/nios2eds/bin/gnu/H-x86_64-pc-linux-gnu/bin/../lib/gcc/nios2-elf/11.2.1/../../../../../H-x86_64-pc-linux-gnu/nios2-elf/lib/libc.a(lib_a-errno.o)
                0x0000000000046dcc                __errno
 .text          0x0000000000046dd8        0x0 /opt/intelFPGA/21.1/nios2eds/bin/gnu/H-x86_64-pc-linux-gnu/bin/../lib/gcc/nios2-elf/11.2.1/../../../../../H-x86_64-pc-linux-gnu/nios2-elf/lib/libc.a(lib_a-impure.o)
 .text          0x0000000000046dd8        0x0 /opt/intelFPGA/21.1/nios2eds/bin/gnu/H-x86_64-pc-linux-gnu/bin/../lib/gcc/nios2-elf/11.2.1/../../../../../H-x86_64-pc-linux-gnu/nios2-elf/lib/libc.a(lib_a-printf.o)
 .text._printf_r
                0x0000000000046dd8       0x30 /opt/intelFPGA/21.1/nios2eds/bin/gnu/H-x86_64-pc-linux-gnu/bin/../lib/gcc/nios2-elf/11.2.1/../../../../../H-x86_64-pc-linux-gnu/nios2-elf/lib/libc.a(lib_a-printf.o)
                0x0000000000046dd8                _printf_r
 .text.printf   0x0000000000046e08       0x38 /opt/intelFPGA/21.1/nios2eds/bin/gnu/H-x86_64-pc-linux-gnu/bin/../lib/gcc/nios2-elf/11.2.1/../../../../../H-x86_64-pc-linux-gnu/nios2-elf/lib/libc.a(lib_a-printf.o)
                0x0000000000046e08                printf
 .text          0x0000000000046e40        0x0 /opt/intelFPGA/21.1/nios2eds/bin/gnu/H-x86_64-pc-linux-gnu/bin/../lib/gcc/nios2-elf/11.2.1/../../../../../H-x86_64-pc-linux-gnu/nios2-elf/lib/libc.a(lib_a-putchar.o)
 .text._putchar_r
                0x0000000000046e40        0x8 /opt/intelFPGA/21.1/nios2eds/bin/gnu/H-x86_64-pc-linux-gnu/bin/../lib/gcc/nios2-elf/11.2.1/../../../../../H-x86_64-pc-linux-gnu/nios2-elf/lib/libc.a(lib_a-putchar.o)
                0x0000000000046e40                _putchar_r
 .text.putchar  0x0000000000046e48       0x18 /opt/intelFPGA/21.1/nios2eds/bin/gnu/H-x86_64-pc-linux-gnu/bin/../lib/gcc/nios2-elf/11.2.1/../../../../../H-x86_64-pc-linux-gnu/nios2-elf/lib/libc.a(lib_a-putchar.o)
                0x0000000000046e48                putchar
 .text          0x0000000000046e60        0x0 /opt/intelFPGA/21.1/nios2eds/bin/gnu/H-x86_64-pc-linux-gnu/bin/../lib/gcc/nios2-elf/11.2.1/../../../../../H-x86_64-pc-linux-gnu/nios2-elf/lib/libc.a(lib_a-puts.o)
 .text._puts_r  0x0000000000046e60       0xcc /opt/intelFPGA/21.1/nios2eds/bin/gnu/H-x86_64-pc-linux-gnu/bin/../lib/gcc/nios2-elf/11.2.1/../../../../../H-x86_64-pc-linux-gnu/nios2-elf/lib/libc.a(lib_a-puts.o)
                0x0000000000046e60                _puts_r
 .text.puts     0x0000000000046f2c       0x10 /opt/intelFPGA/21.1/nios2eds/bin/gnu/H-x86_64-pc-linux-gnu/bin/../lib/gcc/nios2-elf/11.2.1/../../../../../H-x86_64-pc-linux-gnu/nios2-elf/lib/libc.a(lib_a-puts.o)
                0x0000000000046f2c                puts
 .text          0x0000000000046f3c        0x0 /opt/intelFPGA/21.1/nios2eds/bin/gnu/H-x86_64-pc-linux-gnu/bin/../lib/gcc/nios2-elf/11.2.1/../../../../../H-x86_64-pc-linux-gnu/nios2-elf/lib/libc.a(lib_a-strlen.o)
 .text.strlen   0x0000000000046f3c       0x98 /opt/intelFPGA/21.1/nios2eds/bin/gnu/H-x86_64-pc-linux-gnu/bin/../lib/gcc/nios2-elf/11.2.1/../../../../../H-x86_64-pc-linux-gnu/nios2-elf/lib/libc.a(lib_a-strlen.o)
                0x0000000000046f3c                strlen
 .text          0x0000000000046fd4        0x0 /opt/intelFPGA/21.1/nios2eds/bin/gnu/H-x86_64-pc-linux-gnu/bin/../lib/gcc/nios2-elf/11.2.1/../../../../../H-x86_64-pc-linux-gnu/nios2-elf/lib/libc.a(lib_a-vfprintf.o)
 .text.___vfprintf_internal_r
                0x0000000000046fd4     0x2010 /opt/intelFPGA/21.1/nios2eds/bin/gnu/H-x86_64-pc-linux-gnu/bin/../lib/gcc/nios2-elf/11.2.1/../../../../../H-x86_64-pc-linux-gnu/nios2-elf/lib/libc.a(lib_a-vfprintf.o)
                0x0000000000046fd4                ___vfprintf_internal_r
 .text.__vfprintf_internal
                0x0000000000048fe4       0x1c /opt/intelFPGA/21.1/nios2eds/bin/gnu/H-x86_64-pc-linux-gnu/bin/../lib/gcc/nios2-elf/11.2.1/../../../../../H-x86_64-pc-linux-gnu/nios2-elf/lib/libc.a(lib_a-vfprintf.o)
                0x0000000000048fe4                __vfprintf_internal
 .text.__sbprintf
                0x0000000000049000       0xc0 /opt/intelFPGA/21.1/nios2eds/bin/gnu/H-x86_64-pc-linux-gnu/bin/../lib/gcc/nios2-elf/11.2.1/../../../../../H-x86_64-pc-linux-gnu/nios2-elf/lib/libc.a(lib_a-vfprintf.o)
 .text          0x00000000000490c0        0x0 /opt/intelFPGA/21.1/nios2eds/bin/gnu/H-x86_64-pc-linux-gnu/bin/../lib/gcc/nios2-elf/11.2.1/../../../../../H-x86_64-pc-linux-gnu/nios2-elf/lib/libc.a(lib_a-wsetup.o)
 .text.__swsetup_r
                0x00000000000490c0      0x164 /opt/intelFPGA/21.1/nios2eds/bin/gnu/H-x86_64-pc-linux-gnu/bin/../lib/gcc/nios2-elf/11.2.1/../../../../../H-x86_64-pc-linux-gnu/nios2-elf/lib/libc.a(lib_a-wsetup.o)
                0x00000000000490c0                __swsetup_r
 .text          0x0000000000049224        0x0 /opt/intelFPGA/21.1/nios2eds/bin/gnu/H-x86_64-pc-linux-gnu/bin/../lib/gcc/nios2-elf/11.2.1/../../../../../H-x86_64-pc-linux-gnu/nios2-elf/lib/libc.a(lib_a-dtoa.o)
 .text.quorem   0x0000000000049224      0x1fc /opt/intelFPGA/21.1/nios2eds/bin/gnu/H-x86_64-pc-linux-gnu/bin/../lib/gcc/nios2-elf/11.2.1/../../../../../H-x86_64-pc-linux-gnu/nios2-elf/lib/libc.a(lib_a-dtoa.o)
 .text._dtoa_r  0x0000000000049420     0x175c /opt/intelFPGA/21.1/nios2eds/bin/gnu/H-x86_64-pc-linux-gnu/bin/../lib/gcc/nios2-elf/11.2.1/../../../../../H-x86_64-pc-linux-gnu/nios2-elf/lib/libc.a(lib_a-dtoa.o)
                0x0000000000049420                _dtoa_r
 .text          0x000000000004ab7c        0x0 /opt/intelFPGA/21.1/nios2eds/bin/gnu/H-x86_64-pc-linux-gnu/bin/../lib/gcc/nios2-elf/11.2.1/../../../../../H-x86_64-pc-linux-gnu/nios2-elf/lib/libc.a(lib_a-fflush.o)
 .text.__sflush_r
                0x000000000004ab7c      0x228 /opt/intelFPGA/21.1/nios2eds/bin/gnu/H-x86_64-pc-linux-gnu/bin/../lib/gcc/nios2-elf/11.2.1/../../../../../H-x86_64-pc-linux-gnu/nios2-elf/lib/libc.a(lib_a-fflush.o)
                0x000000000004ab7c                __sflush_r
 .text._fflush_r
                0x000000000004ada4       0x60 /opt/intelFPGA/21.1/nios2eds/bin/gnu/H-x86_64-pc-linux-gnu/bin/../lib/gcc/nios2-elf/11.2.1/../../../../../H-x86_64-pc-linux-gnu/nios2-elf/lib/libc.a(lib_a-fflush.o)
                0x000000000004ada4                _fflush_r
 .text.fflush   0x000000000004ae04       0x84 /opt/intelFPGA/21.1/nios2eds/bin/gnu/H-x86_64-pc-linux-gnu/bin/../lib/gcc/nios2-elf/11.2.1/../../../../../H-x86_64-pc-linux-gnu/nios2-elf/lib/libc.a(lib_a-fflush.o)
                0x000000000004ae04                fflush
 .text          0x000000000004ae88        0x0 /opt/intelFPGA/21.1/nios2eds/bin/gnu/H-x86_64-pc-linux-gnu/bin/../lib/gcc/nios2-elf/11.2.1/../../../../../H-x86_64-pc-linux-gnu/nios2-elf/lib/libc.a(lib_a-findfp.o)
 .text.__fp_lock
                0x000000000004ae88        0x8 /opt/intelFPGA/21.1/nios2eds/bin/gnu/H-x86_64-pc-linux-gnu/bin/../lib/gcc/nios2-elf/11.2.1/../../../../../H-x86_64-pc-linux-gnu/nios2-elf/lib/libc.a(lib_a-findfp.o)
 .text._cleanup_r
                0x000000000004ae90        0xc /opt/intelFPGA/21.1/nios2eds/bin/gnu/H-x86_64-pc-linux-gnu/bin/../lib/gcc/nios2-elf/11.2.1/../../../../../H-x86_64-pc-linux-gnu/nios2-elf/lib/libc.a(lib_a-findfp.o)
                0x000000000004ae90                _cleanup_r
 .text.__fp_unlock
                0x000000000004ae9c        0x8 /opt/intelFPGA/21.1/nios2eds/bin/gnu/H-x86_64-pc-linux-gnu/bin/../lib/gcc/nios2-elf/11.2.1/../../../../../H-x86_64-pc-linux-gnu/nios2-elf/lib/libc.a(lib_a-findfp.o)
 .text.__sinit.part.0
                0x000000000004aea4      0x168 /opt/intelFPGA/21.1/nios2eds/bin/gnu/H-x86_64-pc-linux-gnu/bin/../lib/gcc/nios2-elf/11.2.1/../../../../../H-x86_64-pc-linux-gnu/nios2-elf/lib/libc.a(lib_a-findfp.o)
 .text.__sfmoreglue
                0x000000000004b00c       0x68 /opt/intelFPGA/21.1/nios2eds/bin/gnu/H-x86_64-pc-linux-gnu/bin/../lib/gcc/nios2-elf/11.2.1/../../../../../H-x86_64-pc-linux-gnu/nios2-elf/lib/libc.a(lib_a-findfp.o)
                0x000000000004b00c                __sfmoreglue
 .text.__sfp    0x000000000004b074      0x13c /opt/intelFPGA/21.1/nios2eds/bin/gnu/H-x86_64-pc-linux-gnu/bin/../lib/gcc/nios2-elf/11.2.1/../../../../../H-x86_64-pc-linux-gnu/nios2-elf/lib/libc.a(lib_a-findfp.o)
                0x000000000004b074                __sfp
 .text._cleanup
                0x000000000004b1b0       0x14 /opt/intelFPGA/21.1/nios2eds/bin/gnu/H-x86_64-pc-linux-gnu/bin/../lib/gcc/nios2-elf/11.2.1/../../../../../H-x86_64-pc-linux-gnu/nios2-elf/lib/libc.a(lib_a-findfp.o)
                0x000000000004b1b0                _cleanup
 .text.__sinit  0x000000000004b1c4       0x10 /opt/intelFPGA/21.1/nios2eds/bin/gnu/H-x86_64-pc-linux-gnu/bin/../lib/gcc/nios2-elf/11.2.1/../../../../../H-x86_64-pc-linux-gnu/nios2-elf/lib/libc.a(lib_a-findfp.o)
                0x000000000004b1c4                __sinit
 .text.__sfp_lock_acquire
                0x000000000004b1d4        0x4 /opt/intelFPGA/21.1/nios2eds/bin/gnu/H-x86_64-pc-linux-gnu/bin/../lib/gcc/nios2-elf/11.2.1/../../../../../H-x86_64-pc-linux-gnu/nios2-elf/lib/libc.a(lib_a-findfp.o)
                0x000000000004b1d4                __sfp_lock_acquire
 .text.__sfp_lock_release
                0x000000000004b1d8        0x4 /opt/intelFPGA/21.1/nios2eds/bin/gnu/H-x86_64-pc-linux-gnu/bin/../lib/gcc/nios2-elf/11.2.1/../../../../../H-x86_64-pc-linux-gnu/nios2-elf/lib/libc.a(lib_a-findfp.o)
                0x000000000004b1d8                __sfp_lock_release
 .text.__sinit_lock_acquire
                0x000000000004b1dc        0x4 /opt/intelFPGA/21.1/nios2eds/bin/gnu/H-x86_64-pc-linux-gnu/bin/../lib/gcc/nios2-elf/11.2.1/../../../../../H-x86_64-pc-linux-gnu/nios2-elf/lib/libc.a(lib_a-findfp.o)
                0x000000000004b1dc                __sinit_lock_acquire
 .text.__sinit_lock_release
                0x000000000004b1e0        0x4 /opt/intelFPGA/21.1/nios2eds/bin/gnu/H-x86_64-pc-linux-gnu/bin/../lib/gcc/nios2-elf/11.2.1/../../../../../H-x86_64-pc-linux-gnu/nios2-elf/lib/libc.a(lib_a-findfp.o)
                0x000000000004b1e0                __sinit_lock_release
 .text.__fp_lock_all
                0x000000000004b1e4       0x14 /opt/intelFPGA/21.1/nios2eds/bin/gnu/H-x86_64-pc-linux-gnu/bin/../lib/gcc/nios2-elf/11.2.1/../../../../../H-x86_64-pc-linux-gnu/nios2-elf/lib/libc.a(lib_a-findfp.o)
                0x000000000004b1e4                __fp_lock_all
 .text.__fp_unlock_all
                0x000000000004b1f8       0x14 /opt/intelFPGA/21.1/nios2eds/bin/gnu/H-x86_64-pc-linux-gnu/bin/../lib/gcc/nios2-elf/11.2.1/../../../../../H-x86_64-pc-linux-gnu/nios2-elf/lib/libc.a(lib_a-findfp.o)
                0x000000000004b1f8                __fp_unlock_all
 .text          0x000000000004b20c        0x0 /opt/intelFPGA/21.1/nios2eds/bin/gnu/H-x86_64-pc-linux-gnu/bin/../lib/gcc/nios2-elf/11.2.1/../../../../../H-x86_64-pc-linux-gnu/nios2-elf/lib/libc.a(lib_a-freer.o)
 .text._malloc_trim_r
                0x000000000004b20c      0x11c /opt/intelFPGA/21.1/nios2eds/bin/gnu/H-x86_64-pc-linux-gnu/bin/../lib/gcc/nios2-elf/11.2.1/../../../../../H-x86_64-pc-linux-gnu/nios2-elf/lib/libc.a(lib_a-freer.o)
                0x000000000004b20c                _malloc_trim_r
 .text._free_r  0x000000000004b328      0x2fc /opt/intelFPGA/21.1/nios2eds/bin/gnu/H-x86_64-pc-linux-gnu/bin/../lib/gcc/nios2-elf/11.2.1/../../../../../H-x86_64-pc-linux-gnu/nios2-elf/lib/libc.a(lib_a-freer.o)
                0x000000000004b328                _free_r
 .text          0x000000000004b624        0x0 /opt/intelFPGA/21.1/nios2eds/bin/gnu/H-x86_64-pc-linux-gnu/bin/../lib/gcc/nios2-elf/11.2.1/../../../../../H-x86_64-pc-linux-gnu/nios2-elf/lib/libc.a(lib_a-fvwrite.o)
 .text.__sfvwrite_r
                0x000000000004b624      0x4bc /opt/intelFPGA/21.1/nios2eds/bin/gnu/H-x86_64-pc-linux-gnu/bin/../lib/gcc/nios2-elf/11.2.1/../../../../../H-x86_64-pc-linux-gnu/nios2-elf/lib/libc.a(lib_a-fvwrite.o)
                0x000000000004b624                __sfvwrite_r
 .text          0x000000000004bae0        0x0 /opt/intelFPGA/21.1/nios2eds/bin/gnu/H-x86_64-pc-linux-gnu/bin/../lib/gcc/nios2-elf/11.2.1/../../../../../H-x86_64-pc-linux-gnu/nios2-elf/lib/libc.a(lib_a-fwalk.o)
 .text._fwalk   0x000000000004bae0       0x98 /opt/intelFPGA/21.1/nios2eds/bin/gnu/H-x86_64-pc-linux-gnu/bin/../lib/gcc/nios2-elf/11.2.1/../../../../../H-x86_64-pc-linux-gnu/nios2-elf/lib/libc.a(lib_a-fwalk.o)
                0x000000000004bae0                _fwalk
 .text._fwalk_reent
                0x000000000004bb78       0xa8 /opt/intelFPGA/21.1/nios2eds/bin/gnu/H-x86_64-pc-linux-gnu/bin/../lib/gcc/nios2-elf/11.2.1/../../../../../H-x86_64-pc-linux-gnu/nios2-elf/lib/libc.a(lib_a-fwalk.o)
                0x000000000004bb78                _fwalk_reent
 .text          0x000000000004bc20        0x0 /opt/intelFPGA/21.1/nios2eds/bin/gnu/H-x86_64-pc-linux-gnu/bin/../lib/gcc/nios2-elf/11.2.1/../../../../../H-x86_64-pc-linux-gnu/nios2-elf/lib/libc.a(lib_a-localeconv.o)
 .text.__localeconv_l
                0x000000000004bc20        0x8 /opt/intelFPGA/21.1/nios2eds/bin/gnu/H-x86_64-pc-linux-gnu/bin/../lib/gcc/nios2-elf/11.2.1/../../../../../H-x86_64-pc-linux-gnu/nios2-elf/lib/libc.a(lib_a-localeconv.o)
                0x000000000004bc20                __localeconv_l
 .text._localeconv_r
                0x000000000004bc28        0xc /opt/intelFPGA/21.1/nios2eds/bin/gnu/H-x86_64-pc-linux-gnu/bin/../lib/gcc/nios2-elf/11.2.1/../../../../../H-x86_64-pc-linux-gnu/nios2-elf/lib/libc.a(lib_a-localeconv.o)
                0x000000000004bc28                _localeconv_r
 .text.localeconv
                0x000000000004bc34        0xc /opt/intelFPGA/21.1/nios2eds/bin/gnu/H-x86_64-pc-linux-gnu/bin/../lib/gcc/nios2-elf/11.2.1/../../../../../H-x86_64-pc-linux-gnu/nios2-elf/lib/libc.a(lib_a-localeconv.o)
                0x000000000004bc34                localeconv
 .text          0x000000000004bc40        0x0 /opt/intelFPGA/21.1/nios2eds/bin/gnu/H-x86_64-pc-linux-gnu/bin/../lib/gcc/nios2-elf/11.2.1/../../../../../H-x86_64-pc-linux-gnu/nios2-elf/lib/libc.a(lib_a-makebuf.o)
 .text.__smakebuf_r
                0x000000000004bc40      0x1b0 /opt/intelFPGA/21.1/nios2eds/bin/gnu/H-x86_64-pc-linux-gnu/bin/../lib/gcc/nios2-elf/11.2.1/../../../../../H-x86_64-pc-linux-gnu/nios2-elf/lib/libc.a(lib_a-makebuf.o)
                0x000000000004bc40                __smakebuf_r
 .text.__swhatbuf_r
                0x000000000004bdf0       0x90 /opt/intelFPGA/21.1/nios2eds/bin/gnu/H-x86_64-pc-linux-gnu/bin/../lib/gcc/nios2-elf/11.2.1/../../../../../H-x86_64-pc-linux-gnu/nios2-elf/lib/libc.a(lib_a-makebuf.o)
                0x000000000004bdf0                __swhatbuf_r
 .text          0x000000000004be80        0x0 /opt/intelFPGA/21.1/nios2eds/bin/gnu/H-x86_64-pc-linux-gnu/bin/../lib/gcc/nios2-elf/11.2.1/../../../../../H-x86_64-pc-linux-gnu/nios2-elf/lib/libc.a(lib_a-mallocr.o)
 .text._malloc_r
                0x000000000004be80      0x7e4 /opt/intelFPGA/21.1/nios2eds/bin/gnu/H-x86_64-pc-linux-gnu/bin/../lib/gcc/nios2-elf/11.2.1/../../../../../H-x86_64-pc-linux-gnu/nios2-elf/lib/libc.a(lib_a-mallocr.o)
                0x000000000004be80                _malloc_r
 .text          0x000000000004c664        0x0 /opt/intelFPGA/21.1/nios2eds/bin/gnu/H-x86_64-pc-linux-gnu/bin/../lib/gcc/nios2-elf/11.2.1/../../../../../H-x86_64-pc-linux-gnu/nios2-elf/lib/libc.a(lib_a-memchr.o)
 .text.memchr   0x000000000004c664       0xcc /opt/intelFPGA/21.1/nios2eds/bin/gnu/H-x86_64-pc-linux-gnu/bin/../lib/gcc/nios2-elf/11.2.1/../../../../../H-x86_64-pc-linux-gnu/nios2-elf/lib/libc.a(lib_a-memchr.o)
                0x000000000004c664                memchr
 .text          0x000000000004c730        0x0 /opt/intelFPGA/21.1/nios2eds/bin/gnu/H-x86_64-pc-linux-gnu/bin/../lib/gcc/nios2-elf/11.2.1/../../../../../H-x86_64-pc-linux-gnu/nios2-elf/lib/libc.a(lib_a-memcpy.o)
 .text.memcpy   0x000000000004c730      0x100 /opt/intelFPGA/21.1/nios2eds/bin/gnu/H-x86_64-pc-linux-gnu/bin/../lib/gcc/nios2-elf/11.2.1/../../../../../H-x86_64-pc-linux-gnu/nios2-elf/lib/libc.a(lib_a-memcpy.o)
                0x000000000004c730                memcpy
 .text          0x000000000004c830        0x0 /opt/intelFPGA/21.1/nios2eds/bin/gnu/H-x86_64-pc-linux-gnu/bin/../lib/gcc/nios2-elf/11.2.1/../../../../../H-x86_64-pc-linux-gnu/nios2-elf/lib/libc.a(lib_a-memmove.o)
 .text.memmove  0x000000000004c830      0x12c /opt/intelFPGA/21.1/nios2eds/bin/gnu/H-x86_64-pc-linux-gnu/bin/../lib/gcc/nios2-elf/11.2.1/../../../../../H-x86_64-pc-linux-gnu/nios2-elf/lib/libc.a(lib_a-memmove.o)
                0x000000000004c830                memmove
 .text          0x000000000004c95c        0x0 /opt/intelFPGA/21.1/nios2eds/bin/gnu/H-x86_64-pc-linux-gnu/bin/../lib/gcc/nios2-elf/11.2.1/../../../../../H-x86_64-pc-linux-gnu/nios2-elf/lib/libc.a(lib_a-memset.o)
 .text.memset   0x000000000004c95c       0xf4 /opt/intelFPGA/21.1/nios2eds/bin/gnu/H-x86_64-pc-linux-gnu/bin/../lib/gcc/nios2-elf/11.2.1/../../../../../H-x86_64-pc-linux-gnu/nios2-elf/lib/libc.a(lib_a-memset.o)
                0x000000000004c95c                memset
 .text          0x000000000004ca50        0x0 /opt/intelFPGA/21.1/nios2eds/bin/gnu/H-x86_64-pc-linux-gnu/bin/../lib/gcc/nios2-elf/11.2.1/../../../../../H-x86_64-pc-linux-gnu/nios2-elf/lib/libc.a(lib_a-mprec.o)
 .text._Balloc  0x000000000004ca50       0xa4 /opt/intelFPGA/21.1/nios2eds/bin/gnu/H-x86_64-pc-linux-gnu/bin/../lib/gcc/nios2-elf/11.2.1/../../../../../H-x86_64-pc-linux-gnu/nios2-elf/lib/libc.a(lib_a-mprec.o)
                0x000000000004ca50                _Balloc
 .text._Bfree   0x000000000004caf4       0x24 /opt/intelFPGA/21.1/nios2eds/bin/gnu/H-x86_64-pc-linux-gnu/bin/../lib/gcc/nios2-elf/11.2.1/../../../../../H-x86_64-pc-linux-gnu/nios2-elf/lib/libc.a(lib_a-mprec.o)
                0x000000000004caf4                _Bfree
 .text.__multadd
                0x000000000004cb18      0x138 /opt/intelFPGA/21.1/nios2eds/bin/gnu/H-x86_64-pc-linux-gnu/bin/../lib/gcc/nios2-elf/11.2.1/../../../../../H-x86_64-pc-linux-gnu/nios2-elf/lib/libc.a(lib_a-mprec.o)
                0x000000000004cb18                __multadd
 .text.__s2b    0x000000000004cc50      0x138 /opt/intelFPGA/21.1/nios2eds/bin/gnu/H-x86_64-pc-linux-gnu/bin/../lib/gcc/nios2-elf/11.2.1/../../../../../H-x86_64-pc-linux-gnu/nios2-elf/lib/libc.a(lib_a-mprec.o)
                0x000000000004cc50                __s2b
 .text.__hi0bits
                0x000000000004cd88       0x64 /opt/intelFPGA/21.1/nios2eds/bin/gnu/H-x86_64-pc-linux-gnu/bin/../lib/gcc/nios2-elf/11.2.1/../../../../../H-x86_64-pc-linux-gnu/nios2-elf/lib/libc.a(lib_a-mprec.o)
                0x000000000004cd88                __hi0bits
 .text.__lo0bits
                0x000000000004cdec       0xb0 /opt/intelFPGA/21.1/nios2eds/bin/gnu/H-x86_64-pc-linux-gnu/bin/../lib/gcc/nios2-elf/11.2.1/../../../../../H-x86_64-pc-linux-gnu/nios2-elf/lib/libc.a(lib_a-mprec.o)
                0x000000000004cdec                __lo0bits
 .text.__i2b    0x000000000004ce9c       0xb0 /opt/intelFPGA/21.1/nios2eds/bin/gnu/H-x86_64-pc-linux-gnu/bin/../lib/gcc/nios2-elf/11.2.1/../../../../../H-x86_64-pc-linux-gnu/nios2-elf/lib/libc.a(lib_a-mprec.o)
                0x000000000004ce9c                __i2b
 .text.__multiply
                0x000000000004cf4c      0x254 /opt/intelFPGA/21.1/nios2eds/bin/gnu/H-x86_64-pc-linux-gnu/bin/../lib/gcc/nios2-elf/11.2.1/../../../../../H-x86_64-pc-linux-gnu/nios2-elf/lib/libc.a(lib_a-mprec.o)
                0x000000000004cf4c                __multiply
 .text.__pow5mult
                0x000000000004d1a0      0x148 /opt/intelFPGA/21.1/nios2eds/bin/gnu/H-x86_64-pc-linux-gnu/bin/../lib/gcc/nios2-elf/11.2.1/../../../../../H-x86_64-pc-linux-gnu/nios2-elf/lib/libc.a(lib_a-mprec.o)
                0x000000000004d1a0                __pow5mult
 .text.__lshift
                0x000000000004d2e8      0x188 /opt/intelFPGA/21.1/nios2eds/bin/gnu/H-x86_64-pc-linux-gnu/bin/../lib/gcc/nios2-elf/11.2.1/../../../../../H-x86_64-pc-linux-gnu/nios2-elf/lib/libc.a(lib_a-mprec.o)
                0x000000000004d2e8                __lshift
 .text.__mcmp   0x000000000004d470       0x58 /opt/intelFPGA/21.1/nios2eds/bin/gnu/H-x86_64-pc-linux-gnu/bin/../lib/gcc/nios2-elf/11.2.1/../../../../../H-x86_64-pc-linux-gnu/nios2-elf/lib/libc.a(lib_a-mprec.o)
                0x000000000004d470                __mcmp
 .text.__mdiff  0x000000000004d4c8      0x22c /opt/intelFPGA/21.1/nios2eds/bin/gnu/H-x86_64-pc-linux-gnu/bin/../lib/gcc/nios2-elf/11.2.1/../../../../../H-x86_64-pc-linux-gnu/nios2-elf/lib/libc.a(lib_a-mprec.o)
                0x000000000004d4c8                __mdiff
 .text.__ulp    0x000000000004d6f4       0x60 /opt/intelFPGA/21.1/nios2eds/bin/gnu/H-x86_64-pc-linux-gnu/bin/../lib/gcc/nios2-elf/11.2.1/../../../../../H-x86_64-pc-linux-gnu/nios2-elf/lib/libc.a(lib_a-mprec.o)
                0x000000000004d6f4                __ulp
 .text.__b2d    0x000000000004d754       0xf8 /opt/intelFPGA/21.1/nios2eds/bin/gnu/H-x86_64-pc-linux-gnu/bin/../lib/gcc/nios2-elf/11.2.1/../../../../../H-x86_64-pc-linux-gnu/nios2-elf/lib/libc.a(lib_a-mprec.o)
                0x000000000004d754                __b2d
 .text.__d2b    0x000000000004d84c      0x158 /opt/intelFPGA/21.1/nios2eds/bin/gnu/H-x86_64-pc-linux-gnu/bin/../lib/gcc/nios2-elf/11.2.1/../../../../../H-x86_64-pc-linux-gnu/nios2-elf/lib/libc.a(lib_a-mprec.o)
                0x000000000004d84c                __d2b
 .text.__ratio  0x000000000004d9a4       0xa8 /opt/intelFPGA/21.1/nios2eds/bin/gnu/H-x86_64-pc-linux-gnu/bin/../lib/gcc/nios2-elf/11.2.1/../../../../../H-x86_64-pc-linux-gnu/nios2-elf/lib/libc.a(lib_a-mprec.o)
                0x000000000004d9a4                __ratio
 .text._mprec_log10
                0x000000000004da4c       0x70 /opt/intelFPGA/21.1/nios2eds/bin/gnu/H-x86_64-pc-linux-gnu/bin/../lib/gcc/nios2-elf/11.2.1/../../../../../H-x86_64-pc-linux-gnu/nios2-elf/lib/libc.a(lib_a-mprec.o)
                0x000000000004da4c                _mprec_log10
 .text.__copybits
                0x000000000004dabc       0x7c /opt/intelFPGA/21.1/nios2eds/bin/gnu/H-x86_64-pc-linux-gnu/bin/../lib/gcc/nios2-elf/11.2.1/../../../../../H-x86_64-pc-linux-gnu/nios2-elf/lib/libc.a(lib_a-mprec.o)
                0x000000000004dabc                __copybits
 .text.__any_on
                0x000000000004db38       0x60 /opt/intelFPGA/21.1/nios2eds/bin/gnu/H-x86_64-pc-linux-gnu/bin/../lib/gcc/nios2-elf/11.2.1/../../../../../H-x86_64-pc-linux-gnu/nios2-elf/lib/libc.a(lib_a-mprec.o)
                0x000000000004db38                __any_on
 .text          0x000000000004db98        0x0 /opt/intelFPGA/21.1/nios2eds/bin/gnu/H-x86_64-pc-linux-gnu/bin/../lib/gcc/nios2-elf/11.2.1/../../../../../H-x86_64-pc-linux-gnu/nios2-elf/lib/libc.a(lib_a-putc.o)
 .text._putc_r  0x000000000004db98       0xcc /opt/intelFPGA/21.1/nios2eds/bin/gnu/H-x86_64-pc-linux-gnu/bin/../lib/gcc/nios2-elf/11.2.1/../../../../../H-x86_64-pc-linux-gnu/nios2-elf/lib/libc.a(lib_a-putc.o)
                0x000000000004db98                _putc_r
 .text.putc     0x000000000004dc64       0xe0 /opt/intelFPGA/21.1/nios2eds/bin/gnu/H-x86_64-pc-linux-gnu/bin/../lib/gcc/nios2-elf/11.2.1/../../../../../H-x86_64-pc-linux-gnu/nios2-elf/lib/libc.a(lib_a-putc.o)
                0x000000000004dc64                putc
 .text          0x000000000004dd44        0x0 /opt/intelFPGA/21.1/nios2eds/bin/gnu/H-x86_64-pc-linux-gnu/bin/../lib/gcc/nios2-elf/11.2.1/../../../../../H-x86_64-pc-linux-gnu/nios2-elf/lib/libc.a(lib_a-reallocr.o)
 .text._realloc_r
                0x000000000004dd44      0x570 /opt/intelFPGA/21.1/nios2eds/bin/gnu/H-x86_64-pc-linux-gnu/bin/../lib/gcc/nios2-elf/11.2.1/../../../../../H-x86_64-pc-linux-gnu/nios2-elf/lib/libc.a(lib_a-reallocr.o)
                0x000000000004dd44                _realloc_r
 .text          0x000000000004e2b4        0x0 /opt/intelFPGA/21.1/nios2eds/bin/gnu/H-x86_64-pc-linux-gnu/bin/../lib/gcc/nios2-elf/11.2.1/../../../../../H-x86_64-pc-linux-gnu/nios2-elf/lib/libc.a(lib_a-sbrkr.o)
 .text._sbrk_r  0x000000000004e2b4       0x58 /opt/intelFPGA/21.1/nios2eds/bin/gnu/H-x86_64-pc-linux-gnu/bin/../lib/gcc/nios2-elf/11.2.1/../../../../../H-x86_64-pc-linux-gnu/nios2-elf/lib/libc.a(lib_a-sbrkr.o)
                0x000000000004e2b4                _sbrk_r
 .text          0x000000000004e30c        0x0 /opt/intelFPGA/21.1/nios2eds/bin/gnu/H-x86_64-pc-linux-gnu/bin/../lib/gcc/nios2-elf/11.2.1/../../../../../H-x86_64-pc-linux-gnu/nios2-elf/lib/libc.a(lib_a-stdio.o)
 .text.__sread  0x000000000004e30c       0x54 /opt/intelFPGA/21.1/nios2eds/bin/gnu/H-x86_64-pc-linux-gnu/bin/../lib/gcc/nios2-elf/11.2.1/../../../../../H-x86_64-pc-linux-gnu/nios2-elf/lib/libc.a(lib_a-stdio.o)
                0x000000000004e30c                __sread
 .text.__seofread
                0x000000000004e360        0x8 /opt/intelFPGA/21.1/nios2eds/bin/gnu/H-x86_64-pc-linux-gnu/bin/../lib/gcc/nios2-elf/11.2.1/../../../../../H-x86_64-pc-linux-gnu/nios2-elf/lib/libc.a(lib_a-stdio.o)
                0x000000000004e360                __seofread
 .text.__swrite
                0x000000000004e368       0x80 /opt/intelFPGA/21.1/nios2eds/bin/gnu/H-x86_64-pc-linux-gnu/bin/../lib/gcc/nios2-elf/11.2.1/../../../../../H-x86_64-pc-linux-gnu/nios2-elf/lib/libc.a(lib_a-stdio.o)
                0x000000000004e368                __swrite
 .text.__sseek  0x000000000004e3e8       0x5c /opt/intelFPGA/21.1/nios2eds/bin/gnu/H-x86_64-pc-linux-gnu/bin/../lib/gcc/nios2-elf/11.2.1/../../../../../H-x86_64-pc-linux-gnu/nios2-elf/lib/libc.a(lib_a-stdio.o)
                0x000000000004e3e8                __sseek
 .text.__sclose
                0x000000000004e444        0x8 /opt/intelFPGA/21.1/nios2eds/bin/gnu/H-x86_64-pc-linux-gnu/bin/../lib/gcc/nios2-elf/11.2.1/../../../../../H-x86_64-pc-linux-gnu/nios2-elf/lib/libc.a(lib_a-stdio.o)
                0x000000000004e444                __sclose
 .text          0x000000000004e44c        0x0 /opt/intelFPGA/21.1/nios2eds/bin/gnu/H-x86_64-pc-linux-gnu/bin/../lib/gcc/nios2-elf/11.2.1/../../../../../H-x86_64-pc-linux-gnu/nios2-elf/lib/libc.a(lib_a-vfiprintf.o)
 .text.__sprint_r.part.0
                0x000000000004e44c       0xf4 /opt/intelFPGA/21.1/nios2eds/bin/gnu/H-x86_64-pc-linux-gnu/bin/../lib/gcc/nios2-elf/11.2.1/../../../../../H-x86_64-pc-linux-gnu/nios2-elf/lib/libc.a(lib_a-vfiprintf.o)
 .text.__sprint_r
                0x000000000004e540       0x18 /opt/intelFPGA/21.1/nios2eds/bin/gnu/H-x86_64-pc-linux-gnu/bin/../lib/gcc/nios2-elf/11.2.1/../../../../../H-x86_64-pc-linux-gnu/nios2-elf/lib/libc.a(lib_a-vfiprintf.o)
                0x000000000004e540                __sprint_r
 .text.___vfiprintf_internal_r
                0x000000000004e558     0x124c /opt/intelFPGA/21.1/nios2eds/bin/gnu/H-x86_64-pc-linux-gnu/bin/../lib/gcc/nios2-elf/11.2.1/../../../../../H-x86_64-pc-linux-gnu/nios2-elf/lib/libc.a(lib_a-vfiprintf.o)
                0x000000000004e558                ___vfiprintf_internal_r
 .text.__vfiprintf_internal
                0x000000000004f7a4       0x1c /opt/intelFPGA/21.1/nios2eds/bin/gnu/H-x86_64-pc-linux-gnu/bin/../lib/gcc/nios2-elf/11.2.1/../../../../../H-x86_64-pc-linux-gnu/nios2-elf/lib/libc.a(lib_a-vfiprintf.o)
                0x000000000004f7a4                __vfiprintf_internal
 .text.__sbprintf
                0x000000000004f7c0       0xc0 /opt/intelFPGA/21.1/nios2eds/bin/gnu/H-x86_64-pc-linux-gnu/bin/../lib/gcc/nios2-elf/11.2.1/../../../../../H-x86_64-pc-linux-gnu/nios2-elf/lib/libc.a(lib_a-vfiprintf.o)
 .text          0x000000000004f880        0x0 /opt/intelFPGA/21.1/nios2eds/bin/gnu/H-x86_64-pc-linux-gnu/bin/../lib/gcc/nios2-elf/11.2.1/../../../../../H-x86_64-pc-linux-gnu/nios2-elf/lib/libc.a(lib_a-wbuf.o)
 .text.__swbuf_r
                0x000000000004f880      0x148 /opt/intelFPGA/21.1/nios2eds/bin/gnu/H-x86_64-pc-linux-gnu/bin/../lib/gcc/nios2-elf/11.2.1/../../../../../H-x86_64-pc-linux-gnu/nios2-elf/lib/libc.a(lib_a-wbuf.o)
                0x000000000004f880                __swbuf_r
 .text.__swbuf  0x000000000004f9c8       0x18 /opt/intelFPGA/21.1/nios2eds/bin/gnu/H-x86_64-pc-linux-gnu/bin/../lib/gcc/nios2-elf/11.2.1/../../../../../H-x86_64-pc-linux-gnu/nios2-elf/lib/libc.a(lib_a-wbuf.o)
                0x000000000004f9c8                __swbuf
 .text          0x000000000004f9e0        0x0 /opt/intelFPGA/21.1/nios2eds/bin/gnu/H-x86_64-pc-linux-gnu/bin/../lib/gcc/nios2-elf/11.2.1/../../../../../H-x86_64-pc-linux-gnu/nios2-elf/lib/libc.a(lib_a-writer.o)
 .text._write_r
                0x000000000004f9e0       0x64 /opt/intelFPGA/21.1/nios2eds/bin/gnu/H-x86_64-pc-linux-gnu/bin/../lib/gcc/nios2-elf/11.2.1/../../../../../H-x86_64-pc-linux-gnu/nios2-elf/lib/libc.a(lib_a-writer.o)
                0x000000000004f9e0                _write_r
 .text          0x000000000004fa44        0x0 /opt/intelFPGA/21.1/nios2eds/bin/gnu/H-x86_64-pc-linux-gnu/bin/../lib/gcc/nios2-elf/11.2.1/../../../../../H-x86_64-pc-linux-gnu/nios2-elf/lib/libc.a(closer.o)
 .text._close_r
                0x000000000004fa44       0x58 /opt/intelFPGA/21.1/nios2eds/bin/gnu/H-x86_64-pc-linux-gnu/bin/../lib/gcc/nios2-elf/11.2.1/../../../../../H-x86_64-pc-linux-gnu/nios2-elf/lib/libc.a(closer.o)
                0x000000000004fa44                _close_r
 .text          0x000000000004fa9c        0x0 /opt/intelFPGA/21.1/nios2eds/bin/gnu/H-x86_64-pc-linux-gnu/bin/../lib/gcc/nios2-elf/11.2.1/../../../../../H-x86_64-pc-linux-gnu/nios2-elf/lib/libc.a(lib_a-assert.o)
 .text.__assert_func
                0x000000000004fa9c       0x64 /opt/intelFPGA/21.1/nios2eds/bin/gnu/H-x86_64-pc-linux-gnu/bin/../lib/gcc/nios2-elf/11.2.1/../../../../../H-x86_64-pc-linux-gnu/nios2-elf/lib/libc.a(lib_a-assert.o)
                0x000000000004fa9c                __assert_func
 .text.__assert
                0x000000000004fb00       0x14 /opt/intelFPGA/21.1/nios2eds/bin/gnu/H-x86_64-pc-linux-gnu/bin/../lib/gcc/nios2-elf/11.2.1/../../../../../H-x86_64-pc-linux-gnu/nios2-elf/lib/libc.a(lib_a-assert.o)
                0x000000000004fb00                __assert
 .text          0x000000000004fb14        0x0 /opt/intelFPGA/21.1/nios2eds/bin/gnu/H-x86_64-pc-linux-gnu/bin/../lib/gcc/nios2-elf/11.2.1/../../../../../H-x86_64-pc-linux-gnu/nios2-elf/lib/libc.a(lib_a-callocr.o)
 .text._calloc_r
                0x000000000004fb14      0x12c /opt/intelFPGA/21.1/nios2eds/bin/gnu/H-x86_64-pc-linux-gnu/bin/../lib/gcc/nios2-elf/11.2.1/../../../../../H-x86_64-pc-linux-gnu/nios2-elf/lib/libc.a(lib_a-callocr.o)
                0x000000000004fb14                _calloc_r
 .text          0x000000000004fc40        0x0 /opt/intelFPGA/21.1/nios2eds/bin/gnu/H-x86_64-pc-linux-gnu/bin/../lib/gcc/nios2-elf/11.2.1/../../../../../H-x86_64-pc-linux-gnu/nios2-elf/lib/libc.a(lib_a-fclose.o)
 .text._fclose_r
                0x000000000004fc40       0xf8 /opt/intelFPGA/21.1/nios2eds/bin/gnu/H-x86_64-pc-linux-gnu/bin/../lib/gcc/nios2-elf/11.2.1/../../../../../H-x86_64-pc-linux-gnu/nios2-elf/lib/libc.a(lib_a-fclose.o)
                0x000000000004fc40                _fclose_r
 .text.fclose   0x000000000004fd38       0x10 /opt/intelFPGA/21.1/nios2eds/bin/gnu/H-x86_64-pc-linux-gnu/bin/../lib/gcc/nios2-elf/11.2.1/../../../../../H-x86_64-pc-linux-gnu/nios2-elf/lib/libc.a(lib_a-fclose.o)
                0x000000000004fd38                fclose
 .text          0x000000000004fd48        0x0 /opt/intelFPGA/21.1/nios2eds/bin/gnu/H-x86_64-pc-linux-gnu/bin/../lib/gcc/nios2-elf/11.2.1/../../../../../H-x86_64-pc-linux-gnu/nios2-elf/lib/libc.a(lib_a-fiprintf.o)
 .text._fiprintf_r
                0x000000000004fd48       0x20 /opt/intelFPGA/21.1/nios2eds/bin/gnu/H-x86_64-pc-linux-gnu/bin/../lib/gcc/nios2-elf/11.2.1/../../../../../H-x86_64-pc-linux-gnu/nios2-elf/lib/libc.a(lib_a-fiprintf.o)
                0x000000000004fd48                _fiprintf_r
 .text.fiprintf
                0x000000000004fd68       0x38 /opt/intelFPGA/21.1/nios2eds/bin/gnu/H-x86_64-pc-linux-gnu/bin/../lib/gcc/nios2-elf/11.2.1/../../../../../H-x86_64-pc-linux-gnu/nios2-elf/lib/libc.a(lib_a-fiprintf.o)
                0x000000000004fd68                fiprintf
 .text          0x000000000004fda0        0x0 /opt/intelFPGA/21.1/nios2eds/bin/gnu/H-x86_64-pc-linux-gnu/bin/../lib/gcc/nios2-elf/11.2.1/../../../../../H-x86_64-pc-linux-gnu/nios2-elf/lib/libc.a(lib_a-fputwc.o)
 .text.__fputwc
                0x000000000004fda0      0x164 /opt/intelFPGA/21.1/nios2eds/bin/gnu/H-x86_64-pc-linux-gnu/bin/../lib/gcc/nios2-elf/11.2.1/../../../../../H-x86_64-pc-linux-gnu/nios2-elf/lib/libc.a(lib_a-fputwc.o)
                0x000000000004fda0                __fputwc
 .text._fputwc_r
                0x000000000004ff04       0x24 /opt/intelFPGA/21.1/nios2eds/bin/gnu/H-x86_64-pc-linux-gnu/bin/../lib/gcc/nios2-elf/11.2.1/../../../../../H-x86_64-pc-linux-gnu/nios2-elf/lib/libc.a(lib_a-fputwc.o)
                0x000000000004ff04                _fputwc_r
 .text.fputwc   0x000000000004ff28       0x78 /opt/intelFPGA/21.1/nios2eds/bin/gnu/H-x86_64-pc-linux-gnu/bin/../lib/gcc/nios2-elf/11.2.1/../../../../../H-x86_64-pc-linux-gnu/nios2-elf/lib/libc.a(lib_a-fputwc.o)
                0x000000000004ff28                fputwc
 .text          0x000000000004ffa0        0x0 /opt/intelFPGA/21.1/nios2eds/bin/gnu/H-x86_64-pc-linux-gnu/bin/../lib/gcc/nios2-elf/11.2.1/../../../../../H-x86_64-pc-linux-gnu/nios2-elf/lib/libc.a(lib_a-fstatr.o)
 .text._fstat_r
                0x000000000004ffa0       0x60 /opt/intelFPGA/21.1/nios2eds/bin/gnu/H-x86_64-pc-linux-gnu/bin/../lib/gcc/nios2-elf/11.2.1/../../../../../H-x86_64-pc-linux-gnu/nios2-elf/lib/libc.a(lib_a-fstatr.o)
                0x000000000004ffa0                _fstat_r
 .text          0x0000000000050000        0x0 /opt/intelFPGA/21.1/nios2eds/bin/gnu/H-x86_64-pc-linux-gnu/bin/../lib/gcc/nios2-elf/11.2.1/../../../../../H-x86_64-pc-linux-gnu/nios2-elf/lib/libc.a(lib_a-int_errno.o)
 .text          0x0000000000050000        0x0 /opt/intelFPGA/21.1/nios2eds/bin/gnu/H-x86_64-pc-linux-gnu/bin/../lib/gcc/nios2-elf/11.2.1/../../../../../H-x86_64-pc-linux-gnu/nios2-elf/lib/libc.a(lib_a-isattyr.o)
 .text._isatty_r
                0x0000000000050000       0x58 /opt/intelFPGA/21.1/nios2eds/bin/gnu/H-x86_64-pc-linux-gnu/bin/../lib/gcc/nios2-elf/11.2.1/../../../../../H-x86_64-pc-linux-gnu/nios2-elf/lib/libc.a(lib_a-isattyr.o)
                0x0000000000050000                _isatty_r
 .text          0x0000000000050058        0x0 /opt/intelFPGA/21.1/nios2eds/bin/gnu/H-x86_64-pc-linux-gnu/bin/../lib/gcc/nios2-elf/11.2.1/../../../../../H-x86_64-pc-linux-gnu/nios2-elf/lib/libc.a(lib_a-locale.o)
 .text._setlocale_r
                0x0000000000050058       0x74 /opt/intelFPGA/21.1/nios2eds/bin/gnu/H-x86_64-pc-linux-gnu/bin/../lib/gcc/nios2-elf/11.2.1/../../../../../H-x86_64-pc-linux-gnu/nios2-elf/lib/libc.a(lib_a-locale.o)
                0x0000000000050058                _setlocale_r
 .text.__locale_mb_cur_max
                0x00000000000500cc        0xc /opt/intelFPGA/21.1/nios2eds/bin/gnu/H-x86_64-pc-linux-gnu/bin/../lib/gcc/nios2-elf/11.2.1/../../../../../H-x86_64-pc-linux-gnu/nios2-elf/lib/libc.a(lib_a-locale.o)
                0x00000000000500cc                __locale_mb_cur_max
 .text.setlocale
                0x00000000000500d8       0x74 /opt/intelFPGA/21.1/nios2eds/bin/gnu/H-x86_64-pc-linux-gnu/bin/../lib/gcc/nios2-elf/11.2.1/../../../../../H-x86_64-pc-linux-gnu/nios2-elf/lib/libc.a(lib_a-locale.o)
                0x00000000000500d8                setlocale
 .text          0x000000000005014c        0x0 /opt/intelFPGA/21.1/nios2eds/bin/gnu/H-x86_64-pc-linux-gnu/bin/../lib/gcc/nios2-elf/11.2.1/../../../../../H-x86_64-pc-linux-gnu/nios2-elf/lib/libc.a(lib_a-lseekr.o)
 .text._lseek_r
                0x000000000005014c       0x64 /opt/intelFPGA/21.1/nios2eds/bin/gnu/H-x86_64-pc-linux-gnu/bin/../lib/gcc/nios2-elf/11.2.1/../../../../../H-x86_64-pc-linux-gnu/nios2-elf/lib/libc.a(lib_a-lseekr.o)
                0x000000000005014c                _lseek_r
 .text          0x00000000000501b0        0x0 /opt/intelFPGA/21.1/nios2eds/bin/gnu/H-x86_64-pc-linux-gnu/bin/../lib/gcc/nios2-elf/11.2.1/../../../../../H-x86_64-pc-linux-gnu/nios2-elf/lib/libc.a(lib_a-mbtowc_r.o)
 .text._mbtowc_r
                0x00000000000501b0        0xc /opt/intelFPGA/21.1/nios2eds/bin/gnu/H-x86_64-pc-linux-gnu/bin/../lib/gcc/nios2-elf/11.2.1/../../../../../H-x86_64-pc-linux-gnu/nios2-elf/lib/libc.a(lib_a-mbtowc_r.o)
                0x00000000000501b0                _mbtowc_r
 .text.__ascii_mbtowc
                0x00000000000501bc       0x44 /opt/intelFPGA/21.1/nios2eds/bin/gnu/H-x86_64-pc-linux-gnu/bin/../lib/gcc/nios2-elf/11.2.1/../../../../../H-x86_64-pc-linux-gnu/nios2-elf/lib/libc.a(lib_a-mbtowc_r.o)
                0x00000000000501bc                __ascii_mbtowc
 .text          0x0000000000050200        0x0 /opt/intelFPGA/21.1/nios2eds/bin/gnu/H-x86_64-pc-linux-gnu/bin/../lib/gcc/nios2-elf/11.2.1/../../../../../H-x86_64-pc-linux-gnu/nios2-elf/lib/libc.a(lib_a-readr.o)
 .text._read_r  0x0000000000050200       0x64 /opt/intelFPGA/21.1/nios2eds/bin/gnu/H-x86_64-pc-linux-gnu/bin/../lib/gcc/nios2-elf/11.2.1/../../../../../H-x86_64-pc-linux-gnu/nios2-elf/lib/libc.a(lib_a-readr.o)
                0x0000000000050200                _read_r
 .text          0x0000000000050264        0x0 /opt/intelFPGA/21.1/nios2eds/bin/gnu/H-x86_64-pc-linux-gnu/bin/../lib/gcc/nios2-elf/11.2.1/../../../../../H-x86_64-pc-linux-gnu/nios2-elf/lib/libc.a(lib_a-strcmp.o)
 .text.strcmp   0x0000000000050264       0xb8 /opt/intelFPGA/21.1/nios2eds/bin/gnu/H-x86_64-pc-linux-gnu/bin/../lib/gcc/nios2-elf/11.2.1/../../../../../H-x86_64-pc-linux-gnu/nios2-elf/lib/libc.a(lib_a-strcmp.o)
                0x0000000000050264                strcmp
 .text          0x000000000005031c        0x0 /opt/intelFPGA/21.1/nios2eds/bin/gnu/H-x86_64-pc-linux-gnu/bin/../lib/gcc/nios2-elf/11.2.1/../../../../../H-x86_64-pc-linux-gnu/nios2-elf/lib/libc.a(lib_a-vfiprintfr_1.o)
 .text._vfiprintf_r
                0x000000000005031c        0x4 /opt/intelFPGA/21.1/nios2eds/bin/gnu/H-x86_64-pc-linux-gnu/bin/../lib/gcc/nios2-elf/11.2.1/../../../../../H-x86_64-pc-linux-gnu/nios2-elf/lib/libc.a(lib_a-vfiprintfr_1.o)
                0x000000000005031c                _vfiprintf_r
 .text          0x0000000000050320        0x0 /opt/intelFPGA/21.1/nios2eds/bin/gnu/H-x86_64-pc-linux-gnu/bin/../lib/gcc/nios2-elf/11.2.1/../../../../../H-x86_64-pc-linux-gnu/nios2-elf/lib/libc.a(lib_a-wcrtomb.o)
 .text._wcrtomb_r
                0x0000000000050320       0x6c /opt/intelFPGA/21.1/nios2eds/bin/gnu/H-x86_64-pc-linux-gnu/bin/../lib/gcc/nios2-elf/11.2.1/../../../../../H-x86_64-pc-linux-gnu/nios2-elf/lib/libc.a(lib_a-wcrtomb.o)
                0x0000000000050320                _wcrtomb_r
 .text.wcrtomb  0x000000000005038c       0x88 /opt/intelFPGA/21.1/nios2eds/bin/gnu/H-x86_64-pc-linux-gnu/bin/../lib/gcc/nios2-elf/11.2.1/../../../../../H-x86_64-pc-linux-gnu/nios2-elf/lib/libc.a(lib_a-wcrtomb.o)
                0x000000000005038c                wcrtomb
 .text          0x0000000000050414        0x0 /opt/intelFPGA/21.1/nios2eds/bin/gnu/H-x86_64-pc-linux-gnu/bin/../lib/gcc/nios2-elf/11.2.1/../../../../../H-x86_64-pc-linux-gnu/nios2-elf/lib/libc.a(lib_a-wctomb_r.o)
 .text._wctomb_r
                0x0000000000050414        0xc /opt/intelFPGA/21.1/nios2eds/bin/gnu/H-x86_64-pc-linux-gnu/bin/../lib/gcc/nios2-elf/11.2.1/../../../../../H-x86_64-pc-linux-gnu/nios2-elf/lib/libc.a(lib_a-wctomb_r.o)
                0x0000000000050414                _wctomb_r
 .text.__ascii_wctomb
                0x0000000000050420       0x30 /opt/intelFPGA/21.1/nios2eds/bin/gnu/H-x86_64-pc-linux-gnu/bin/../lib/gcc/nios2-elf/11.2.1/../../../../../H-x86_64-pc-linux-gnu/nios2-elf/lib/libc.a(lib_a-wctomb_r.o)
                0x0000000000050420                __ascii_wctomb
 .text          0x0000000000050450        0x0 /opt/intelFPGA/21.1/nios2eds/bin/gnu/H-x86_64-pc-linux-gnu/bin/../lib/gcc/nios2-elf/11.2.1/../../../../../H-x86_64-pc-linux-gnu/nios2-elf/lib/libc.a(lib_a-abort.o)
 .text.unlikely.abort
                0x0000000000050450       0x18 /opt/intelFPGA/21.1/nios2eds/bin/gnu/H-x86_64-pc-linux-gnu/bin/../lib/gcc/nios2-elf/11.2.1/../../../../../H-x86_64-pc-linux-gnu/nios2-elf/lib/libc.a(lib_a-abort.o)
                0x0000000000050450                abort
 .text          0x0000000000050468        0x0 /opt/intelFPGA/21.1/nios2eds/bin/gnu/H-x86_64-pc-linux-gnu/bin/../lib/gcc/nios2-elf/11.2.1/../../../../../H-x86_64-pc-linux-gnu/nios2-elf/lib/libc.a(lib_a-ctype_.o)
 .text          0x0000000000050468        0x0 /opt/intelFPGA/21.1/nios2eds/bin/gnu/H-x86_64-pc-linux-gnu/bin/../lib/gcc/nios2-elf/11.2.1/../../../../../H-x86_64-pc-linux-gnu/nios2-elf/lib/libc.a(lib_a-signal.o)
 .text._init_signal_r
                0x0000000000050468       0x5c /opt/intelFPGA/21.1/nios2eds/bin/gnu/H-x86_64-pc-linux-gnu/bin/../lib/gcc/nios2-elf/11.2.1/../../../../../H-x86_64-pc-linux-gnu/nios2-elf/lib/libc.a(lib_a-signal.o)
                0x0000000000050468                _init_signal_r
 .text._signal_r
                0x00000000000504c4       0x98 /opt/intelFPGA/21.1/nios2eds/bin/gnu/H-x86_64-pc-linux-gnu/bin/../lib/gcc/nios2-elf/11.2.1/../../../../../H-x86_64-pc-linux-gnu/nios2-elf/lib/libc.a(lib_a-signal.o)
                0x00000000000504c4                _signal_r
 .text._raise_r
                0x000000000005055c       0xc4 /opt/intelFPGA/21.1/nios2eds/bin/gnu/H-x86_64-pc-linux-gnu/bin/../lib/gcc/nios2-elf/11.2.1/../../../../../H-x86_64-pc-linux-gnu/nios2-elf/lib/libc.a(lib_a-signal.o)
                0x000000000005055c                _raise_r
 .text.__sigtramp_r
                0x0000000000050620       0xbc /opt/intelFPGA/21.1/nios2eds/bin/gnu/H-x86_64-pc-linux-gnu/bin/../lib/gcc/nios2-elf/11.2.1/../../../../../H-x86_64-pc-linux-gnu/nios2-elf/lib/libc.a(lib_a-signal.o)
                0x0000000000050620                __sigtramp_r
 .text.raise    0x00000000000506dc       0xbc /opt/intelFPGA/21.1/nios2eds/bin/gnu/H-x86_64-pc-linux-gnu/bin/../lib/gcc/nios2-elf/11.2.1/../../../../../H-x86_64-pc-linux-gnu/nios2-elf/lib/libc.a(lib_a-signal.o)
                0x00000000000506dc                raise
 .text.signal   0x0000000000050798       0xa0 /opt/intelFPGA/21.1/nios2eds/bin/gnu/H-x86_64-pc-linux-gnu/bin/../lib/gcc/nios2-elf/11.2.1/../../../../../H-x86_64-pc-linux-gnu/nios2-elf/lib/libc.a(lib_a-signal.o)
                0x0000000000050798                signal
 .text._init_signal
                0x0000000000050838       0x60 /opt/intelFPGA/21.1/nios2eds/bin/gnu/H-x86_64-pc-linux-gnu/bin/../lib/gcc/nios2-elf/11.2.1/../../../../../H-x86_64-pc-linux-gnu/nios2-elf/lib/libc.a(lib_a-signal.o)
                0x0000000000050838                _init_signal
 .text.__sigtramp
                0x0000000000050898       0xbc /opt/intelFPGA/21.1/nios2eds/bin/gnu/H-x86_64-pc-linux-gnu/bin/../lib/gcc/nios2-elf/11.2.1/../../../../../H-x86_64-pc-linux-gnu/nios2-elf/lib/libc.a(lib_a-signal.o)
                0x0000000000050898                __sigtramp
 .text          0x0000000000050954        0x0 /opt/intelFPGA/21.1/nios2eds/bin/gnu/H-x86_64-pc-linux-gnu/bin/../lib/gcc/nios2-elf/11.2.1/../../../../../H-x86_64-pc-linux-gnu/nios2-elf/lib/libc.a(lib_a-signalr.o)
 .text._kill_r  0x0000000000050954       0x60 /opt/intelFPGA/21.1/nios2eds/bin/gnu/H-x86_64-pc-linux-gnu/bin/../lib/gcc/nios2-elf/11.2.1/../../../../../H-x86_64-pc-linux-gnu/nios2-elf/lib/libc.a(lib_a-signalr.o)
                0x0000000000050954                _kill_r
 .text._getpid_r
                0x00000000000509b4        0x4 /opt/intelFPGA/21.1/nios2eds/bin/gnu/H-x86_64-pc-linux-gnu/bin/../lib/gcc/nios2-elf/11.2.1/../../../../../H-x86_64-pc-linux-gnu/nios2-elf/lib/libc.a(lib_a-signalr.o)
                0x00000000000509b4                _getpid_r
 .text          0x00000000000509b8      0x550 /opt/intelFPGA/21.1/nios2eds/bin/gnu/H-x86_64-pc-linux-gnu/bin/../lib/gcc/nios2-elf/11.2.1/libgcc.a(_udivdi3.o)
                0x00000000000509b8                __udivdi3
 .text          0x0000000000050f08      0x510 /opt/intelFPGA/21.1/nios2eds/bin/gnu/H-x86_64-pc-linux-gnu/bin/../lib/gcc/nios2-elf/11.2.1/libgcc.a(_umoddi3.o)
                0x0000000000050f08                __umoddi3
 .text          0x0000000000051418       0x90 /opt/intelFPGA/21.1/nios2eds/bin/gnu/H-x86_64-pc-linux-gnu/bin/../lib/gcc/nios2-elf/11.2.1/libgcc.a(floatunsidf.o)
                0x0000000000051418                __floatunsidf
 .text          0x00000000000514a8      0x10c ../Herov3-1_bsp//libhal_bsp.a(alt_close.o)
                0x00000000000514e4                close
 .text          0x00000000000515b4       0x2c ../Herov3-1_bsp//libhal_bsp.a(alt_dev.o)
 .text          0x00000000000515e0        0x0 ../Herov3-1_bsp//libhal_bsp.a(alt_errno.o)
 .text          0x00000000000515e0       0x38 ../Herov3-1_bsp//libhal_bsp.a(alt_exit.o)
                0x00000000000515e0                _exit
 .text          0x0000000000051618       0xec ../Herov3-1_bsp//libhal_bsp.a(alt_fstat.o)
                0x0000000000051654                fstat
 .text          0x0000000000051704       0x20 ../Herov3-1_bsp//libhal_bsp.a(alt_getpid.o)
                0x0000000000051704                getpid
 .text          0x0000000000051724       0xe0 ../Herov3-1_bsp//libhal_bsp.a(alt_isatty.o)
                0x0000000000051760                isatty
 .text          0x0000000000051804      0x12c ../Herov3-1_bsp//libhal_bsp.a(alt_kill.o)
                0x0000000000051840                kill
 .text          0x0000000000051930       0xec ../Herov3-1_bsp//libhal_bsp.a(alt_load.o)
                0x0000000000051998                alt_load
 .text          0x0000000000051a1c      0x110 ../Herov3-1_bsp//libhal_bsp.a(alt_lseek.o)
                0x0000000000051a58                lseek
 .text          0x0000000000051b2c       0x7c ../Herov3-1_bsp//libhal_bsp.a(alt_main.o)
                0x0000000000051b2c                alt_main
 .text          0x0000000000051ba8       0x48 ../Herov3-1_bsp//libhal_bsp.a(alt_malloc_lock.o)
                0x0000000000051ba8                __malloc_lock
                0x0000000000051bcc                __malloc_unlock
 .text          0x0000000000051bf0      0x138 ../Herov3-1_bsp//libhal_bsp.a(alt_read.o)
                0x0000000000051c2c                read
 .text          0x0000000000051d28       0x58 ../Herov3-1_bsp//libhal_bsp.a(alt_release_fd.o)
                0x0000000000051d28                alt_release_fd
 .text          0x0000000000051d80       0xb8 ../Herov3-1_bsp//libhal_bsp.a(alt_sbrk.o)
                0x0000000000051d80                sbrk
 .text          0x0000000000051e38      0x134 ../Herov3-1_bsp//libhal_bsp.a(alt_write.o)
                0x0000000000051e74                write
 .text          0x0000000000051f6c       0xb8 ../Herov3-1_bsp//libhal_bsp.a(alt_sys_init.o)
                0x0000000000051fa0                alt_irq_init
                0x0000000000051fdc                alt_sys_init
 .text          0x0000000000052024      0x164 ../Herov3-1_bsp//libhal_bsp.a(altera_avalon_jtag_uart_fd.o)
                0x0000000000052024                altera_avalon_jtag_uart_read_fd
                0x0000000000052084                altera_avalon_jtag_uart_write_fd
                0x00000000000520e4                altera_avalon_jtag_uart_close_fd
                0x0000000000052134                altera_avalon_jtag_uart_ioctl_fd
 .text          0x0000000000052188      0x3d4 ../Herov3-1_bsp//libhal_bsp.a(altera_avalon_jtag_uart_init.o)
                0x0000000000052188                altera_avalon_jtag_uart_init
                0x00000000000524f4                altera_avalon_jtag_uart_close
 .text          0x000000000005255c       0xf4 ../Herov3-1_bsp//libhal_bsp.a(altera_avalon_jtag_uart_ioctl.o)
                0x000000000005255c                altera_avalon_jtag_uart_ioctl
 .text          0x0000000000052650      0x220 ../Herov3-1_bsp//libhal_bsp.a(altera_avalon_jtag_uart_read.o)
                0x0000000000052650                altera_avalon_jtag_uart_read
 .text          0x0000000000052870      0x228 ../Herov3-1_bsp//libhal_bsp.a(altera_avalon_jtag_uart_write.o)
                0x0000000000052870                altera_avalon_jtag_uart_write
 .text          0x0000000000052a98      0x160 ../Herov3-1_bsp//libhal_bsp.a(alt_alarm_start.o)
                0x0000000000052a98                alt_alarm_start
 .text          0x0000000000052bf8       0x4c ../Herov3-1_bsp//libhal_bsp.a(alt_dcache_flush_all.o)
                0x0000000000052bf8                alt_dcache_flush_all
 .text          0x0000000000052c44       0xe4 ../Herov3-1_bsp//libhal_bsp.a(alt_dev_llist_insert.o)
                0x0000000000052c80                alt_dev_llist_insert
 .text          0x0000000000052d28       0x64 ../Herov3-1_bsp//libhal_bsp.a(alt_do_ctors.o)
                0x0000000000052d28                _do_ctors
 .text          0x0000000000052d8c       0x64 ../Herov3-1_bsp//libhal_bsp.a(alt_do_dtors.o)
                0x0000000000052d8c                _do_dtors
 .text          0x0000000000052df0       0x34 ../Herov3-1_bsp//libhal_bsp.a(alt_icache_flush_all.o)
                0x0000000000052df0                alt_icache_flush_all
 .text          0x0000000000052e24      0x1b0 ../Herov3-1_bsp//libhal_bsp.a(alt_iic.o)
                0x0000000000052e24                alt_ic_isr_register
                0x0000000000052e74                alt_ic_irq_enable
                0x0000000000052efc                alt_ic_irq_disable
                0x0000000000052f88                alt_ic_irq_enabled
 .text          0x0000000000052fd4       0xe8 ../Herov3-1_bsp//libhal_bsp.a(alt_iic_isr_register.o)
                0x0000000000052fd4                alt_iic_isr_register
 .text          0x00000000000530bc      0x12c ../Herov3-1_bsp//libhal_bsp.a(alt_io_redirect.o)
                0x000000000005316c                alt_io_redirect
 .text          0x00000000000531e8        0x0 ../Herov3-1_bsp//libhal_bsp.a(alt_irq_entry.o)
 .text          0x00000000000531e8        0x0 ../Herov3-1_bsp//libhal_bsp.a(alt_irq_handler.o)
 .text          0x00000000000531e8        0x0 ../Herov3-1_bsp//libhal_bsp.a(alt_irq_vars.o)
 .text          0x00000000000531e8      0x248 ../Herov3-1_bsp//libhal_bsp.a(alt_open.o)
                0x00000000000532dc                open
 .text          0x0000000000053430      0x1d0 ../Herov3-1_bsp//libhal_bsp.a(alt_tick.o)
                0x0000000000053430                alt_alarm_stop
                0x00000000000534d4                alt_tick
 .text          0x0000000000053600       0x24 ../Herov3-1_bsp//libhal_bsp.a(altera_nios2_gen2_irq.o)
                0x0000000000053600                altera_nios2_gen2_irq_init
 .text          0x0000000000053624        0x0 ../Herov3-1_bsp//libhal_bsp.a(alt_exception_entry.o)
 .text          0x0000000000053624       0x90 ../Herov3-1_bsp//libhal_bsp.a(alt_find_dev.o)
                0x0000000000053624                alt_find_dev
 .text          0x00000000000536b4      0x108 ../Herov3-1_bsp//libhal_bsp.a(alt_find_file.o)
                0x00000000000536b4                alt_find_file
 .text          0x00000000000537bc       0xa0 ../Herov3-1_bsp//libhal_bsp.a(alt_get_fd.o)
                0x00000000000537bc                alt_get_fd
 .text          0x000000000005385c       0x90 ../Herov3-1_bsp//libhal_bsp.a(alt_icache_flush.o)
                0x000000000005385c                alt_icache_flush
 .text          0x00000000000538ec       0x74 ../Herov3-1_bsp//libhal_bsp.a(alt_instruction_exception_entry.o)
                0x00000000000538ec                alt_exception_cause_generated_bad_addr
 .text          0x0000000000053960        0x0 /opt/intelFPGA/21.1/nios2eds/bin/gnu/H-x86_64-pc-linux-gnu/bin/../lib/gcc/nios2-elf/11.2.1/../../../../../H-x86_64-pc-linux-gnu/nios2-elf/lib/libc.a(lib_a-atexit.o)
 .text.atexit   0x0000000000053960       0x14 /opt/intelFPGA/21.1/nios2eds/bin/gnu/H-x86_64-pc-linux-gnu/bin/../lib/gcc/nios2-elf/11.2.1/../../../../../H-x86_64-pc-linux-gnu/nios2-elf/lib/libc.a(lib_a-atexit.o)
                0x0000000000053960                atexit
 .text          0x0000000000053974        0x0 /opt/intelFPGA/21.1/nios2eds/bin/gnu/H-x86_64-pc-linux-gnu/bin/../lib/gcc/nios2-elf/11.2.1/../../../../../H-x86_64-pc-linux-gnu/nios2-elf/lib/libc.a(lib_a-exit.o)
 .text.exit     0x0000000000053974       0x34 /opt/intelFPGA/21.1/nios2eds/bin/gnu/H-x86_64-pc-linux-gnu/bin/../lib/gcc/nios2-elf/11.2.1/../../../../../H-x86_64-pc-linux-gnu/nios2-elf/lib/libc.a(lib_a-exit.o)
                0x0000000000053974                exit
 .text          0x00000000000539a8        0x0 /opt/intelFPGA/21.1/nios2eds/bin/gnu/H-x86_64-pc-linux-gnu/bin/../lib/gcc/nios2-elf/11.2.1/../../../../../H-x86_64-pc-linux-gnu/nios2-elf/lib/libc.a(lib_a-memcmp.o)
 .text.memcmp   0x00000000000539a8       0x78 /opt/intelFPGA/21.1/nios2eds/bin/gnu/H-x86_64-pc-linux-gnu/bin/../lib/gcc/nios2-elf/11.2.1/../../../../../H-x86_64-pc-linux-gnu/nios2-elf/lib/libc.a(lib_a-memcmp.o)
                0x00000000000539a8                memcmp
 .text          0x0000000000053a20        0x0 /opt/intelFPGA/21.1/nios2eds/bin/gnu/H-x86_64-pc-linux-gnu/bin/../lib/gcc/nios2-elf/11.2.1/../../../../../H-x86_64-pc-linux-gnu/nios2-elf/lib/libc.a(lib_a-__atexit.o)
 .text.__register_exitproc
                0x0000000000053a20       0x90 /opt/intelFPGA/21.1/nios2eds/bin/gnu/H-x86_64-pc-linux-gnu/bin/../lib/gcc/nios2-elf/11.2.1/../../../../../H-x86_64-pc-linux-gnu/nios2-elf/lib/libc.a(lib_a-__atexit.o)
                0x0000000000053a20                __register_exitproc
 .text          0x0000000000053ab0        0x0 /opt/intelFPGA/21.1/nios2eds/bin/gnu/H-x86_64-pc-linux-gnu/bin/../lib/gcc/nios2-elf/11.2.1/../../../../../H-x86_64-pc-linux-gnu/nios2-elf/lib/libc.a(lib_a-__call_atexit.o)
 .text.__call_exitprocs
                0x0000000000053ab0      0x120 /opt/intelFPGA/21.1/nios2eds/bin/gnu/H-x86_64-pc-linux-gnu/bin/../lib/gcc/nios2-elf/11.2.1/../../../../../H-x86_64-pc-linux-gnu/nios2-elf/lib/libc.a(lib_a-__call_atexit.o)
                0x0000000000053ab0                __call_exitprocs
 *(.gnu.warning.*)
 *(.fini)
                [!provide]                        PROVIDE (__etext = ABSOLUTE (.))
                [!provide]                        PROVIDE (_etext = ABSOLUTE (.))
                [!provide]                        PROVIDE (etext = ABSOLUTE (.))
 *(.eh_frame_hdr)
                0x0000000000053bd0                . = ALIGN (0x4)
                [!provide]                        PROVIDE (__preinit_array_start = ABSOLUTE (.))
 *(.preinit_array)
                [!provide]                        PROVIDE (__preinit_array_end = ABSOLUTE (.))
                [!provide]                        PROVIDE (__init_array_start = ABSOLUTE (.))
 *(.init_array)
                [!provide]                        PROVIDE (__init_array_end = ABSOLUTE (.))
                [!provide]                        PROVIDE (__fini_array_start = ABSOLUTE (.))
 *(.fini_array)
                [!provide]                        PROVIDE (__fini_array_end = ABSOLUTE (.))
 *(.eh_frame)
 *(.gcc_except_table .gcc_except_table.*)
 *(.dynamic)
                0x0000000000053bd0                PROVIDE (__CTOR_LIST__ = ABSOLUTE (.))
 *(.ctors)
 *(SORT_BY_NAME(.ctors.*))
                0x0000000000053bd0                PROVIDE (__CTOR_END__ = ABSOLUTE (.))
                0x0000000000053bd0                PROVIDE (__DTOR_LIST__ = ABSOLUTE (.))
 *(.dtors)
 *(SORT_BY_NAME(.dtors.*))
                0x0000000000053bd0                PROVIDE (__DTOR_END__ = ABSOLUTE (.))
 *(.jcr)
                0x0000000000053bd0                . = ALIGN (0x4)

.rodata         0x0000000000053bd0      0x794
                0x0000000000053bd0                PROVIDE (__ram_rodata_start = ABSOLUTE (.))
                0x0000000000053bd0                . = ALIGN (0x4)
 *(.rodata .rodata.* .gnu.linkonce.r.*)
 .rodata        0x0000000000053bd0       0x18 obj/default/CheckSignal.o
 .rodata        0x0000000000053be8       0x3f obj/default/LedLibrary.o
 *fill*         0x0000000000053c27        0x1 
 .rodata        0x0000000000053c28       0x48 obj/default/Main.o
 .rodata        0x0000000000053c70       0xa9 obj/default/PolynomSolver.o
 *fill*         0x0000000000053d19        0x3 
 .rodata        0x0000000000053d1c      0x100 /opt/intelFPGA/21.1/nios2eds/bin/gnu/H-x86_64-pc-linux-gnu/bin/../lib/gcc/nios2-elf/11.2.1/libgcc.a(_clz.o)
                0x0000000000053d1c                __clz_tab
 .rodata._puts_r.str1.4
                0x0000000000053e1c        0x2 /opt/intelFPGA/21.1/nios2eds/bin/gnu/H-x86_64-pc-linux-gnu/bin/../lib/gcc/nios2-elf/11.2.1/../../../../../H-x86_64-pc-linux-gnu/nios2-elf/lib/libc.a(lib_a-puts.o)
 *fill*         0x0000000000053e1e        0x2 
 .rodata.___vfprintf_internal_r.str1.4
                0x0000000000053e20       0x42 /opt/intelFPGA/21.1/nios2eds/bin/gnu/H-x86_64-pc-linux-gnu/bin/../lib/gcc/nios2-elf/11.2.1/../../../../../H-x86_64-pc-linux-gnu/nios2-elf/lib/libc.a(lib_a-vfprintf.o)
 *fill*         0x0000000000053e62        0x2 
 .rodata.zeroes.0
                0x0000000000053e64       0x10 /opt/intelFPGA/21.1/nios2eds/bin/gnu/H-x86_64-pc-linux-gnu/bin/../lib/gcc/nios2-elf/11.2.1/../../../../../H-x86_64-pc-linux-gnu/nios2-elf/lib/libc.a(lib_a-vfprintf.o)
 .rodata.blanks.1
                0x0000000000053e74       0x10 /opt/intelFPGA/21.1/nios2eds/bin/gnu/H-x86_64-pc-linux-gnu/bin/../lib/gcc/nios2-elf/11.2.1/../../../../../H-x86_64-pc-linux-gnu/nios2-elf/lib/libc.a(lib_a-vfprintf.o)
 .rodata._dtoa_r.str1.4
                0x0000000000053e84       0x5e /opt/intelFPGA/21.1/nios2eds/bin/gnu/H-x86_64-pc-linux-gnu/bin/../lib/gcc/nios2-elf/11.2.1/../../../../../H-x86_64-pc-linux-gnu/nios2-elf/lib/libc.a(lib_a-dtoa.o)
                                         0x62 (size before relaxing)
 *fill*         0x0000000000053ee2        0x2 
 .rodata.__multadd.str1.4
                0x0000000000053ee4       0x3b /opt/intelFPGA/21.1/nios2eds/bin/gnu/H-x86_64-pc-linux-gnu/bin/../lib/gcc/nios2-elf/11.2.1/../../../../../H-x86_64-pc-linux-gnu/nios2-elf/lib/libc.a(lib_a-mprec.o)
                                         0x4f (size before relaxing)
 *fill*         0x0000000000053f1f        0x1 
 .rodata.p05.0  0x0000000000053f20        0xc /opt/intelFPGA/21.1/nios2eds/bin/gnu/H-x86_64-pc-linux-gnu/bin/../lib/gcc/nios2-elf/11.2.1/../../../../../H-x86_64-pc-linux-gnu/nios2-elf/lib/libc.a(lib_a-mprec.o)
 .rodata.__mprec_tinytens
                0x0000000000053f2c       0x28 /opt/intelFPGA/21.1/nios2eds/bin/gnu/H-x86_64-pc-linux-gnu/bin/../lib/gcc/nios2-elf/11.2.1/../../../../../H-x86_64-pc-linux-gnu/nios2-elf/lib/libc.a(lib_a-mprec.o)
                0x0000000000053f2c                __mprec_tinytens
 .rodata.__mprec_bigtens
                0x0000000000053f54       0x28 /opt/intelFPGA/21.1/nios2eds/bin/gnu/H-x86_64-pc-linux-gnu/bin/../lib/gcc/nios2-elf/11.2.1/../../../../../H-x86_64-pc-linux-gnu/nios2-elf/lib/libc.a(lib_a-mprec.o)
                0x0000000000053f54                __mprec_bigtens
 .rodata.__mprec_tens
                0x0000000000053f7c       0xc8 /opt/intelFPGA/21.1/nios2eds/bin/gnu/H-x86_64-pc-linux-gnu/bin/../lib/gcc/nios2-elf/11.2.1/../../../../../H-x86_64-pc-linux-gnu/nios2-elf/lib/libc.a(lib_a-mprec.o)
                0x0000000000053f7c                __mprec_tens
 .rodata.___vfiprintf_internal_r.str1.4
                0x0000000000054044       0x2f /opt/intelFPGA/21.1/nios2eds/bin/gnu/H-x86_64-pc-linux-gnu/bin/../lib/gcc/nios2-elf/11.2.1/../../../../../H-x86_64-pc-linux-gnu/nios2-elf/lib/libc.a(lib_a-vfiprintf.o)
 .rodata.zeroes.0
                0x0000000000054044       0x10 /opt/intelFPGA/21.1/nios2eds/bin/gnu/H-x86_64-pc-linux-gnu/bin/../lib/gcc/nios2-elf/11.2.1/../../../../../H-x86_64-pc-linux-gnu/nios2-elf/lib/libc.a(lib_a-vfiprintf.o)
 .rodata.blanks.1
                0x0000000000054054       0x10 /opt/intelFPGA/21.1/nios2eds/bin/gnu/H-x86_64-pc-linux-gnu/bin/../lib/gcc/nios2-elf/11.2.1/../../../../../H-x86_64-pc-linux-gnu/nios2-elf/lib/libc.a(lib_a-vfiprintf.o)
 .rodata.__assert_func.str1.4
                0x0000000000054064       0x3f /opt/intelFPGA/21.1/nios2eds/bin/gnu/H-x86_64-pc-linux-gnu/bin/../lib/gcc/nios2-elf/11.2.1/../../../../../H-x86_64-pc-linux-gnu/nios2-elf/lib/libc.a(lib_a-assert.o)
                                         0x43 (size before relaxing)
 *fill*         0x00000000000540a3        0x1 
 .rodata._setlocale_r.str1.4
                0x00000000000540a4        0xa /opt/intelFPGA/21.1/nios2eds/bin/gnu/H-x86_64-pc-linux-gnu/bin/../lib/gcc/nios2-elf/11.2.1/../../../../../H-x86_64-pc-linux-gnu/nios2-elf/lib/libc.a(lib_a-locale.o)
 *fill*         0x00000000000540ae        0x2 
 .rodata.str1.4
                0x00000000000540b0        0x2 /opt/intelFPGA/21.1/nios2eds/bin/gnu/H-x86_64-pc-linux-gnu/bin/../lib/gcc/nios2-elf/11.2.1/../../../../../H-x86_64-pc-linux-gnu/nios2-elf/lib/libc.a(lib_a-locale.o)
                                          0x5 (size before relaxing)
 *fill*         0x00000000000540b2        0x2 
 .rodata._ctype_
                0x00000000000540b4      0x101 /opt/intelFPGA/21.1/nios2eds/bin/gnu/H-x86_64-pc-linux-gnu/bin/../lib/gcc/nios2-elf/11.2.1/../../../../../H-x86_64-pc-linux-gnu/nios2-elf/lib/libc.a(lib_a-ctype_.o)
                0x00000000000540b4                _ctype_
 *fill*         0x00000000000541b5        0x3 
 .rodata._ctype_b
                0x00000000000541b8      0x180 /opt/intelFPGA/21.1/nios2eds/bin/gnu/H-x86_64-pc-linux-gnu/bin/../lib/gcc/nios2-elf/11.2.1/../../../../../H-x86_64-pc-linux-gnu/nios2-elf/lib/libc.a(lib_a-ctype_.o)
                0x00000000000541b8                _ctype_b
 .rodata        0x0000000000054338        0xa ../Herov3-1_bsp//libhal_bsp.a(alt_dev.o)
 *fill*         0x0000000000054342        0x2 
 .rodata        0x0000000000054344        0xf ../Herov3-1_bsp//libhal_bsp.a(alt_main.o)
 *fill*         0x0000000000054353        0x1 
 .rodata        0x0000000000054354        0xf ../Herov3-1_bsp//libhal_bsp.a(alt_sys_init.o)
 *(.rodata1)
                0x0000000000054364                . = ALIGN (0x4)
 *fill*         0x0000000000054363        0x1 
                0x0000000000054364                PROVIDE (__ram_rodata_end = ABSOLUTE (.))
                0x0000000000053bd0                PROVIDE (__flash_rodata_start = LOADADDR (.rodata))

.rwdata         0x0000000000054364     0x1bd8 load address 0x0000000000055f3c
                0x0000000000054364                PROVIDE (__ram_rwdata_start = ABSOLUTE (.))
                0x0000000000054364                . = ALIGN (0x4)
 *(.got.plt)
 *(.got)
 *(.data1)
 *(.data .data.* .gnu.linkonce.d.*)
 .data          0x0000000000054364        0x0 ../Herov3-1_bsp//obj/HAL/src/crt0.o
 .data          0x0000000000054364        0x0 obj/default/CheckSignal.o
 .data          0x0000000000054364        0x0 obj/default/LedLibrary.o
 .data          0x0000000000054364        0x0 obj/default/Main.o
 .data          0x0000000000054364        0x0 obj/default/PolynomSolver.o
 .data          0x0000000000054364        0x0 /opt/intelFPGA/21.1/nios2eds/bin/gnu/H-x86_64-pc-linux-gnu/bin/../lib/gcc/nios2-elf/11.2.1/../../../../../H-x86_64-pc-linux-gnu/nios2-elf/lib/libm.a(lib_a-w_pow.o)
 .data          0x0000000000054364        0x0 /opt/intelFPGA/21.1/nios2eds/bin/gnu/H-x86_64-pc-linux-gnu/bin/../lib/gcc/nios2-elf/11.2.1/../../../../../H-x86_64-pc-linux-gnu/nios2-elf/lib/libm.a(lib_a-e_pow.o)
 .data          0x0000000000054364        0x0 /opt/intelFPGA/21.1/nios2eds/bin/gnu/H-x86_64-pc-linux-gnu/bin/../lib/gcc/nios2-elf/11.2.1/../../../../../H-x86_64-pc-linux-gnu/nios2-elf/lib/libm.a(lib_a-e_sqrt.o)
 .data          0x0000000000054364        0x0 /opt/intelFPGA/21.1/nios2eds/bin/gnu/H-x86_64-pc-linux-gnu/bin/../lib/gcc/nios2-elf/11.2.1/../../../../../H-x86_64-pc-linux-gnu/nios2-elf/lib/libm.a(lib_a-math_err.o)
 .data          0x0000000000054364        0x0 /opt/intelFPGA/21.1/nios2eds/bin/gnu/H-x86_64-pc-linux-gnu/bin/../lib/gcc/nios2-elf/11.2.1/../../../../../H-x86_64-pc-linux-gnu/nios2-elf/lib/libm.a(lib_a-s_scalbn.o)
 .data          0x0000000000054364        0x0 /opt/intelFPGA/21.1/nios2eds/bin/gnu/H-x86_64-pc-linux-gnu/bin/../lib/gcc/nios2-elf/11.2.1/libgcc.a(addsf3.o)
 .data          0x0000000000054364        0x0 /opt/intelFPGA/21.1/nios2eds/bin/gnu/H-x86_64-pc-linux-gnu/bin/../lib/gcc/nios2-elf/11.2.1/libgcc.a(divsf3.o)
 .data          0x0000000000054364        0x0 /opt/intelFPGA/21.1/nios2eds/bin/gnu/H-x86_64-pc-linux-gnu/bin/../lib/gcc/nios2-elf/11.2.1/libgcc.a(eqsf2.o)
 .data          0x0000000000054364        0x0 /opt/intelFPGA/21.1/nios2eds/bin/gnu/H-x86_64-pc-linux-gnu/bin/../lib/gcc/nios2-elf/11.2.1/libgcc.a(gesf2.o)
 .data          0x0000000000054364        0x0 /opt/intelFPGA/21.1/nios2eds/bin/gnu/H-x86_64-pc-linux-gnu/bin/../lib/gcc/nios2-elf/11.2.1/libgcc.a(lesf2.o)
 .data          0x0000000000054364        0x0 /opt/intelFPGA/21.1/nios2eds/bin/gnu/H-x86_64-pc-linux-gnu/bin/../lib/gcc/nios2-elf/11.2.1/libgcc.a(mulsf3.o)
 .data          0x0000000000054364        0x0 /opt/intelFPGA/21.1/nios2eds/bin/gnu/H-x86_64-pc-linux-gnu/bin/../lib/gcc/nios2-elf/11.2.1/libgcc.a(subsf3.o)
 .data          0x0000000000054364        0x0 /opt/intelFPGA/21.1/nios2eds/bin/gnu/H-x86_64-pc-linux-gnu/bin/../lib/gcc/nios2-elf/11.2.1/libgcc.a(floatsisf.o)
 .data          0x0000000000054364        0x0 /opt/intelFPGA/21.1/nios2eds/bin/gnu/H-x86_64-pc-linux-gnu/bin/../lib/gcc/nios2-elf/11.2.1/libgcc.a(adddf3.o)
 .data          0x0000000000054364        0x0 /opt/intelFPGA/21.1/nios2eds/bin/gnu/H-x86_64-pc-linux-gnu/bin/../lib/gcc/nios2-elf/11.2.1/libgcc.a(divdf3.o)
 .data          0x0000000000054364        0x0 /opt/intelFPGA/21.1/nios2eds/bin/gnu/H-x86_64-pc-linux-gnu/bin/../lib/gcc/nios2-elf/11.2.1/libgcc.a(eqdf2.o)
 .data          0x0000000000054364        0x0 /opt/intelFPGA/21.1/nios2eds/bin/gnu/H-x86_64-pc-linux-gnu/bin/../lib/gcc/nios2-elf/11.2.1/libgcc.a(gedf2.o)
 .data          0x0000000000054364        0x0 /opt/intelFPGA/21.1/nios2eds/bin/gnu/H-x86_64-pc-linux-gnu/bin/../lib/gcc/nios2-elf/11.2.1/libgcc.a(ledf2.o)
 .data          0x0000000000054364        0x0 /opt/intelFPGA/21.1/nios2eds/bin/gnu/H-x86_64-pc-linux-gnu/bin/../lib/gcc/nios2-elf/11.2.1/libgcc.a(muldf3.o)
 .data          0x0000000000054364        0x0 /opt/intelFPGA/21.1/nios2eds/bin/gnu/H-x86_64-pc-linux-gnu/bin/../lib/gcc/nios2-elf/11.2.1/libgcc.a(subdf3.o)
 .data          0x0000000000054364        0x0 /opt/intelFPGA/21.1/nios2eds/bin/gnu/H-x86_64-pc-linux-gnu/bin/../lib/gcc/nios2-elf/11.2.1/libgcc.a(unorddf2.o)
 .data          0x0000000000054364        0x0 /opt/intelFPGA/21.1/nios2eds/bin/gnu/H-x86_64-pc-linux-gnu/bin/../lib/gcc/nios2-elf/11.2.1/libgcc.a(fixdfsi.o)
 .data          0x0000000000054364        0x0 /opt/intelFPGA/21.1/nios2eds/bin/gnu/H-x86_64-pc-linux-gnu/bin/../lib/gcc/nios2-elf/11.2.1/libgcc.a(floatsidf.o)
 .data          0x0000000000054364        0x0 /opt/intelFPGA/21.1/nios2eds/bin/gnu/H-x86_64-pc-linux-gnu/bin/../lib/gcc/nios2-elf/11.2.1/libgcc.a(extendsfdf2.o)
 .data          0x0000000000054364        0x0 /opt/intelFPGA/21.1/nios2eds/bin/gnu/H-x86_64-pc-linux-gnu/bin/../lib/gcc/nios2-elf/11.2.1/libgcc.a(truncdfsf2.o)
 .data          0x0000000000054364        0x0 /opt/intelFPGA/21.1/nios2eds/bin/gnu/H-x86_64-pc-linux-gnu/bin/../lib/gcc/nios2-elf/11.2.1/libgcc.a(_clzsi2.o)
 .data          0x0000000000054364        0x0 /opt/intelFPGA/21.1/nios2eds/bin/gnu/H-x86_64-pc-linux-gnu/bin/../lib/gcc/nios2-elf/11.2.1/libgcc.a(lib2-divmod.o)
 .data          0x0000000000054364        0x0 /opt/intelFPGA/21.1/nios2eds/bin/gnu/H-x86_64-pc-linux-gnu/bin/../lib/gcc/nios2-elf/11.2.1/libgcc.a(_clz.o)
 .data          0x0000000000054364        0x0 /opt/intelFPGA/21.1/nios2eds/bin/gnu/H-x86_64-pc-linux-gnu/bin/../lib/gcc/nios2-elf/11.2.1/../../../../../H-x86_64-pc-linux-gnu/nios2-elf/lib/libc.a(lib_a-errno.o)
 .data          0x0000000000054364        0x0 /opt/intelFPGA/21.1/nios2eds/bin/gnu/H-x86_64-pc-linux-gnu/bin/../lib/gcc/nios2-elf/11.2.1/../../../../../H-x86_64-pc-linux-gnu/nios2-elf/lib/libc.a(lib_a-impure.o)
 .data.impure_data
                0x0000000000054364      0x424 /opt/intelFPGA/21.1/nios2eds/bin/gnu/H-x86_64-pc-linux-gnu/bin/../lib/gcc/nios2-elf/11.2.1/../../../../../H-x86_64-pc-linux-gnu/nios2-elf/lib/libc.a(lib_a-impure.o)
 .data          0x0000000000054788        0x0 /opt/intelFPGA/21.1/nios2eds/bin/gnu/H-x86_64-pc-linux-gnu/bin/../lib/gcc/nios2-elf/11.2.1/../../../../../H-x86_64-pc-linux-gnu/nios2-elf/lib/libc.a(lib_a-printf.o)
 .data          0x0000000000054788        0x0 /opt/intelFPGA/21.1/nios2eds/bin/gnu/H-x86_64-pc-linux-gnu/bin/../lib/gcc/nios2-elf/11.2.1/../../../../../H-x86_64-pc-linux-gnu/nios2-elf/lib/libc.a(lib_a-putchar.o)
 .data          0x0000000000054788        0x0 /opt/intelFPGA/21.1/nios2eds/bin/gnu/H-x86_64-pc-linux-gnu/bin/../lib/gcc/nios2-elf/11.2.1/../../../../../H-x86_64-pc-linux-gnu/nios2-elf/lib/libc.a(lib_a-puts.o)
 .data          0x0000000000054788        0x0 /opt/intelFPGA/21.1/nios2eds/bin/gnu/H-x86_64-pc-linux-gnu/bin/../lib/gcc/nios2-elf/11.2.1/../../../../../H-x86_64-pc-linux-gnu/nios2-elf/lib/libc.a(lib_a-strlen.o)
 .data          0x0000000000054788        0x0 /opt/intelFPGA/21.1/nios2eds/bin/gnu/H-x86_64-pc-linux-gnu/bin/../lib/gcc/nios2-elf/11.2.1/../../../../../H-x86_64-pc-linux-gnu/nios2-elf/lib/libc.a(lib_a-vfprintf.o)
 .data          0x0000000000054788        0x0 /opt/intelFPGA/21.1/nios2eds/bin/gnu/H-x86_64-pc-linux-gnu/bin/../lib/gcc/nios2-elf/11.2.1/../../../../../H-x86_64-pc-linux-gnu/nios2-elf/lib/libc.a(lib_a-wsetup.o)
 .data          0x0000000000054788        0x0 /opt/intelFPGA/21.1/nios2eds/bin/gnu/H-x86_64-pc-linux-gnu/bin/../lib/gcc/nios2-elf/11.2.1/../../../../../H-x86_64-pc-linux-gnu/nios2-elf/lib/libc.a(lib_a-dtoa.o)
 .data          0x0000000000054788        0x0 /opt/intelFPGA/21.1/nios2eds/bin/gnu/H-x86_64-pc-linux-gnu/bin/../lib/gcc/nios2-elf/11.2.1/../../../../../H-x86_64-pc-linux-gnu/nios2-elf/lib/libc.a(lib_a-fflush.o)
 .data          0x0000000000054788        0x0 /opt/intelFPGA/21.1/nios2eds/bin/gnu/H-x86_64-pc-linux-gnu/bin/../lib/gcc/nios2-elf/11.2.1/../../../../../H-x86_64-pc-linux-gnu/nios2-elf/lib/libc.a(lib_a-findfp.o)
 .data          0x0000000000054788        0x0 /opt/intelFPGA/21.1/nios2eds/bin/gnu/H-x86_64-pc-linux-gnu/bin/../lib/gcc/nios2-elf/11.2.1/../../../../../H-x86_64-pc-linux-gnu/nios2-elf/lib/libc.a(lib_a-freer.o)
 .data          0x0000000000054788        0x0 /opt/intelFPGA/21.1/nios2eds/bin/gnu/H-x86_64-pc-linux-gnu/bin/../lib/gcc/nios2-elf/11.2.1/../../../../../H-x86_64-pc-linux-gnu/nios2-elf/lib/libc.a(lib_a-fvwrite.o)
 .data          0x0000000000054788        0x0 /opt/intelFPGA/21.1/nios2eds/bin/gnu/H-x86_64-pc-linux-gnu/bin/../lib/gcc/nios2-elf/11.2.1/../../../../../H-x86_64-pc-linux-gnu/nios2-elf/lib/libc.a(lib_a-fwalk.o)
 .data          0x0000000000054788        0x0 /opt/intelFPGA/21.1/nios2eds/bin/gnu/H-x86_64-pc-linux-gnu/bin/../lib/gcc/nios2-elf/11.2.1/../../../../../H-x86_64-pc-linux-gnu/nios2-elf/lib/libc.a(lib_a-localeconv.o)
 .data          0x0000000000054788        0x0 /opt/intelFPGA/21.1/nios2eds/bin/gnu/H-x86_64-pc-linux-gnu/bin/../lib/gcc/nios2-elf/11.2.1/../../../../../H-x86_64-pc-linux-gnu/nios2-elf/lib/libc.a(lib_a-makebuf.o)
 .data          0x0000000000054788        0x0 /opt/intelFPGA/21.1/nios2eds/bin/gnu/H-x86_64-pc-linux-gnu/bin/../lib/gcc/nios2-elf/11.2.1/../../../../../H-x86_64-pc-linux-gnu/nios2-elf/lib/libc.a(lib_a-mallocr.o)
 .data.__malloc_av_
                0x0000000000054788      0x408 /opt/intelFPGA/21.1/nios2eds/bin/gnu/H-x86_64-pc-linux-gnu/bin/../lib/gcc/nios2-elf/11.2.1/../../../../../H-x86_64-pc-linux-gnu/nios2-elf/lib/libc.a(lib_a-mallocr.o)
                0x0000000000054788                __malloc_av_
 .data          0x0000000000054b90        0x0 /opt/intelFPGA/21.1/nios2eds/bin/gnu/H-x86_64-pc-linux-gnu/bin/../lib/gcc/nios2-elf/11.2.1/../../../../../H-x86_64-pc-linux-gnu/nios2-elf/lib/libc.a(lib_a-memchr.o)
 .data          0x0000000000054b90        0x0 /opt/intelFPGA/21.1/nios2eds/bin/gnu/H-x86_64-pc-linux-gnu/bin/../lib/gcc/nios2-elf/11.2.1/../../../../../H-x86_64-pc-linux-gnu/nios2-elf/lib/libc.a(lib_a-memcpy.o)
 .data          0x0000000000054b90        0x0 /opt/intelFPGA/21.1/nios2eds/bin/gnu/H-x86_64-pc-linux-gnu/bin/../lib/gcc/nios2-elf/11.2.1/../../../../../H-x86_64-pc-linux-gnu/nios2-elf/lib/libc.a(lib_a-memmove.o)
 .data          0x0000000000054b90        0x0 /opt/intelFPGA/21.1/nios2eds/bin/gnu/H-x86_64-pc-linux-gnu/bin/../lib/gcc/nios2-elf/11.2.1/../../../../../H-x86_64-pc-linux-gnu/nios2-elf/lib/libc.a(lib_a-memset.o)
 .data          0x0000000000054b90        0x0 /opt/intelFPGA/21.1/nios2eds/bin/gnu/H-x86_64-pc-linux-gnu/bin/../lib/gcc/nios2-elf/11.2.1/../../../../../H-x86_64-pc-linux-gnu/nios2-elf/lib/libc.a(lib_a-mprec.o)
 .data          0x0000000000054b90        0x0 /opt/intelFPGA/21.1/nios2eds/bin/gnu/H-x86_64-pc-linux-gnu/bin/../lib/gcc/nios2-elf/11.2.1/../../../../../H-x86_64-pc-linux-gnu/nios2-elf/lib/libc.a(lib_a-putc.o)
 .data          0x0000000000054b90        0x0 /opt/intelFPGA/21.1/nios2eds/bin/gnu/H-x86_64-pc-linux-gnu/bin/../lib/gcc/nios2-elf/11.2.1/../../../../../H-x86_64-pc-linux-gnu/nios2-elf/lib/libc.a(lib_a-reallocr.o)
 .data          0x0000000000054b90        0x0 /opt/intelFPGA/21.1/nios2eds/bin/gnu/H-x86_64-pc-linux-gnu/bin/../lib/gcc/nios2-elf/11.2.1/../../../../../H-x86_64-pc-linux-gnu/nios2-elf/lib/libc.a(lib_a-sbrkr.o)
 .data          0x0000000000054b90        0x0 /opt/intelFPGA/21.1/nios2eds/bin/gnu/H-x86_64-pc-linux-gnu/bin/../lib/gcc/nios2-elf/11.2.1/../../../../../H-x86_64-pc-linux-gnu/nios2-elf/lib/libc.a(lib_a-stdio.o)
 .data          0x0000000000054b90        0x0 /opt/intelFPGA/21.1/nios2eds/bin/gnu/H-x86_64-pc-linux-gnu/bin/../lib/gcc/nios2-elf/11.2.1/../../../../../H-x86_64-pc-linux-gnu/nios2-elf/lib/libc.a(lib_a-vfiprintf.o)
 .data          0x0000000000054b90        0x0 /opt/intelFPGA/21.1/nios2eds/bin/gnu/H-x86_64-pc-linux-gnu/bin/../lib/gcc/nios2-elf/11.2.1/../../../../../H-x86_64-pc-linux-gnu/nios2-elf/lib/libc.a(lib_a-wbuf.o)
 .data          0x0000000000054b90        0x0 /opt/intelFPGA/21.1/nios2eds/bin/gnu/H-x86_64-pc-linux-gnu/bin/../lib/gcc/nios2-elf/11.2.1/../../../../../H-x86_64-pc-linux-gnu/nios2-elf/lib/libc.a(lib_a-writer.o)
 .data          0x0000000000054b90        0x0 /opt/intelFPGA/21.1/nios2eds/bin/gnu/H-x86_64-pc-linux-gnu/bin/../lib/gcc/nios2-elf/11.2.1/../../../../../H-x86_64-pc-linux-gnu/nios2-elf/lib/libc.a(closer.o)
 .data          0x0000000000054b90        0x0 /opt/intelFPGA/21.1/nios2eds/bin/gnu/H-x86_64-pc-linux-gnu/bin/../lib/gcc/nios2-elf/11.2.1/../../../../../H-x86_64-pc-linux-gnu/nios2-elf/lib/libc.a(lib_a-assert.o)
 .data          0x0000000000054b90        0x0 /opt/intelFPGA/21.1/nios2eds/bin/gnu/H-x86_64-pc-linux-gnu/bin/../lib/gcc/nios2-elf/11.2.1/../../../../../H-x86_64-pc-linux-gnu/nios2-elf/lib/libc.a(lib_a-callocr.o)
 .data          0x0000000000054b90        0x0 /opt/intelFPGA/21.1/nios2eds/bin/gnu/H-x86_64-pc-linux-gnu/bin/../lib/gcc/nios2-elf/11.2.1/../../../../../H-x86_64-pc-linux-gnu/nios2-elf/lib/libc.a(lib_a-fclose.o)
 .data          0x0000000000054b90        0x0 /opt/intelFPGA/21.1/nios2eds/bin/gnu/H-x86_64-pc-linux-gnu/bin/../lib/gcc/nios2-elf/11.2.1/../../../../../H-x86_64-pc-linux-gnu/nios2-elf/lib/libc.a(lib_a-fiprintf.o)