Archive member included to satisfy reference by file (symbol)

/opt/intelFPGA/21.1/nios2eds/bin/gnu/H-x86_64-pc-linux-gnu/bin/../lib/gcc/nios2-elf/11.2.1/../../../../../H-x86_64-pc-linux-gnu/nios2-elf/lib/libm.a(lib_a-w_pow.o)
                              obj/default/Main.o (pow)
/opt/intelFPGA/21.1/nios2eds/bin/gnu/H-x86_64-pc-linux-gnu/bin/../lib/gcc/nios2-elf/11.2.1/../../../../../H-x86_64-pc-linux-gnu/nios2-elf/lib/libm.a(lib_a-e_pow.o)
                              /opt/intelFPGA/21.1/nios2eds/bin/gnu/H-x86_64-pc-linux-gnu/bin/../lib/gcc/nios2-elf/11.2.1/../../../../../H-x86_64-pc-linux-gnu/nios2-elf/lib/libm.a(lib_a-w_pow.o) (__ieee754_pow)
/opt/intelFPGA/21.1/nios2eds/bin/gnu/H-x86_64-pc-linux-gnu/bin/../lib/gcc/nios2-elf/11.2.1/../../../../../H-x86_64-pc-linux-gnu/nios2-elf/lib/libm.a(lib_a-e_sqrt.o)
                              /opt/intelFPGA/21.1/nios2eds/bin/gnu/H-x86_64-pc-linux-gnu/bin/../lib/gcc/nios2-elf/11.2.1/../../../../../H-x86_64-pc-linux-gnu/nios2-elf/lib/libm.a(lib_a-e_pow.o) (__ieee754_sqrt)
/opt/intelFPGA/21.1/nios2eds/bin/gnu/H-x86_64-pc-linux-gnu/bin/../lib/gcc/nios2-elf/11.2.1/../../../../../H-x86_64-pc-linux-gnu/nios2-elf/lib/libm.a(lib_a-math_err.o)
                              /opt/intelFPGA/21.1/nios2eds/bin/gnu/H-x86_64-pc-linux-gnu/bin/../lib/gcc/nios2-elf/11.2.1/../../../../../H-x86_64-pc-linux-gnu/nios2-elf/lib/libm.a(lib_a-e_pow.o) (__math_uflow)
/opt/intelFPGA/21.1/nios2eds/bin/gnu/H-x86_64-pc-linux-gnu/bin/../lib/gcc/nios2-elf/11.2.1/../../../../../H-x86_64-pc-linux-gnu/nios2-elf/lib/libm.a(lib_a-s_scalbn.o)
                              /opt/intelFPGA/21.1/nios2eds/bin/gnu/H-x86_64-pc-linux-gnu/bin/../lib/gcc/nios2-elf/11.2.1/../../../../../H-x86_64-pc-linux-gnu/nios2-elf/lib/libm.a(lib_a-e_pow.o) (scalbn)
/opt/intelFPGA/21.1/nios2eds/bin/gnu/H-x86_64-pc-linux-gnu/bin/../lib/gcc/nios2-elf/11.2.1/libgcc.a(adddf3.o)
                              /opt/intelFPGA/21.1/nios2eds/bin/gnu/H-x86_64-pc-linux-gnu/bin/../lib/gcc/nios2-elf/11.2.1/../../../../../H-x86_64-pc-linux-gnu/nios2-elf/lib/libm.a(lib_a-e_pow.o) (__adddf3)
/opt/intelFPGA/21.1/nios2eds/bin/gnu/H-x86_64-pc-linux-gnu/bin/../lib/gcc/nios2-elf/11.2.1/libgcc.a(divdf3.o)
                              /opt/intelFPGA/21.1/nios2eds/bin/gnu/H-x86_64-pc-linux-gnu/bin/../lib/gcc/nios2-elf/11.2.1/../../../../../H-x86_64-pc-linux-gnu/nios2-elf/lib/libm.a(lib_a-e_pow.o) (__divdf3)
/opt/intelFPGA/21.1/nios2eds/bin/gnu/H-x86_64-pc-linux-gnu/bin/../lib/gcc/nios2-elf/11.2.1/libgcc.a(eqdf2.o)
                              /opt/intelFPGA/21.1/nios2eds/bin/gnu/H-x86_64-pc-linux-gnu/bin/../lib/gcc/nios2-elf/11.2.1/../../../../../H-x86_64-pc-linux-gnu/nios2-elf/lib/libm.a(lib_a-w_pow.o) (__eqdf2)
/opt/intelFPGA/21.1/nios2eds/bin/gnu/H-x86_64-pc-linux-gnu/bin/../lib/gcc/nios2-elf/11.2.1/libgcc.a(gedf2.o)
                              /opt/intelFPGA/21.1/nios2eds/bin/gnu/H-x86_64-pc-linux-gnu/bin/../lib/gcc/nios2-elf/11.2.1/../../../../../H-x86_64-pc-linux-gnu/nios2-elf/lib/libm.a(lib_a-e_pow.o) (__gedf2)
/opt/intelFPGA/21.1/nios2eds/bin/gnu/H-x86_64-pc-linux-gnu/bin/../lib/gcc/nios2-elf/11.2.1/libgcc.a(ledf2.o)
                              /opt/intelFPGA/21.1/nios2eds/bin/gnu/H-x86_64-pc-linux-gnu/bin/../lib/gcc/nios2-elf/11.2.1/../../../../../H-x86_64-pc-linux-gnu/nios2-elf/lib/libm.a(lib_a-math_err.o) (__ledf2)
/opt/intelFPGA/21.1/nios2eds/bin/gnu/H-x86_64-pc-linux-gnu/bin/../lib/gcc/nios2-elf/11.2.1/libgcc.a(muldf3.o)
                              /opt/intelFPGA/21.1/nios2eds/bin/gnu/H-x86_64-pc-linux-gnu/bin/../lib/gcc/nios2-elf/11.2.1/../../../../../H-x86_64-pc-linux-gnu/nios2-elf/lib/libm.a(lib_a-e_pow.o) (__muldf3)
/opt/intelFPGA/21.1/nios2eds/bin/gnu/H-x86_64-pc-linux-gnu/bin/../lib/gcc/nios2-elf/11.2.1/libgcc.a(subdf3.o)
                              /opt/intelFPGA/21.1/nios2eds/bin/gnu/H-x86_64-pc-linux-gnu/bin/../lib/gcc/nios2-elf/11.2.1/../../../../../H-x86_64-pc-linux-gnu/nios2-elf/lib/libm.a(lib_a-e_pow.o) (__subdf3)
/opt/intelFPGA/21.1/nios2eds/bin/gnu/H-x86_64-pc-linux-gnu/bin/../lib/gcc/nios2-elf/11.2.1/libgcc.a(unorddf2.o)
                              /opt/intelFPGA/21.1/nios2eds/bin/gnu/H-x86_64-pc-linux-gnu/bin/../lib/gcc/nios2-elf/11.2.1/../../../../../H-x86_64-pc-linux-gnu/nios2-elf/lib/libm.a(lib_a-w_pow.o) (__unorddf2)
/opt/intelFPGA/21.1/nios2eds/bin/gnu/H-x86_64-pc-linux-gnu/bin/../lib/gcc/nios2-elf/11.2.1/libgcc.a(fixdfsi.o)
                              obj/default/Main.o (__fixdfsi)
/opt/intelFPGA/21.1/nios2eds/bin/gnu/H-x86_64-pc-linux-gnu/bin/../lib/gcc/nios2-elf/11.2.1/libgcc.a(floatsidf.o)
                              obj/default/Main.o (__floatsidf)
/opt/intelFPGA/21.1/nios2eds/bin/gnu/H-x86_64-pc-linux-gnu/bin/../lib/gcc/nios2-elf/11.2.1/libgcc.a(_clzsi2.o)
                              /opt/intelFPGA/21.1/nios2eds/bin/gnu/H-x86_64-pc-linux-gnu/bin/../lib/gcc/nios2-elf/11.2.1/libgcc.a(adddf3.o) (__clzsi2)
[...]
Memory Configuration

Name             Origin             Length             Attributes
reset            0x0000000000040000 0x0000000000000020
onchip_memory2   0x0000000000040020 0x0000000000031fe0
*default*        0x0000000000000000 0xffffffffffffffff

Linker script and memory map

LOAD ../Hello_World_new_2_bsp//obj/HAL/src/crt0.o
LOAD obj/default/CheckSignal.o
LOAD obj/default/Main.o
LOAD /opt/intelFPGA/21.1/nios2eds/bin/gnu/H-x86_64-pc-linux-gnu/bin/../lib/gcc/nios2-elf/11.2.1/../../../../../H-x86_64-pc-linux-gnu/nios2-elf/lib/libstdc++.a
LOAD /opt/intelFPGA/21.1/nios2eds/bin/gnu/H-x86_64-pc-linux-gnu/bin/../lib/gcc/nios2-elf/11.2.1/../../../../../H-x86_64-pc-linux-gnu/nios2-elf/lib/libm.a
LOAD /opt/intelFPGA/21.1/nios2eds/bin/gnu/H-x86_64-pc-linux-gnu/bin/../lib/gcc/nios2-elf/11.2.1/libgcc.a
START GROUP
LOAD /opt/intelFPGA/21.1/nios2eds/bin/gnu/H-x86_64-pc-linux-gnu/bin/../lib/gcc/nios2-elf/11.2.1/../../../../../H-x86_64-pc-linux-gnu/nios2-elf/lib/libc.a
LOAD /opt/intelFPGA/21.1/nios2eds/bin/gnu/H-x86_64-pc-linux-gnu/bin/../lib/gcc/nios2-elf/11.2.1/libgcc.a
LOAD ../Hello_World_new_2_bsp//libhal_bsp.a
LOAD /opt/intelFPGA/21.1/nios2eds/bin/gnu/H-x86_64-pc-linux-gnu/bin/../lib/gcc/nios2-elf/11.2.1/../../../../../H-x86_64-pc-linux-gnu/nios2-elf/lib/libm.a
END GROUP
LOAD /opt/intelFPGA/21.1/nios2eds/bin/gnu/H-x86_64-pc-linux-gnu/bin/../lib/gcc/nios2-elf/11.2.1/libgcc.a
                0x0000000000040000                __alt_mem_onchip_memory2 = 0x40000

.entry          0x0000000000040000       0x20
 *(.entry)
 .entry         0x0000000000040000       0x20 ../Hello_World_new_2_bsp//obj/HAL/src/crt0.o
                0x0000000000040000                __reset

.exceptions     0x0000000000040020      0x218
                0x0000000000040020                PROVIDE (__ram_exceptions_start = ABSOLUTE (.))
                0x0000000000040020                . = ALIGN (0x20)
 *(.irq)
 *(.exceptions.entry.label)
 .exceptions.entry.label
                0x0000000000040020        0x0 ../Hello_World_new_2_bsp//libhal_bsp.a(alt_irq_entry.o)
                0x0000000000040020                alt_irq_entry
 .exceptions.entry.label
                0x0000000000040020        0x0 ../Hello_World_new_2_bsp//libhal_bsp.a(alt_exception_entry.o)
                0x0000000000040020                alt_exception
 *(.exceptions.entry.user)
 *(.exceptions.entry.ecc_fatal)
 *(.exceptions.entry)
 .exceptions.entry
                0x0000000000040020       0x54 ../Hello_World_new_2_bsp//libhal_bsp.a(alt_exception_entry.o)
 *(.exceptions.irqtest.user)
 *(.exceptions.irqtest)
 .exceptions.irqtest
                0x0000000000040074       0x10 ../Hello_World_new_2_bsp//libhal_bsp.a(alt_irq_entry.o)
 *(.exceptions.irqhandler.user)
 *(.exceptions.irqhandler)
 .exceptions.irqhandler
                0x0000000000040084        0x4 ../Hello_World_new_2_bsp//libhal_bsp.a(alt_irq_entry.o)
 *(.exceptions.irqreturn.user)
 *(.exceptions.irqreturn)
 .exceptions.irqreturn
                0x0000000000040088        0x4 ../Hello_World_new_2_bsp//libhal_bsp.a(alt_irq_entry.o)
 *(.exceptions.notirq.label)
 .exceptions.notirq.label
                0x000000000004008c        0x0 ../Hello_World_new_2_bsp//libhal_bsp.a(alt_irq_entry.o)
 *(.exceptions.notirq.user)
 *(.exceptions.notirq)
 .exceptions.notirq
                0x000000000004008c        0x8 ../Hello_World_new_2_bsp//libhal_bsp.a(alt_exception_entry.o)
 *(.exceptions.soft.user)
 *(.exceptions.soft)
 *(.exceptions.unknown.user)
 *(.exceptions.unknown)
 .exceptions.unknown
                0x0000000000040094       0x14 ../Hello_World_new_2_bsp//libhal_bsp.a(alt_exception_entry.o)
 *(.exceptions.exit.label)
 .exceptions.exit.label
                0x00000000000400a8        0x0 ../Hello_World_new_2_bsp//libhal_bsp.a(alt_irq_entry.o)
 .exceptions.exit.label
                0x00000000000400a8        0x0 ../Hello_World_new_2_bsp//libhal_bsp.a(alt_exception_entry.o)
 *(.exceptions.exit.user)
 *(.exceptions.exit)
 .exceptions.exit
                0x00000000000400a8       0x54 ../Hello_World_new_2_bsp//libhal_bsp.a(alt_exception_entry.o)
 *(.exceptions)
 .exceptions    0x00000000000400fc       0xc8 ../Hello_World_new_2_bsp//libhal_bsp.a(alt_irq_handler.o)
                0x00000000000400fc                alt_irq_handler
 .exceptions    0x00000000000401c4       0x74 ../Hello_World_new_2_bsp//libhal_bsp.a(alt_instruction_exception_entry.o)
                0x00000000000401c4                alt_instruction_exception_entry
                0x0000000000040238                PROVIDE (__ram_exceptions_end = ABSOLUTE (.))
                0x0000000000040020                PROVIDE (__flash_exceptions_start = LOADADDR (.exceptions))

.text           0x0000000000040238    0x1113c
                [!provide]                        PROVIDE (stext = ABSOLUTE (.))
 *(.interp)
 *(.hash)
 *(.dynsym)
 *(.dynstr)
 *(.gnu.version)
 *(.gnu.version_d)
 *(.gnu.version_r)
 *(.rel.init)
 *(.rela.init)
 *(.rel.text .rel.text.* .rel.gnu.linkonce.t.*)
 *(.rela.text .rela.text.* .rela.gnu.linkonce.t.*)
 *(.rel.fini)
 *(.rela.fini)
 *(.rel.rodata .rel.rodata.* .rel.gnu.linkonce.r.*)
 *(.rela.rodata .rela.rodata.* .rela.gnu.linkonce.r.*)
 *(.rel.data .rel.data.* .rel.gnu.linkonce.d.*)
 *(.rela.data .rela.data.* .rela.gnu.linkonce.d.*)
 *(.rel.tdata .rel.tdata.* .rel.gnu.linkonce.td.*)
 *(.rela.tdata .rela.tdata.* .rela.gnu.linkonce.td.*)
 *(.rel.tbss .rel.tbss.* .rel.gnu.linkonce.tb.*)
 *(.rela.tbss .rela.tbss.* .rela.gnu.linkonce.tb.*)
 *(.rel.ctors)
 *(.rela.ctors)
 *(.rel.dtors)
 *(.rela.dtors)
 *(.rel.got)
 *(.rela.got)
 *(.rel.sdata .rel.sdata.* .rel.gnu.linkonce.s.*)
 *(.rela.sdata .rela.sdata.* .rela.gnu.linkonce.s.*)
 *(.rel.sbss .rel.sbss.* .rel.gnu.linkonce.sb.*)
 *(.rela.sbss .rela.sbss.* .rela.gnu.linkonce.sb.*)
 *(.rel.sdata2 .rel.sdata2.* .rel.gnu.linkonce.s2.*)
 *(.rela.sdata2 .rela.sdata2.* .rela.gnu.linkonce.s2.*)
 *(.rel.sbss2 .rel.sbss2.* .rel.gnu.linkonce.sb2.*)
 *(.rela.sbss2 .rela.sbss2.* .rela.gnu.linkonce.sb2.*)
 *(.rel.bss .rel.bss.* .rel.gnu.linkonce.b.*)
 *(.rela.bss .rela.bss.* .rela.gnu.linkonce.b.*)
 *(.rel.plt)
 *(.rela.plt)
 *(.rel.dyn)
 *(.init)
 *(.plt)
 *(.text .stub .text.* .gnu.linkonce.t.*)
 .text          0x0000000000040238       0x4c ../Hello_World_new_2_bsp//obj/HAL/src/crt0.o
                0x0000000000040238                _start
 .text          0x0000000000040284        0x0 obj/default/CheckSignal.o
 .text          0x0000000000040284      0x158 obj/default/Main.o
                0x0000000000040284                printbit
                0x0000000000040304                main
 .text          0x00000000000403dc        0x0 /opt/intelFPGA/21.1/nios2eds/bin/gnu/H-x86_64-pc-linux-gnu/bin/../lib/gcc/nios2-elf/11.2.1/../../../../../H-x86_64-pc-linux-gnu/nios2-elf/lib/libm.a(lib_a-w_pow.o)
 .text.pow      0x00000000000403dc      0x2bc /opt/intelFPGA/21.1/nios2eds/bin/gnu/H-x86_64-pc-linux-gnu/bin/../lib/gcc/nios2-elf/11.2.1/../../../../../H-x86_64-pc-linux-gnu/nios2-elf/lib/libm.a(lib_a-w_pow.o)
                0x00000000000403dc                pow
 .text          0x0000000000040698        0x0 /opt/intelFPGA/21.1/nios2eds/bin/gnu/H-x86_64-pc-linux-gnu/bin/../lib/gcc/nios2-elf/11.2.1/../../../../../H-x86_64-pc-linux-gnu/nios2-elf/lib/libm.a(lib_a-e_pow.o)
 .text.__ieee754_pow
                0x0000000000040698     0x1108 /opt/intelFPGA/21.1/nios2eds/bin/gnu/H-x86_64-pc-linux-gnu/bin/../lib/gcc/nios2-elf/11.2.1/../../../../../H-x86_64-pc-linux-gnu/nios2-elf/lib/libm.a(lib_a-e_pow.o)
                0x0000000000040698                __ieee754_pow
 .text          0x00000000000417a0        0x0 /opt/intelFPGA/21.1/nios2eds/bin/gnu/H-x86_64-pc-linux-gnu/bin/../lib/gcc/nios2-elf/11.2.1/../../../../../H-x86_64-pc-linux-gnu/nios2-elf/lib/libm.a(lib_a-e_sqrt.o)
 .text.__ieee754_sqrt
                0x00000000000417a0      0x25c /opt/intelFPGA/21.1/nios2eds/bin/gnu/H-x86_64-pc-linux-gnu/bin/../lib/gcc/nios2-elf/11.2.1/../../../../../H-x86_64-pc-linux-gnu/nios2-elf/lib/libm.a(lib_a-e_sqrt.o)
                0x00000000000417a0                __ieee754_sqrt
 .text          0x00000000000419fc        0x0 /opt/intelFPGA/21.1/nios2eds/bin/gnu/H-x86_64-pc-linux-gnu/bin/../lib/gcc/nios2-elf/11.2.1/../../../../../H-x86_64-pc-linux-gnu/nios2-elf/lib/libm.a(lib_a-math_err.o)
 .text.with_errno
                0x00000000000419fc       0x48 /opt/intelFPGA/21.1/nios2eds/bin/gnu/H-x86_64-pc-linux-gnu/bin/../lib/gcc/nios2-elf/11.2.1/../../../../../H-x86_64-pc-linux-gnu/nios2-elf/lib/libm.a(lib_a-math_err.o)
 .text.xflow    0x0000000000041a44       0x50 /opt/intelFPGA/21.1/nios2eds/bin/gnu/H-x86_64-pc-linux-gnu/bin/../lib/gcc/nios2-elf/11.2.1/../../../../../H-x86_64-pc-linux-gnu/nios2-elf/lib/libm.a(lib_a-math_err.o)
 .text.__math_uflow
                0x0000000000041a94        0xc /opt/intelFPGA/21.1/nios2eds/bin/gnu/H-x86_64-pc-linux-gnu/bin/../lib/gcc/nios2-elf/11.2.1/../../../../../H-x86_64-pc-linux-gnu/nios2-elf/lib/libm.a(lib_a-math_err.o)
                0x0000000000041a94                __math_uflow
 .text.__math_may_uflow
                0x0000000000041aa0        0xc /opt/intelFPGA/21.1/nios2eds/bin/gnu/H-x86_64-pc-linux-gnu/bin/../lib/gcc/nios2-elf/11.2.1/../../../../../H-x86_64-pc-linux-gnu/nios2-elf/lib/libm.a(lib_a-math_err.o)
                0x0000000000041aa0                __math_may_uflow
 .text.__math_oflow
                0x0000000000041aac        0xc /opt/intelFPGA/21.1/nios2eds/bin/gnu/H-x86_64-pc-linux-gnu/bin/../lib/gcc/nios2-elf/11.2.1/../../../../../H-x86_64-pc-linux-gnu/nios2-elf/lib/libm.a(lib_a-math_err.o)
                0x0000000000041aac                __math_oflow
 .text.__math_divzero
                0x0000000000041ab8       0x4c /opt/intelFPGA/21.1/nios2eds/bin/gnu/H-x86_64-pc-linux-gnu/bin/../lib/gcc/nios2-elf/11.2.1/../../../../../H-x86_64-pc-linux-gnu/nios2-elf/lib/libm.a(lib_a-math_err.o)
                0x0000000000041ab8                __math_divzero
 .text.__math_invalid
                0x0000000000041b04       0x94 /opt/intelFPGA/21.1/nios2eds/bin/gnu/H-x86_64-pc-linux-gnu/bin/../lib/gcc/nios2-elf/11.2.1/../../../../../H-x86_64-pc-linux-gnu/nios2-elf/lib/libm.a(lib_a-math_err.o)
                0x0000000000041b04                __math_invalid
 .text.__math_check_uflow
                0x0000000000041b98       0x64 /opt/intelFPGA/21.1/nios2eds/bin/gnu/H-x86_64-pc-linux-gnu/bin/../lib/gcc/nios2-elf/11.2.1/../../../../../H-x86_64-pc-linux-gnu/nios2-elf/lib/libm.a(lib_a-math_err.o)
                0x0000000000041b98                __math_check_uflow
 .text.__math_check_oflow
                0x0000000000041bfc       0xa0 /opt/intelFPGA/21.1/nios2eds/bin/gnu/H-x86_64-pc-linux-gnu/bin/../lib/gcc/nios2-elf/11.2.1/../../../../../H-x86_64-pc-linux-gnu/nios2-elf/lib/libm.a(lib_a-math_err.o)
                0x0000000000041bfc                __math_check_oflow
 .text          0x0000000000041c9c        0x0 /opt/intelFPGA/21.1/nios2eds/bin/gnu/H-x86_64-pc-linux-gnu/bin/../lib/gcc/nios2-elf/11.2.1/../../../../../H-x86_64-pc-linux-gnu/nios2-elf/lib/libm.a(lib_a-s_scalbn.o)
 .text.scalbn   0x0000000000041c9c      0x1b4 /opt/intelFPGA/21.1/nios2eds/bin/gnu/H-x86_64-pc-linux-gnu/bin/../lib/gcc/nios2-elf/11.2.1/../../../../../H-x86_64-pc-linux-gnu/nios2-elf/lib/libm.a(lib_a-s_scalbn.o)
                0x0000000000041c9c                scalbn
 .text          0x0000000000041e50      0x90c /opt/intelFPGA/21.1/nios2eds/bin/gnu/H-x86_64-pc-linux-gnu/bin/../lib/gcc/nios2-elf/11.2.1/libgcc.a(adddf3.o)
                0x0000000000041e50                __adddf3
 .text          0x000000000004275c      0x84c /opt/intelFPGA/21.1/nios2eds/bin/gnu/H-x86_64-pc-linux-gnu/bin/../lib/gcc/nios2-elf/11.2.1/libgcc.a(divdf3.o)
                0x000000000004275c                __divdf3
 .text          0x0000000000042fa8       0x80 /opt/intelFPGA/21.1/nios2eds/bin/gnu/H-x86_64-pc-linux-gnu/bin/../lib/gcc/nios2-elf/11.2.1/libgcc.a(eqdf2.o)
                0x0000000000042fa8                __eqdf2
                0x0000000000042fa8                __nedf2
 .text          0x0000000000043028       0xe8 /opt/intelFPGA/21.1/nios2eds/bin/gnu/H-x86_64-pc-linux-gnu/bin/../lib/gcc/nios2-elf/11.2.1/libgcc.a(gedf2.o)
                0x0000000000043028                __gtdf2
                0x0000000000043028                __gedf2
 .text          0x0000000000043110       0xe8 /opt/intelFPGA/21.1/nios2eds/bin/gnu/H-x86_64-pc-linux-gnu/bin/../lib/gcc/nios2-elf/11.2.1/libgcc.a(ledf2.o)
                0x0000000000043110                __ltdf2
                0x0000000000043110                __ledf2
 .text          0x00000000000431f8      0x714 /opt/intelFPGA/21.1/nios2eds/bin/gnu/H-x86_64-pc-linux-gnu/bin/../lib/gcc/nios2-elf/11.2.1/libgcc.a(muldf3.o)
                0x00000000000431f8                __muldf3
 .text          0x000000000004390c      0x8d4 /opt/intelFPGA/21.1/nios2eds/bin/gnu/H-x86_64-pc-linux-gnu/bin/../lib/gcc/nios2-elf/11.2.1/libgcc.a(subdf3.o)
                0x000000000004390c                __subdf3
 .text          0x00000000000441e0       0x54 /opt/intelFPGA/21.1/nios2eds/bin/gnu/H-x86_64-pc-linux-gnu/bin/../lib/gcc/nios2-elf/11.2.1/libgcc.a(unorddf2.o)
                0x00000000000441e0                __unorddf2
 .text          0x0000000000044234       0x80 /opt/intelFPGA/21.1/nios2eds/bin/gnu/H-x86_64-pc-linux-gnu/bin/../lib/gcc/nios2-elf/11.2.1/libgcc.a(fixdfsi.o)
                0x0000000000044234                __fixdfsi
 .text          0x00000000000442b4       0xb8 /opt/intelFPGA/21.1/nios2eds/bin/gnu/H-x86_64-pc-linux-gnu/bin/../lib/gcc/nios2-elf/11.2.1/libgcc.a(floatsidf.o)
                0x00000000000442b4                __floatsidf
 .text          0x000000000004436c       0x50 /opt/intelFPGA/21.1/nios2eds/bin/gnu/H-x86_64-pc-linux-gnu/bin/../lib/gcc/nios2-elf/11.2.1/libgcc.a(_clzsi2.o)
                0x000000000004436c                __clzsi2
 .text          0x00000000000443bc      0x1b4 /opt/intelFPGA/21.1/nios2eds/bin/gnu/H-x86_64-pc-linux-gnu/bin/../lib/gcc/nios2-elf/11.2.1/libgcc.a(lib2-divmod.o)
                0x00000000000443bc                __divsi3
                0x000000000004443c                __modsi3
                0x00000000000444b0                __udivsi3
                0x0000000000044514                __umodsi3
 .text          0x0000000000044570        0x0 /opt/intelFPGA/21.1/nios2eds/bin/gnu/H-x86_64-pc-linux-gnu/bin/../lib/gcc/nios2-elf/11.2.1/libgcc.a(_clz.o)
 .text          0x0000000000044570        0x0 /opt/intelFPGA/21.1/nios2eds/bin/gnu/H-x86_64-pc-linux-gnu/bin/../lib/gcc/nios2-elf/11.2.1/../../../../../H-x86_64-pc-linux-gnu/nios2-elf/lib/libc.a(lib_a-errno.o)
 .text.__errno  0x0000000000044570        0xc /opt/intelFPGA/21.1/nios2eds/bin/gnu/H-x86_64-pc-linux-gnu/bin/../lib/gcc/nios2-elf/11.2.1/../../../../../H-x86_64-pc-linux-gnu/nios2-elf/lib/libc.a(lib_a-errno.o)
                0x0000000000044570                __errno
 .text          0x000000000004457c        0x0 /opt/intelFPGA/21.1/nios2eds/bin/gnu/H-x86_64-pc-linux-gnu/bin/../lib/gcc/nios2-elf/11.2.1/../../../../../H-x86_64-pc-linux-gnu/nios2-elf/lib/libc.a(lib_a-impure.o)
 .text          0x000000000004457c        0x0 /opt/intelFPGA/21.1/nios2eds/bin/gnu/H-x86_64-pc-linux-gnu/bin/../lib/gcc/nios2-elf/11.2.1/../../../../../H-x86_64-pc-linux-gnu/nios2-elf/lib/libc.a(lib_a-printf.o)
 .text._printf_r
                0x000000000004457c       0x30 /opt/intelFPGA/21.1/nios2eds/bin/gnu/H-x86_64-pc-linux-gnu/bin/../lib/gcc/nios2-elf/11.2.1/../../../../../H-x86_64-pc-linux-gnu/nios2-elf/lib/libc.a(lib_a-printf.o)
                0x000000000004457c                _printf_r
 .text.printf   0x00000000000445ac       0x38 /opt/intelFPGA/21.1/nios2eds/bin/gnu/H-x86_64-pc-linux-gnu/bin/../lib/gcc/nios2-elf/11.2.1/../../../../../H-x86_64-pc-linux-gnu/nios2-elf/lib/libc.a(lib_a-printf.o)
                0x00000000000445ac                printf
 .text          0x00000000000445e4        0x0 /opt/intelFPGA/21.1/nios2eds/bin/gnu/H-x86_64-pc-linux-gnu/bin/../lib/gcc/nios2-elf/11.2.1/../../../../../H-x86_64-pc-linux-gnu/nios2-elf/lib/libc.a(lib_a-putchar.o)
 .text._putchar_r
                0x00000000000445e4        0x8 /opt/intelFPGA/21.1/nios2eds/bin/gnu/H-x86_64-pc-linux-gnu/bin/../lib/gcc/nios2-elf/11.2.1/../../../../../H-x86_64-pc-linux-gnu/nios2-elf/lib/libc.a(lib_a-putchar.o)
                0x00000000000445e4                _putchar_r
 .text.putchar  0x00000000000445ec       0x18 /opt/intelFPGA/21.1/nios2eds/bin/gnu/H-x86_64-pc-linux-gnu/bin/../lib/gcc/nios2-elf/11.2.1/../../../../../H-x86_64-pc-linux-gnu/nios2-elf/lib/libc.a(lib_a-putchar.o)
                0x00000000000445ec                putchar
 .text          0x0000000000044604        0x0 /opt/intelFPGA/21.1/nios2eds/bin/gnu/H-x86_64-pc-linux-gnu/bin/../lib/gcc/nios2-elf/11.2.1/../../../../../H-x86_64-pc-linux-gnu/nios2-elf/lib/libc.a(lib_a-puts.o)
 .text._puts_r  0x0000000000044604       0xcc /opt/intelFPGA/21.1/nios2eds/bin/gnu/H-x86_64-pc-linux-gnu/bin/../lib/gcc/nios2-elf/11.2.1/../../../../../H-x86_64-pc-linux-gnu/nios2-elf/lib/libc.a(lib_a-puts.o)
                0x0000000000044604                _puts_r
 .text.puts     0x00000000000446d0       0x10 /opt/intelFPGA/21.1/nios2eds/bin/gnu/H-x86_64-pc-linux-gnu/bin/../lib/gcc/nios2-elf/11.2.1/../../../../../H-x86_64-pc-linux-gnu/nios2-elf/lib/libc.a(lib_a-puts.o)
                0x00000000000446d0                puts
 .text          0x00000000000446e0        0x0 /opt/intelFPGA/21.1/nios2eds/bin/gnu/H-x86_64-pc-linux-gnu/bin/../lib/gcc/nios2-elf/11.2.1/../../../../../H-x86_64-pc-linux-gnu/nios2-elf/lib/libc.a(lib_a-strlen.o)
 .text.strlen   0x00000000000446e0       0x98 /opt/intelFPGA/21.1/nios2eds/bin/gnu/H-x86_64-pc-linux-gnu/bin/../lib/gcc/nios2-elf/11.2.1/../../../../../H-x86_64-pc-linux-gnu/nios2-elf/lib/libc.a(lib_a-strlen.o)
                0x00000000000446e0                strlen
 .text          0x0000000000044778        0x0 /opt/intelFPGA/21.1/nios2eds/bin/gnu/H-x86_64-pc-linux-gnu/bin/../lib/gcc/nios2-elf/11.2.1/../../../../../H-x86_64-pc-linux-gnu/nios2-elf/lib/libc.a(lib_a-vfprintf.o)
 .text.___vfprintf_internal_r
                0x0000000000044778     0x2010 /opt/intelFPGA/21.1/nios2eds/bin/gnu/H-x86_64-pc-linux-gnu/bin/../lib/gcc/nios2-elf/11.2.1/../../../../../H-x86_64-pc-linux-gnu/nios2-elf/lib/libc.a(lib_a-vfprintf.o)
                0x0000000000044778                ___vfprintf_internal_r
 .text.__vfprintf_internal
                0x0000000000046788       0x1c /opt/intelFPGA/21.1/nios2eds/bin/gnu/H-x86_64-pc-linux-gnu/bin/../lib/gcc/nios2-elf/11.2.1/../../../../../H-x86_64-pc-linux-gnu/nios2-elf/lib/libc.a(lib_a-vfprintf.o)
                0x0000000000046788                __vfprintf_internal
 .text.__sbprintf
                0x00000000000467a4       0xc0 /opt/intelFPGA/21.1/nios2eds/bin/gnu/H-x86_64-pc-linux-gnu/bin/../lib/gcc/nios2-elf/11.2.1/../../../../../H-x86_64-pc-linux-gnu/nios2-elf/lib/libc.a(lib_a-vfprintf.o)
 .text          0x0000000000046864        0x0 /opt/intelFPGA/21.1/nios2eds/bin/gnu/H-x86_64-pc-linux-gnu/bin/../lib/gcc/nios2-elf/11.2.1/../../../../../H-x86_64-pc-linux-gnu/nios2-elf/lib/libc.a(lib_a-wsetup.o)
 .text.__swsetup_r
                0x0000000000046864      0x164 /opt/intelFPGA/21.1/nios2eds/bin/gnu/H-x86_64-pc-linux-gnu/bin/../lib/gcc/nios2-elf/11.2.1/../../../../../H-x86_64-pc-linux-gnu/nios2-elf/lib/libc.a(lib_a-wsetup.o)
                0x0000000000046864                __swsetup_r
 .text          0x00000000000469c8        0x0 /opt/intelFPGA/21.1/nios2eds/bin/gnu/H-x86_64-pc-linux-gnu/bin/../lib/gcc/nios2-elf/11.2.1/../../../../../H-x86_64-pc-linux-gnu/nios2-elf/lib/libc.a(lib_a-dtoa.o)
 .text.quorem   0x00000000000469c8      0x1fc /opt/intelFPGA/21.1/nios2eds/bin/gnu/H-x86_64-pc-linux-gnu/bin/../lib/gcc/nios2-elf/11.2.1/../../../../../H-x86_64-pc-linux-gnu/nios2-elf/lib/libc.a(lib_a-dtoa.o)
 .text._dtoa_r  0x0000000000046bc4     0x175c /opt/intelFPGA/21.1/nios2eds/bin/gnu/H-x86_64-pc-linux-gnu/bin/../lib/gcc/nios2-elf/11.2.1/../../../../../H-x86_64-pc-linux-gnu/nios2-elf/lib/libc.a(lib_a-dtoa.o)
                0x0000000000046bc4                _dtoa_r
 .text          0x0000000000048320        0x0 /opt/intelFPGA/21.1/nios2eds/bin/gnu/H-x86_64-pc-linux-gnu/bin/../lib/gcc/nios2-elf/11.2.1/../../../../../H-x86_64-pc-linux-gnu/nios2-elf/lib/libc.a(lib_a-fflush.o)
 .text.__sflush_r
                0x0000000000048320      0x228 /opt/intelFPGA/21.1/nios2eds/bin/gnu/H-x86_64-pc-linux-gnu/bin/../lib/gcc/nios2-elf/11.2.1/../../../../../H-x86_64-pc-linux-gnu/nios2-elf/lib/libc.a(lib_a-fflush.o)
                0x0000000000048320                __sflush_r
 .text._fflush_r
                0x0000000000048548       0x60 /opt/intelFPGA/21.1/nios2eds/bin/gnu/H-x86_64-pc-linux-gnu/bin/../lib/gcc/nios2-elf/11.2.1/../../../../../H-x86_64-pc-linux-gnu/nios2-elf/lib/libc.a(lib_a-fflush.o)
                0x0000000000048548                _fflush_r
 .text.fflush   0x00000000000485a8       0x84 /opt/intelFPGA/21.1/nios2eds/bin/gnu/H-x86_64-pc-linux-gnu/bin/../lib/gcc/nios2-elf/11.2.1/../../../../../H-x86_64-pc-linux-gnu/nios2-elf/lib/libc.a(lib_a-fflush.o)
                0x00000000000485a8                fflush
 .text          0x000000000004862c        0x0 /opt/intelFPGA/21.1/nios2eds/bin/gnu/H-x86_64-pc-linux-gnu/bin/../lib/gcc/nios2-elf/11.2.1/../../../../../H-x86_64-pc-linux-gnu/nios2-elf/lib/libc.a(lib_a-findfp.o)
 .text.__fp_lock
                0x000000000004862c        0x8 /opt/intelFPGA/21.1/nios2eds/bin/gnu/H-x86_64-pc-linux-gnu/bin/../lib/gcc/nios2-elf/11.2.1/../../../../../H-x86_64-pc-linux-gnu/nios2-elf/lib/libc.a(lib_a-findfp.o)
 .text._cleanup_r
                0x0000000000048634        0xc /opt/intelFPGA/21.1/nios2eds/bin/gnu/H-x86_64-pc-linux-gnu/bin/../lib/gcc/nios2-elf/11.2.1/../../../../../H-x86_64-pc-linux-gnu/nios2-elf/lib/libc.a(lib_a-findfp.o)
                0x0000000000048634                _cleanup_r
 .text.__fp_unlock
                0x0000000000048640        0x8 /opt/intelFPGA/21.1/nios2eds/bin/gnu/H-x86_64-pc-linux-gnu/bin/../lib/gcc/nios2-elf/11.2.1/../../../../../H-x86_64-pc-linux-gnu/nios2-elf/lib/libc.a(lib_a-findfp.o)
 .text.__sinit.part.0
                0x0000000000048648      0x168 /opt/intelFPGA/21.1/nios2eds/bin/gnu/H-x86_64-pc-linux-gnu/bin/../lib/gcc/nios2-elf/11.2.1/../../../../../H-x86_64-pc-linux-gnu/nios2-elf/lib/libc.a(lib_a-findfp.o)
 .text.__sfmoreglue
                0x00000000000487b0       0x68 /opt/intelFPGA/21.1/nios2eds/bin/gnu/H-x86_64-pc-linux-gnu/bin/../lib/gcc/nios2-elf/11.2.1/../../../../../H-x86_64-pc-linux-gnu/nios2-elf/lib/libc.a(lib_a-findfp.o)
                0x00000000000487b0                __sfmoreglue
 .text.__sfp    0x0000000000048818      0x13c /opt/intelFPGA/21.1/nios2eds/bin/gnu/H-x86_64-pc-linux-gnu/bin/../lib/gcc/nios2-elf/11.2.1/../../../../../H-x86_64-pc-linux-gnu/nios2-elf/lib/libc.a(lib_a-findfp.o)
                0x0000000000048818                __sfp
 .text._cleanup
                0x0000000000048954       0x14 /opt/intelFPGA/21.1/nios2eds/bin/gnu/H-x86_64-pc-linux-gnu/bin/../lib/gcc/nios2-elf/11.2.1/../../../../../H-x86_64-pc-linux-gnu/nios2-elf/lib/libc.a(lib_a-findfp.o)
                0x0000000000048954                _cleanup
 .text.__sinit  0x0000000000048968       0x10 /opt/intelFPGA/21.1/nios2eds/bin/gnu/H-x86_64-pc-linux-gnu/bin/../lib/gcc/nios2-elf/11.2.1/../../../../../H-x86_64-pc-linux-gnu/nios2-elf/lib/libc.a(lib_a-findfp.o)
                0x0000000000048968                __sinit
 .text.__sfp_lock_acquire
                0x0000000000048978        0x4 /opt/intelFPGA/21.1/nios2eds/bin/gnu/H-x86_64-pc-linux-gnu/bin/../lib/gcc/nios2-elf/11.2.1/../../../../../H-x86_64-pc-linux-gnu/nios2-elf/lib/libc.a(lib_a-findfp.o)
                0x0000000000048978                __sfp_lock_acquire
 .text.__sfp_lock_release
                0x000000000004897c        0x4 /opt/intelFPGA/21.1/nios2eds/bin/gnu/H-x86_64-pc-linux-gnu/bin/../lib/gcc/nios2-elf/11.2.1/../../../../../H-x86_64-pc-linux-gnu/nios2-elf/lib/libc.a(lib_a-findfp.o)
                0x000000000004897c                __sfp_lock_release
 .text.__sinit_lock_acquire
                0x0000000000048980        0x4 /opt/intelFPGA/21.1/nios2eds/bin/gnu/H-x86_64-pc-linux-gnu/bin/../lib/gcc/nios2-elf/11.2.1/../../../../../H-x86_64-pc-linux-gnu/nios2-elf/lib/libc.a(lib_a-findfp.o)
                0x0000000000048980                __sinit_lock_acquire
 .text.__sinit_lock_release
                0x0000000000048984        0x4 /opt/intelFPGA/21.1/nios2eds/bin/gnu/H-x86_64-pc-linux-gnu/bin/../lib/gcc/nios2-elf/11.2.1/../../../../../H-x86_64-pc-linux-gnu/nios2-elf/lib/libc.a(lib_a-findfp.o)
                0x0000000000048984                __sinit_lock_release
 .text.__fp_lock_all
                0x0000000000048988       0x14 /opt/intelFPGA/21.1/nios2eds/bin/gnu/H-x86_64-pc-linux-gnu/bin/../lib/gcc/nios2-elf/11.2.1/../../../../../H-x86_64-pc-linux-gnu/nios2-elf/lib/libc.a(lib_a-findfp.o)
                0x0000000000048988                __fp_lock_all
 .text.__fp_unlock_all
                0x000000000004899c       0x14 /opt/intelFPGA/21.1/nios2eds/bin/gnu/H-x86_64-pc-linux-gnu/bin/../lib/gcc/nios2-elf/11.2.1/../../../../../H-x86_64-pc-linux-gnu/nios2-elf/lib/libc.a(lib_a-findfp.o)
                0x000000000004899c                __fp_unlock_all
 .text          0x00000000000489b0        0x0 /opt/intelFPGA/21.1/nios2eds/bin/gnu/H-x86_64-pc-linux-gnu/bin/../lib/gcc/nios2-elf/11.2.1/../../../../../H-x86_64-pc-linux-gnu/nios2-elf/lib/libc.a(lib_a-freer.o)
 .text._malloc_trim_r
                0x00000000000489b0      0x11c /opt/intelFPGA/21.1/nios2eds/bin/gnu/H-x86_64-pc-linux-gnu/bin/../lib/gcc/nios2-elf/11.2.1/../../../../../H-x86_64-pc-linux-gnu/nios2-elf/lib/libc.a(lib_a-freer.o)
                0x00000000000489b0                _malloc_trim_r
 .text._free_r  0x0000000000048acc      0x2fc /opt/intelFPGA/21.1/nios2eds/bin/gnu/H-x86_64-pc-linux-gnu/bin/../lib/gcc/nios2-elf/11.2.1/../../../../../H-x86_64-pc-linux-gnu/nios2-elf/lib/libc.a(lib_a-freer.o)
                0x0000000000048acc                _free_r
 .text          0x0000000000048dc8        0x0 /opt/intelFPGA/21.1/nios2eds/bin/gnu/H-x86_64-pc-linux-gnu/bin/../lib/gcc/nios2-elf/11.2.1/../../../../../H-x86_64-pc-linux-gnu/nios2-elf/lib/libc.a(lib_a-fvwrite.o)
 .text.__sfvwrite_r
                0x0000000000048dc8      0x4bc /opt/intelFPGA/21.1/nios2eds/bin/gnu/H-x86_64-pc-linux-gnu/bin/../lib/gcc/nios2-elf/11.2.1/../../../../../H-x86_64-pc-linux-gnu/nios2-elf/lib/libc.a(lib_a-fvwrite.o)
                0x0000000000048dc8                __sfvwrite_r
 .text          0x0000000000049284        0x0 /opt/intelFPGA/21.1/nios2eds/bin/gnu/H-x86_64-pc-linux-gnu/bin/../lib/gcc/nios2-elf/11.2.1/../../../../../H-x86_64-pc-linux-gnu/nios2-elf/lib/libc.a(lib_a-fwalk.o)
 .text._fwalk   0x0000000000049284       0x98 /opt/intelFPGA/21.1/nios2eds/bin/gnu/H-x86_64-pc-linux-gnu/bin/../lib/gcc/nios2-elf/11.2.1/../../../../../H-x86_64-pc-linux-gnu/nios2-elf/lib/libc.a(lib_a-fwalk.o)
                0x0000000000049284                _fwalk
 .text._fwalk_reent
                0x000000000004931c       0xa8 /opt/intelFPGA/21.1/nios2eds/bin/gnu/H-x86_64-pc-linux-gnu/bin/../lib/gcc/nios2-elf/11.2.1/../../../../../H-x86_64-pc-linux-gnu/nios2-elf/lib/libc.a(lib_a-fwalk.o)
                0x000000000004931c                _fwalk_reent
 .text          0x00000000000493c4        0x0 /opt/intelFPGA/21.1/nios2eds/bin/gnu/H-x86_64-pc-linux-gnu/bin/../lib/gcc/nios2-elf/11.2.1/../../../../../H-x86_64-pc-linux-gnu/nios2-elf/lib/libc.a(lib_a-localeconv.o)
 .text.__localeconv_l
                0x00000000000493c4        0x8 /opt/intelFPGA/21.1/nios2eds/bin/gnu/H-x86_64-pc-linux-gnu/bin/../lib/gcc/nios2-elf/11.2.1/../../../../../H-x86_64-pc-linux-gnu/nios2-elf/lib/libc.a(lib_a-localeconv.o)
                0x00000000000493c4                __localeconv_l
 .text._localeconv_r
                0x00000000000493cc        0xc /opt/intelFPGA/21.1/nios2eds/bin/gnu/H-x86_64-pc-linux-gnu/bin/../lib/gcc/nios2-elf/11.2.1/../../../../../H-x86_64-pc-linux-gnu/nios2-elf/lib/libc.a(lib_a-localeconv.o)
                0x00000000000493cc                _localeconv_r
 .text.localeconv
                0x00000000000493d8        0xc /opt/intelFPGA/21.1/nios2eds/bin/gnu/H-x86_64-pc-linux-gnu/bin/../lib/gcc/nios2-elf/11.2.1/../../../../../H-x86_64-pc-linux-gnu/nios2-elf/lib/libc.a(lib_a-localeconv.o)
                0x00000000000493d8                localeconv
 .text          0x00000000000493e4        0x0 /opt/intelFPGA/21.1/nios2eds/bin/gnu/H-x86_64-pc-linux-gnu/bin/../lib/gcc/nios2-elf/11.2.1/../../../../../H-x86_64-pc-linux-gnu/nios2-elf/lib/libc.a(lib_a-makebuf.o)
 .text.__smakebuf_r
                0x00000000000493e4      0x1b0 /opt/intelFPGA/21.1/nios2eds/bin/gnu/H-x86_64-pc-linux-gnu/bin/../lib/gcc/nios2-elf/11.2.1/../../../../../H-x86_64-pc-linux-gnu/nios2-elf/lib/libc.a(lib_a-makebuf.o)
                0x00000000000493e4                __smakebuf_r
 .text.__swhatbuf_r
                0x0000000000049594       0x90 /opt/intelFPGA/21.1/nios2eds/bin/gnu/H-x86_64-pc-linux-gnu/bin/../lib/gcc/nios2-elf/11.2.1/../../../../../H-x86_64-pc-linux-gnu/nios2-elf/lib/libc.a(lib_a-makebuf.o)
                0x0000000000049594                __swhatbuf_r
 .text          0x0000000000049624        0x0 /opt/intelFPGA/21.1/nios2eds/bin/gnu/H-x86_64-pc-linux-gnu/bin/../lib/gcc/nios2-elf/11.2.1/../../../../../H-x86_64-pc-linux-gnu/nios2-elf/lib/libc.a(lib_a-mallocr.o)
 .text._malloc_r
                0x0000000000049624      0x7e4 /opt/intelFPGA/21.1/nios2eds/bin/gnu/H-x86_64-pc-linux-gnu/bin/../lib/gcc/nios2-elf/11.2.1/../../../../../H-x86_64-pc-linux-gnu/nios2-elf/lib/libc.a(lib_a-mallocr.o)
                0x0000000000049624                _malloc_r
 .text          0x0000000000049e08        0x0 /opt/intelFPGA/21.1/nios2eds/bin/gnu/H-x86_64-pc-linux-gnu/bin/../lib/gcc/nios2-elf/11.2.1/../../../../../H-x86_64-pc-linux-gnu/nios2-elf/lib/libc.a(lib_a-memchr.o)
 .text.memchr   0x0000000000049e08       0xcc /opt/intelFPGA/21.1/nios2eds/bin/gnu/H-x86_64-pc-linux-gnu/bin/../lib/gcc/nios2-elf/11.2.1/../../../../../H-x86_64-pc-linux-gnu/nios2-elf/lib/libc.a(lib_a-memchr.o)
                0x0000000000049e08                memchr
 .text          0x0000000000049ed4        0x0 /opt/intelFPGA/21.1/nios2eds/bin/gnu/H-x86_64-pc-linux-gnu/bin/../lib/gcc/nios2-elf/11.2.1/../../../../../H-x86_64-pc-linux-gnu/nios2-elf/lib/libc.a(lib_a-memcpy.o)
 .text.memcpy   0x0000000000049ed4      0x100 /opt/intelFPGA/21.1/nios2eds/bin/gnu/H-x86_64-pc-linux-gnu/bin/../lib/gcc/nios2-elf/11.2.1/../../../../../H-x86_64-pc-linux-gnu/nios2-elf/lib/libc.a(lib_a-memcpy.o)
                0x0000000000049ed4                memcpy
 .text          0x0000000000049fd4        0x0 /opt/intelFPGA/21.1/nios2eds/bin/gnu/H-x86_64-pc-linux-gnu/bin/../lib/gcc/nios2-elf/11.2.1/../../../../../H-x86_64-pc-linux-gnu/nios2-elf/lib/libc.a(lib_a-memmove.o)
 .text.memmove  0x0000000000049fd4      0x12c /opt/intelFPGA/21.1/nios2eds/bin/gnu/H-x86_64-pc-linux-gnu/bin/../lib/gcc/nios2-elf/11.2.1/../../../../../H-x86_64-pc-linux-gnu/nios2-elf/lib/libc.a(lib_a-memmove.o)
                0x0000000000049fd4                memmove
 .text          0x000000000004a100        0x0 /opt/intelFPGA/21.1/nios2eds/bin/gnu/H-x86_64-pc-linux-gnu/bin/../lib/gcc/nios2-elf/11.2.1/../../../../../H-x86_64-pc-linux-gnu/nios2-elf/lib/libc.a(lib_a-memset.o)
 .text.memset   0x000000000004a100       0xf4 /opt/intelFPGA/21.1/nios2eds/bin/gnu/H-x86_64-pc-linux-gnu/bin/../lib/gcc/nios2-elf/11.2.1/../../../../../H-x86_64-pc-linux-gnu/nios2-elf/lib/libc.a(lib_a-memset.o)
                0x000000000004a100                memset
 .text          0x000000000004a1f4        0x0 /opt/intelFPGA/21.1/nios2eds/bin/gnu/H-x86_64-pc-linux-gnu/bin/../lib/gcc/nios2-elf/11.2.1/../../../../../H-x86_64-pc-linux-gnu/nios2-elf/lib/libc.a(lib_a-mprec.o)
 .text._Balloc  0x000000000004a1f4       0xa4 /opt/intelFPGA/21.1/nios2eds/bin/gnu/H-x86_64-pc-linux-gnu/bin/../lib/gcc/nios2-elf/11.2.1/../../../../../H-x86_64-pc-linux-gnu/nios2-elf/lib/libc.a(lib_a-mprec.o)
                0x000000000004a1f4                _Balloc
 .text._Bfree   0x000000000004a298       0x24 /opt/intelFPGA/21.1/nios2eds/bin/gnu/H-x86_64-pc-linux-gnu/bin/../lib/gcc/nios2-elf/11.2.1/../../../../../H-x86_64-pc-linux-gnu/nios2-elf/lib/libc.a(lib_a-mprec.o)
                0x000000000004a298                _Bfree
 .text.__multadd
                0x000000000004a2bc      0x138 /opt/intelFPGA/21.1/nios2eds/bin/gnu/H-x86_64-pc-linux-gnu/bin/../lib/gcc/nios2-elf/11.2.1/../../../../../H-x86_64-pc-linux-gnu/nios2-elf/lib/libc.a(lib_a-mprec.o)
                0x000000000004a2bc                __multadd
 .text.__s2b    0x000000000004a3f4      0x138 /opt/intelFPGA/21.1/nios2eds/bin/gnu/H-x86_64-pc-linux-gnu/bin/../lib/gcc/nios2-elf/11.2.1/../../../../../H-x86_64-pc-linux-gnu/nios2-elf/lib/libc.a(lib_a-mprec.o)
                0x000000000004a3f4                __s2b
 .text.__hi0bits
                0x000000000004a52c       0x64 /opt/intelFPGA/21.1/nios2eds/bin/gnu/H-x86_64-pc-linux-gnu/bin/../lib/gcc/nios2-elf/11.2.1/../../../../../H-x86_64-pc-linux-gnu/nios2-elf/lib/libc.a(lib_a-mprec.o)
                0x000000000004a52c                __hi0bits
 .text.__lo0bits
                0x000000000004a590       0xb0 /opt/intelFPGA/21.1/nios2eds/bin/gnu/H-x86_64-pc-linux-gnu/bin/../lib/gcc/nios2-elf/11.2.1/../../../../../H-x86_64-pc-linux-gnu/nios2-elf/lib/libc.a(lib_a-mprec.o)
                0x000000000004a590                __lo0bits
 .text.__i2b    0x000000000004a640       0xb0 /opt/intelFPGA/21.1/nios2eds/bin/gnu/H-x86_64-pc-linux-gnu/bin/../lib/gcc/nios2-elf/11.2.1/../../../../../H-x86_64-pc-linux-gnu/nios2-elf/lib/libc.a(lib_a-mprec.o)
                0x000000000004a640                __i2b
 .text.__multiply
                0x000000000004a6f0      0x254 /opt/intelFPGA/21.1/nios2eds/bin/gnu/H-x86_64-pc-linux-gnu/bin/../lib/gcc/nios2-elf/11.2.1/../../../../../H-x86_64-pc-linux-gnu/nios2-elf/lib/libc.a(lib_a-mprec.o)
                0x000000000004a6f0                __multiply
 .text.__pow5mult
                0x000000000004a944      0x148 /opt/intelFPGA/21.1/nios2eds/bin/gnu/H-x86_64-pc-linux-gnu/bin/../lib/gcc/nios2-elf/11.2.1/../../../../../H-x86_64-pc-linux-gnu/nios2-elf/lib/libc.a(lib_a-mprec.o)
                0x000000000004a944                __pow5mult
 .text.__lshift
                0x000000000004aa8c      0x188 /opt/intelFPGA/21.1/nios2eds/bin/gnu/H-x86_64-pc-linux-gnu/bin/../lib/gcc/nios2-elf/11.2.1/../../../../../H-x86_64-pc-linux-gnu/nios2-elf/lib/libc.a(lib_a-mprec.o)
                0x000000000004aa8c                __lshift
 .text.__mcmp   0x000000000004ac14       0x58 /opt/intelFPGA/21.1/nios2eds/bin/gnu/H-x86_64-pc-linux-gnu/bin/../lib/gcc/nios2-elf/11.2.1/../../../../../H-x86_64-pc-linux-gnu/nios2-elf/lib/libc.a(lib_a-mprec.o)
                0x000000000004ac14                __mcmp
 .text.__mdiff  0x000000000004ac6c      0x22c /opt/intelFPGA/21.1/nios2eds/bin/gnu/H-x86_64-pc-linux-gnu/bin/../lib/gcc/nios2-elf/11.2.1/../../../../../H-x86_64-pc-linux-gnu/nios2-elf/lib/libc.a(lib_a-mprec.o)
                0x000000000004ac6c                __mdiff
 .text.__ulp    0x000000000004ae98       0x60 /opt/intelFPGA/21.1/nios2eds/bin/gnu/H-x86_64-pc-linux-gnu/bin/../lib/gcc/nios2-elf/11.2.1/../../../../../H-x86_64-pc-linux-gnu/nios2-elf/lib/libc.a(lib_a-mprec.o)
                0x000000000004ae98                __ulp
 .text.__b2d    0x000000000004aef8       0xf8 /opt/intelFPGA/21.1/nios2eds/bin/gnu/H-x86_64-pc-linux-gnu/bin/../lib/gcc/nios2-elf/11.2.1/../../../../../H-x86_64-pc-linux-gnu/nios2-elf/lib/libc.a(lib_a-mprec.o)
                0x000000000004aef8                __b2d
 .text.__d2b    0x000000000004aff0      0x158 /opt/intelFPGA/21.1/nios2eds/bin/gnu/H-x86_64-pc-linux-gnu/bin/../lib/gcc/nios2-elf/11.2.1/../../../../../H-x86_64-pc-linux-gnu/nios2-elf/lib/libc.a(lib_a-mprec.o)
                0x000000000004aff0                __d2b
 .text.__ratio  0x000000000004b148       0xa8 /opt/intelFPGA/21.1/nios2eds/bin/gnu/H-x86_64-pc-linux-gnu/bin/../lib/gcc/nios2-elf/11.2.1/../../../../../H-x86_64-pc-linux-gnu/nios2-elf/lib/libc.a(lib_a-mprec.o)
                0x000000000004b148                __ratio
 .text._mprec_log10
                0x000000000004b1f0       0x70 /opt/intelFPGA/21.1/nios2eds/bin/gnu/H-x86_64-pc-linux-gnu/bin/../lib/gcc/nios2-elf/11.2.1/../../../../../H-x86_64-pc-linux-gnu/nios2-elf/lib/libc.a(lib_a-mprec.o)
                0x000000000004b1f0                _mprec_log10
 .text.__copybits
                0x000000000004b260       0x7c /opt/intelFPGA/21.1/nios2eds/bin/gnu/H-x86_64-pc-linux-gnu/bin/../lib/gcc/nios2-elf/11.2.1/../../../../../H-x86_64-pc-linux-gnu/nios2-elf/lib/libc.a(lib_a-mprec.o)
                0x000000000004b260                __copybits
 .text.__any_on
                0x000000000004b2dc       0x60 /opt/intelFPGA/21.1/nios2eds/bin/gnu/H-x86_64-pc-linux-gnu/bin/../lib/gcc/nios2-elf/11.2.1/../../../../../H-x86_64-pc-linux-gnu/nios2-elf/lib/libc.a(lib_a-mprec.o)
                0x000000000004b2dc                __any_on
 .text          0x000000000004b33c        0x0 /opt/intelFPGA/21.1/nios2eds/bin/gnu/H-x86_64-pc-linux-gnu/bin/../lib/gcc/nios2-elf/11.2.1/../../../../../H-x86_64-pc-linux-gnu/nios2-elf/lib/libc.a(lib_a-putc.o)
 .text._putc_r  0x000000000004b33c       0xcc /opt/intelFPGA/21.1/nios2eds/bin/gnu/H-x86_64-pc-linux-gnu/bin/../lib/gcc/nios2-elf/11.2.1/../../../../../H-x86_64-pc-linux-gnu/nios2-elf/lib/libc.a(lib_a-putc.o)
                0x000000000004b33c                _putc_r
 .text.putc     0x000000000004b408       0xe0 /opt/intelFPGA/21.1/nios2eds/bin/gnu/H-x86_64-pc-linux-gnu/bin/../lib/gcc/nios2-elf/11.2.1/../../../../../H-x86_64-pc-linux-gnu/nios2-elf/lib/libc.a(lib_a-putc.o)
                0x000000000004b408                putc
 .text          0x000000000004b4e8        0x0 /opt/intelFPGA/21.1/nios2eds/bin/gnu/H-x86_64-pc-linux-gnu/bin/../lib/gcc/nios2-elf/11.2.1/../../../../../H-x86_64-pc-linux-gnu/nios2-elf/lib/libc.a(lib_a-reallocr.o)
 .text._realloc_r
                0x000000000004b4e8      0x570 /opt/intelFPGA/21.1/nios2eds/bin/gnu/H-x86_64-pc-linux-gnu/bin/../lib/gcc/nios2-elf/11.2.1/../../../../../H-x86_64-pc-linux-gnu/nios2-elf/lib/libc.a(lib_a-reallocr.o)
                0x000000000004b4e8                _realloc_r
 .text          0x000000000004ba58        0x0 /opt/intelFPGA/21.1/nios2eds/bin/gnu/H-x86_64-pc-linux-gnu/bin/../lib/gcc/nios2-elf/11.2.1/../../../../../H-x86_64-pc-linux-gnu/nios2-elf/lib/libc.a(lib_a-sbrkr.o)
 .text._sbrk_r  0x000000000004ba58       0x58 /opt/intelFPGA/21.1/nios2eds/bin/gnu/H-x86_64-pc-linux-gnu/bin/../lib/gcc/nios2-elf/11.2.1/../../../../../H-x86_64-pc-linux-gnu/nios2-elf/lib/libc.a(lib_a-sbrkr.o)
                0x000000000004ba58                _sbrk_r
 .text          0x000000000004bab0        0x0 /opt/intelFPGA/21.1/nios2eds/bin/gnu/H-x86_64-pc-linux-gnu/bin/../lib/gcc/nios2-elf/11.2.1/../../../../../H-x86_64-pc-linux-gnu/nios2-elf/lib/libc.a(lib_a-stdio.o)
 .text.__sread  0x000000000004bab0       0x54 /opt/intelFPGA/21.1/nios2eds/bin/gnu/H-x86_64-pc-linux-gnu/bin/../lib/gcc/nios2-elf/11.2.1/../../../../../H-x86_64-pc-linux-gnu/nios2-elf/lib/libc.a(lib_a-stdio.o)
                0x000000000004bab0                __sread
 .text.__seofread
                0x000000000004bb04        0x8 /opt/intelFPGA/21.1/nios2eds/bin/gnu/H-x86_64-pc-linux-gnu/bin/../lib/gcc/nios2-elf/11.2.1/../../../../../H-x86_64-pc-linux-gnu/nios2-elf/lib/libc.a(lib_a-stdio.o)
                0x000000000004bb04                __seofread
 .text.__swrite
                0x000000000004bb0c       0x80 /opt/intelFPGA/21.1/nios2eds/bin/gnu/H-x86_64-pc-linux-gnu/bin/../lib/gcc/nios2-elf/11.2.1/../../../../../H-x86_64-pc-linux-gnu/nios2-elf/lib/libc.a(lib_a-stdio.o)
                0x000000000004bb0c                __swrite
 .text.__sseek  0x000000000004bb8c       0x5c /opt/intelFPGA/21.1/nios2eds/bin/gnu/H-x86_64-pc-linux-gnu/bin/../lib/gcc/nios2-elf/11.2.1/../../../../../H-x86_64-pc-linux-gnu/nios2-elf/lib/libc.a(lib_a-stdio.o)
                0x000000000004bb8c                __sseek
 .text.__sclose
                0x000000000004bbe8        0x8 /opt/intelFPGA/21.1/nios2eds/bin/gnu/H-x86_64-pc-linux-gnu/bin/../lib/gcc/nios2-elf/11.2.1/../../../../../H-x86_64-pc-linux-gnu/nios2-elf/lib/libc.a(lib_a-stdio.o)
                0x000000000004bbe8                __sclose
 .text          0x000000000004bbf0        0x0 /opt/intelFPGA/21.1/nios2eds/bin/gnu/H-x86_64-pc-linux-gnu/bin/../lib/gcc/nios2-elf/11.2.1/../../../../../H-x86_64-pc-linux-gnu/nios2-elf/lib/libc.a(lib_a-vfiprintf.o)
 .text.__sprint_r.part.0
                0x000000000004bbf0       0xf4 /opt/intelFPGA/21.1/nios2eds/bin/gnu/H-x86_64-pc-linux-gnu/bin/../lib/gcc/nios2-elf/11.2.1/../../../../../H-x86_64-pc-linux-gnu/nios2-elf/lib/libc.a(lib_a-vfiprintf.o)
 .text.__sprint_r
                0x000000000004bce4       0x18 /opt/intelFPGA/21.1/nios2eds/bin/gnu/H-x86_64-pc-linux-gnu/bin/../lib/gcc/nios2-elf/11.2.1/../../../../../H-x86_64-pc-linux-gnu/nios2-elf/lib/libc.a(lib_a-vfiprintf.o)
                0x000000000004bce4                __sprint_r
 .text.___vfiprintf_internal_r
                0x000000000004bcfc     0x124c /opt/intelFPGA/21.1/nios2eds/bin/gnu/H-x86_64-pc-linux-gnu/bin/../lib/gcc/nios2-elf/11.2.1/../../../../../H-x86_64-pc-linux-gnu/nios2-elf/lib/libc.a(lib_a-vfiprintf.o)
                0x000000000004bcfc                ___vfiprintf_internal_r
 .text.__vfiprintf_internal
                0x000000000004cf48       0x1c /opt/intelFPGA/21.1/nios2eds/bin/gnu/H-x86_64-pc-linux-gnu/bin/../lib/gcc/nios2-elf/11.2.1/../../../../../H-x86_64-pc-linux-gnu/nios2-elf/lib/libc.a(lib_a-vfiprintf.o)
                0x000000000004cf48                __vfiprintf_internal
 .text.__sbprintf
                0x000000000004cf64       0xc0 /opt/intelFPGA/21.1/nios2eds/bin/gnu/H-x86_64-pc-linux-gnu/bin/../lib/gcc/nios2-elf/11.2.1/../../../../../H-x86_64-pc-linux-gnu/nios2-elf/lib/libc.a(lib_a-vfiprintf.o)
 .text          0x000000000004d024        0x0 /opt/intelFPGA/21.1/nios2eds/bin/gnu/H-x86_64-pc-linux-gnu/bin/../lib/gcc/nios2-elf/11.2.1/../../../../../H-x86_64-pc-linux-gnu/nios2-elf/lib/libc.a(lib_a-wbuf.o)
 .text.__swbuf_r
                0x000000000004d024      0x148 /opt/intelFPGA/21.1/nios2eds/bin/gnu/H-x86_64-pc-linux-gnu/bin/../lib/gcc/nios2-elf/11.2.1/../../../../../H-x86_64-pc-linux-gnu/nios2-elf/lib/libc.a(lib_a-wbuf.o)
                0x000000000004d024                __swbuf_r
 .text.__swbuf  0x000000000004d16c       0x18 /opt/intelFPGA/21.1/nios2eds/bin/gnu/H-x86_64-pc-linux-gnu/bin/../lib/gcc/nios2-elf/11.2.1/../../../../../H-x86_64-pc-linux-gnu/nios2-elf/lib/libc.a(lib_a-wbuf.o)
                0x000000000004d16c                __swbuf
 .text          0x000000000004d184        0x0 /opt/intelFPGA/21.1/nios2eds/bin/gnu/H-x86_64-pc-linux-gnu/bin/../lib/gcc/nios2-elf/11.2.1/../../../../../H-x86_64-pc-linux-gnu/nios2-elf/lib/libc.a(lib_a-writer.o)
 .text._write_r
                0x000000000004d184       0x64 /opt/intelFPGA/21.1/nios2eds/bin/gnu/H-x86_64-pc-linux-gnu/bin/../lib/gcc/nios2-elf/11.2.1/../../../../../H-x86_64-pc-linux-gnu/nios2-elf/lib/libc.a(lib_a-writer.o)
                0x000000000004d184                _write_r
 .text          0x000000000004d1e8        0x0 /opt/intelFPGA/21.1/nios2eds/bin/gnu/H-x86_64-pc-linux-gnu/bin/../lib/gcc/nios2-elf/11.2.1/../../../../../H-x86_64-pc-linux-gnu/nios2-elf/lib/libc.a(closer.o)
 .text._close_r
                0x000000000004d1e8       0x58 /opt/intelFPGA/21.1/nios2eds/bin/gnu/H-x86_64-pc-linux-gnu/bin/../lib/gcc/nios2-elf/11.2.1/../../../../../H-x86_64-pc-linux-gnu/nios2-elf/lib/libc.a(closer.o)
                0x000000000004d1e8                _close_r
 .text          0x000000000004d240        0x0 /opt/intelFPGA/21.1/nios2eds/bin/gnu/H-x86_64-pc-linux-gnu/bin/../lib/gcc/nios2-elf/11.2.1/../../../../../H-x86_64-pc-linux-gnu/nios2-elf/lib/libc.a(lib_a-assert.o)
 .text.__assert_func
                0x000000000004d240       0x64 /opt/intelFPGA/21.1/nios2eds/bin/gnu/H-x86_64-pc-linux-gnu/bin/../lib/gcc/nios2-elf/11.2.1/../../../../../H-x86_64-pc-linux-gnu/nios2-elf/lib/libc.a(lib_a-assert.o)
                0x000000000004d240                __assert_func
 .text.__assert
                0x000000000004d2a4       0x14 /opt/intelFPGA/21.1/nios2eds/bin/gnu/H-x86_64-pc-linux-gnu/bin/../lib/gcc/nios2-elf/11.2.1/../../../../../H-x86_64-pc-linux-gnu/nios2-elf/lib/libc.a(lib_a-assert.o)
                0x000000000004d2a4                __assert
 .text          0x000000000004d2b8        0x0 /opt/intelFPGA/21.1/nios2eds/bin/gnu/H-x86_64-pc-linux-gnu/bin/../lib/gcc/nios2-elf/11.2.1/../../../../../H-x86_64-pc-linux-gnu/nios2-elf/lib/libc.a(lib_a-callocr.o)
 .text._calloc_r
                0x000000000004d2b8      0x12c /opt/intelFPGA/21.1/nios2eds/bin/gnu/H-x86_64-pc-linux-gnu/bin/../lib/gcc/nios2-elf/11.2.1/../../../../../H-x86_64-pc-linux-gnu/nios2-elf/lib/libc.a(lib_a-callocr.o)
                0x000000000004d2b8                _calloc_r
 .text          0x000000000004d3e4        0x0 /opt/intelFPGA/21.1/nios2eds/bin/gnu/H-x86_64-pc-linux-gnu/bin/../lib/gcc/nios2-elf/11.2.1/../../../../../H-x86_64-pc-linux-gnu/nios2-elf/lib/libc.a(lib_a-fclose.o)
 .text._fclose_r
                0x000000000004d3e4       0xf8 /opt/intelFPGA/21.1/nios2eds/bin/gnu/H-x86_64-pc-linux-gnu/bin/../lib/gcc/nios2-elf/11.2.1/../../../../../H-x86_64-pc-linux-gnu/nios2-elf/lib/libc.a(lib_a-fclose.o)
                0x000000000004d3e4                _fclose_r
 .text.fclose   0x000000000004d4dc       0x10 /opt/intelFPGA/21.1/nios2eds/bin/gnu/H-x86_64-pc-linux-gnu/bin/../lib/gcc/nios2-elf/11.2.1/../../../../../H-x86_64-pc-linux-gnu/nios2-elf/lib/libc.a(lib_a-fclose.o)
                0x000000000004d4dc                fclose
 .text          0x000000000004d4ec        0x0 /opt/intelFPGA/21.1/nios2eds/bin/gnu/H-x86_64-pc-linux-gnu/bin/../lib/gcc/nios2-elf/11.2.1/../../../../../H-x86_64-pc-linux-gnu/nios2-elf/lib/libc.a(lib_a-fiprintf.o)
 .text._fiprintf_r
                0x000000000004d4ec       0x20 /opt/intelFPGA/21.1/nios2eds/bin/gnu/H-x86_64-pc-linux-gnu/bin/../lib/gcc/nios2-elf/11.2.1/../../../../../H-x86_64-pc-linux-gnu/nios2-elf/lib/libc.a(lib_a-fiprintf.o)
                0x000000000004d4ec                _fiprintf_r
 .text.fiprintf
                0x000000000004d50c       0x38 /opt/intelFPGA/21.1/nios2eds/bin/gnu/H-x86_64-pc-linux-gnu/bin/../lib/gcc/nios2-elf/11.2.1/../../../../../H-x86_64-pc-linux-gnu/nios2-elf/lib/libc.a(lib_a-fiprintf.o)
                0x000000000004d50c                fiprintf
 .text          0x000000000004d544        0x0 /opt/intelFPGA/21.1/nios2eds/bin/gnu/H-x86_64-pc-linux-gnu/bin/../lib/gcc/nios2-elf/11.2.1/../../../../../H-x86_64-pc-linux-gnu/nios2-elf/lib/libc.a(lib_a-fputwc.o)
 .text.__fputwc
                0x000000000004d544      0x164 /opt/intelFPGA/21.1/nios2eds/bin/gnu/H-x86_64-pc-linux-gnu/bin/../lib/gcc/nios2-elf/11.2.1/../../../../../H-x86_64-pc-linux-gnu/nios2-elf/lib/libc.a(lib_a-fputwc.o)
                0x000000000004d544                __fputwc
 .text._fputwc_r
                0x000000000004d6a8       0x24 /opt/intelFPGA/21.1/nios2eds/bin/gnu/H-x86_64-pc-linux-gnu/bin/../lib/gcc/nios2-elf/11.2.1/../../../../../H-x86_64-pc-linux-gnu/nios2-elf/lib/libc.a(lib_a-fputwc.o)
                0x000000000004d6a8                _fputwc_r
 .text.fputwc   0x000000000004d6cc       0x78 /opt/intelFPGA/21.1/nios2eds/bin/gnu/H-x86_64-pc-linux-gnu/bin/../lib/gcc/nios2-elf/11.2.1/../../../../../H-x86_64-pc-linux-gnu/nios2-elf/lib/libc.a(lib_a-fputwc.o)
                0x000000000004d6cc                fputwc
 .text          0x000000000004d744        0x0 /opt/intelFPGA/21.1/nios2eds/bin/gnu/H-x86_64-pc-linux-gnu/bin/../lib/gcc/nios2-elf/11.2.1/../../../../../H-x86_64-pc-linux-gnu/nios2-elf/lib/libc.a(lib_a-fstatr.o)
 .text._fstat_r
                0x000000000004d744       0x60 /opt/intelFPGA/21.1/nios2eds/bin/gnu/H-x86_64-pc-linux-gnu/bin/../lib/gcc/nios2-elf/11.2.1/../../../../../H-x86_64-pc-linux-gnu/nios2-elf/lib/libc.a(lib_a-fstatr.o)
                0x000000000004d744                _fstat_r
 .text          0x000000000004d7a4        0x0 /opt/intelFPGA/21.1/nios2eds/bin/gnu/H-x86_64-pc-linux-gnu/bin/../lib/gcc/nios2-elf/11.2.1/../../../../../H-x86_64-pc-linux-gnu/nios2-elf/lib/libc.a(lib_a-int_errno.o)
 .text          0x000000000004d7a4        0x0 /opt/intelFPGA/21.1/nios2eds/bin/gnu/H-x86_64-pc-linux-gnu/bin/../lib/gcc/nios2-elf/11.2.1/../../../../../H-x86_64-pc-linux-gnu/nios2-elf/lib/libc.a(lib_a-isattyr.o)
 .text._isatty_r
                0x000000000004d7a4       0x58 /opt/intelFPGA/21.1/nios2eds/bin/gnu/H-x86_64-pc-linux-gnu/bin/../lib/gcc/nios2-elf/11.2.1/../../../../../H-x86_64-pc-linux-gnu/nios2-elf/lib/libc.a(lib_a-isattyr.o)
                0x000000000004d7a4                _isatty_r
 .text          0x000000000004d7fc        0x0 /opt/intelFPGA/21.1/nios2eds/bin/gnu/H-x86_64-pc-linux-gnu/bin/../lib/gcc/nios2-elf/11.2.1/../../../../../H-x86_64-pc-linux-gnu/nios2-elf/lib/libc.a(lib_a-locale.o)
 .text._setlocale_r
                0x000000000004d7fc       0x74 /opt/intelFPGA/21.1/nios2eds/bin/gnu/H-x86_64-pc-linux-gnu/bin/../lib/gcc/nios2-elf/11.2.1/../../../../../H-x86_64-pc-linux-gnu/nios2-elf/lib/libc.a(lib_a-locale.o)
                0x000000000004d7fc                _setlocale_r
 .text.__locale_mb_cur_max
                0x000000000004d870        0xc /opt/intelFPGA/21.1/nios2eds/bin/gnu/H-x86_64-pc-linux-gnu/bin/../lib/gcc/nios2-elf/11.2.1/../../../../../H-x86_64-pc-linux-gnu/nios2-elf/lib/libc.a(lib_a-locale.o)
                0x000000000004d870                __locale_mb_cur_max
 .text.setlocale
                0x000000000004d87c       0x74 /opt/intelFPGA/21.1/nios2eds/bin/gnu/H-x86_64-pc-linux-gnu/bin/../lib/gcc/nios2-elf/11.2.1/../../../../../H-x86_64-pc-linux-gnu/nios2-elf/lib/libc.a(lib_a-locale.o)
                0x000000000004d87c                setlocale
 .text          0x000000000004d8f0        0x0 /opt/intelFPGA/21.1/nios2eds/bin/gnu/H-x86_64-pc-linux-gnu/bin/../lib/gcc/nios2-elf/11.2.1/../../../../../H-x86_64-pc-linux-gnu/nios2-elf/lib/libc.a(lib_a-lseekr.o)
 .text._lseek_r
                0x000000000004d8f0       0x64 /opt/intelFPGA/21.1/nios2eds/bin/gnu/H-x86_64-pc-linux-gnu/bin/../lib/gcc/nios2-elf/11.2.1/../../../../../H-x86_64-pc-linux-gnu/nios2-elf/lib/libc.a(lib_a-lseekr.o)
                0x000000000004d8f0                _lseek_r
 .text          0x000000000004d954        0x0 /opt/intelFPGA/21.1/nios2eds/bin/gnu/H-x86_64-pc-linux-gnu/bin/../lib/gcc/nios2-elf/11.2.1/../../../../../H-x86_64-pc-linux-gnu/nios2-elf/lib/libc.a(lib_a-mbtowc_r.o)
 .text._mbtowc_r
                0x000000000004d954        0xc /opt/intelFPGA/21.1/nios2eds/bin/gnu/H-x86_64-pc-linux-gnu/bin/../lib/gcc/nios2-elf/11.2.1/../../../../../H-x86_64-pc-linux-gnu/nios2-elf/lib/libc.a(lib_a-mbtowc_r.o)
                0x000000000004d954                _mbtowc_r
 .text.__ascii_mbtowc
                0x000000000004d960       0x44 /opt/intelFPGA/21.1/nios2eds/bin/gnu/H-x86_64-pc-linux-gnu/bin/../lib/gcc/nios2-elf/11.2.1/../../../../../H-x86_64-pc-linux-gnu/nios2-elf/lib/libc.a(lib_a-mbtowc_r.o)
                0x000000000004d960                __ascii_mbtowc
 .text          0x000000000004d9a4        0x0 /opt/intelFPGA/21.1/nios2eds/bin/gnu/H-x86_64-pc-linux-gnu/bin/../lib/gcc/nios2-elf/11.2.1/../../../../../H-x86_64-pc-linux-gnu/nios2-elf/lib/libc.a(lib_a-readr.o)
 .text._read_r  0x000000000004d9a4       0x64 /opt/intelFPGA/21.1/nios2eds/bin/gnu/H-x86_64-pc-linux-gnu/bin/../lib/gcc/nios2-elf/11.2.1/../../../../../H-x86_64-pc-linux-gnu/nios2-elf/lib/libc.a(lib_a-readr.o)
                0x000000000004d9a4                _read_r
 .text          0x000000000004da08        0x0 /opt/intelFPGA/21.1/nios2eds/bin/gnu/H-x86_64-pc-linux-gnu/bin/../lib/gcc/nios2-elf/11.2.1/../../../../../H-x86_64-pc-linux-gnu/nios2-elf/lib/libc.a(lib_a-strcmp.o)
 .text.strcmp   0x000000000004da08       0xb8 /opt/intelFPGA/21.1/nios2eds/bin/gnu/H-x86_64-pc-linux-gnu/bin/../lib/gcc/nios2-elf/11.2.1/../../../../../H-x86_64-pc-linux-gnu/nios2-elf/lib/libc.a(lib_a-strcmp.o)
                0x000000000004da08                strcmp
 .text          0x000000000004dac0        0x0 /opt/intelFPGA/21.1/nios2eds/bin/gnu/H-x86_64-pc-linux-gnu/bin/../lib/gcc/nios2-elf/11.2.1/../../../../../H-x86_64-pc-linux-gnu/nios2-elf/lib/libc.a(lib_a-vfiprintfr_1.o)
 .text._vfiprintf_r
                0x000000000004dac0        0x4 /opt/intelFPGA/21.1/nios2eds/bin/gnu/H-x86_64-pc-linux-gnu/bin/../lib/gcc/nios2-elf/11.2.1/../../../../../H-x86_64-pc-linux-gnu/nios2-elf/lib/libc.a(lib_a-vfiprintfr_1.o)
                0x000000000004dac0                _vfiprintf_r
 .text          0x000000000004dac4        0x0 /opt/intelFPGA/21.1/nios2eds/bin/gnu/H-x86_64-pc-linux-gnu/bin/../lib/gcc/nios2-elf/11.2.1/../../../../../H-x86_64-pc-linux-gnu/nios2-elf/lib/libc.a(lib_a-wcrtomb.o)
 .text._wcrtomb_r
                0x000000000004dac4       0x6c /opt/intelFPGA/21.1/nios2eds/bin/gnu/H-x86_64-pc-linux-gnu/bin/../lib/gcc/nios2-elf/11.2.1/../../../../../H-x86_64-pc-linux-gnu/nios2-elf/lib/libc.a(lib_a-wcrtomb.o)
                0x000000000004dac4                _wcrtomb_r
 .text.wcrtomb  0x000000000004db30       0x88 /opt/intelFPGA/21.1/nios2eds/bin/gnu/H-x86_64-pc-linux-gnu/bin/../lib/gcc/nios2-elf/11.2.1/../../../../../H-x86_64-pc-linux-gnu/nios2-elf/lib/libc.a(lib_a-wcrtomb.o)
                0x000000000004db30                wcrtomb
 .text          0x000000000004dbb8        0x0 /opt/intelFPGA/21.1/nios2eds/bin/gnu/H-x86_64-pc-linux-gnu/bin/../lib/gcc/nios2-elf/11.2.1/../../../../../H-x86_64-pc-linux-gnu/nios2-elf/lib/libc.a(lib_a-wctomb_r.o)
 .text._wctomb_r
                0x000000000004dbb8        0xc /opt/intelFPGA/21.1/nios2eds/bin/gnu/H-x86_64-pc-linux-gnu/bin/../lib/gcc/nios2-elf/11.2.1/../../../../../H-x86_64-pc-linux-gnu/nios2-elf/lib/libc.a(lib_a-wctomb_r.o)
                0x000000000004dbb8                _wctomb_r
 .text.__ascii_wctomb
                0x000000000004dbc4       0x30 /opt/intelFPGA/21.1/nios2eds/bin/gnu/H-x86_64-pc-linux-gnu/bin/../lib/gcc/nios2-elf/11.2.1/../../../../../H-x86_64-pc-linux-gnu/nios2-elf/lib/libc.a(lib_a-wctomb_r.o)
                0x000000000004dbc4                __ascii_wctomb
 .text          0x000000000004dbf4        0x0 /opt/intelFPGA/21.1/nios2eds/bin/gnu/H-x86_64-pc-linux-gnu/bin/../lib/gcc/nios2-elf/11.2.1/../../../../../H-x86_64-pc-linux-gnu/nios2-elf/lib/libc.a(lib_a-abort.o)
 .text.unlikely.abort
                0x000000000004dbf4       0x18 /opt/intelFPGA/21.1/nios2eds/bin/gnu/H-x86_64-pc-linux-gnu/bin/../lib/gcc/nios2-elf/11.2.1/../../../../../H-x86_64-pc-linux-gnu/nios2-elf/lib/libc.a(lib_a-abort.o)
                0x000000000004dbf4                abort
 .text          0x000000000004dc0c        0x0 /opt/intelFPGA/21.1/nios2eds/bin/gnu/H-x86_64-pc-linux-gnu/bin/../lib/gcc/nios2-elf/11.2.1/../../../../../H-x86_64-pc-linux-gnu/nios2-elf/lib/libc.a(lib_a-ctype_.o)
 .text          0x000000000004dc0c        0x0 /opt/intelFPGA/21.1/nios2eds/bin/gnu/H-x86_64-pc-linux-gnu/bin/../lib/gcc/nios2-elf/11.2.1/../../../../../H-x86_64-pc-linux-gnu/nios2-elf/lib/libc.a(lib_a-signal.o)
 .text._init_signal_r
                0x000000000004dc0c       0x5c /opt/intelFPGA/21.1/nios2eds/bin/gnu/H-x86_64-pc-linux-gnu/bin/../lib/gcc/nios2-elf/11.2.1/../../../../../H-x86_64-pc-linux-gnu/nios2-elf/lib/libc.a(lib_a-signal.o)
                0x000000000004dc0c                _init_signal_r
 .text._signal_r
                0x000000000004dc68       0x98 /opt/intelFPGA/21.1/nios2eds/bin/gnu/H-x86_64-pc-linux-gnu/bin/../lib/gcc/nios2-elf/11.2.1/../../../../../H-x86_64-pc-linux-gnu/nios2-elf/lib/libc.a(lib_a-signal.o)
                0x000000000004dc68                _signal_r
 .text._raise_r
                0x000000000004dd00       0xc4 /opt/intelFPGA/21.1/nios2eds/bin/gnu/H-x86_64-pc-linux-gnu/bin/../lib/gcc/nios2-elf/11.2.1/../../../../../H-x86_64-pc-linux-gnu/nios2-elf/lib/libc.a(lib_a-signal.o)
                0x000000000004dd00                _raise_r
 .text.__sigtramp_r
                0x000000000004ddc4       0xbc /opt/intelFPGA/21.1/nios2eds/bin/gnu/H-x86_64-pc-linux-gnu/bin/../lib/gcc/nios2-elf/11.2.1/../../../../../H-x86_64-pc-linux-gnu/nios2-elf/lib/libc.a(lib_a-signal.o)
                0x000000000004ddc4                __sigtramp_r
 .text.raise    0x000000000004de80       0xbc /opt/intelFPGA/21.1/nios2eds/bin/gnu/H-x86_64-pc-linux-gnu/bin/../lib/gcc/nios2-elf/11.2.1/../../../../../H-x86_64-pc-linux-gnu/nios2-elf/lib/libc.a(lib_a-signal.o)
                0x000000000004de80                raise
 .text.signal   0x000000000004df3c       0xa0 /opt/intelFPGA/21.1/nios2eds/bin/gnu/H-x86_64-pc-linux-gnu/bin/../lib/gcc/nios2-elf/11.2.1/../../../../../H-x86_64-pc-linux-gnu/nios2-elf/lib/libc.a(lib_a-signal.o)
                0x000000000004df3c                signal
 .text._init_signal
                0x000000000004dfdc       0x60 /opt/intelFPGA/21.1/nios2eds/bin/gnu/H-x86_64-pc-linux-gnu/bin/../lib/gcc/nios2-elf/11.2.1/../../../../../H-x86_64-pc-linux-gnu/nios2-elf/lib/libc.a(lib_a-signal.o)
                0x000000000004dfdc                _init_signal
 .text.__sigtramp
                0x000000000004e03c       0xbc /opt/intelFPGA/21.1/nios2eds/bin/gnu/H-x86_64-pc-linux-gnu/bin/../lib/gcc/nios2-elf/11.2.1/../../../../../H-x86_64-pc-linux-gnu/nios2-elf/lib/libc.a(lib_a-signal.o)
                0x000000000004e03c                __sigtramp
 .text          0x000000000004e0f8        0x0 /opt/intelFPGA/21.1/nios2eds/bin/gnu/H-x86_64-pc-linux-gnu/bin/../lib/gcc/nios2-elf/11.2.1/../../../../../H-x86_64-pc-linux-gnu/nios2-elf/lib/libc.a(lib_a-signalr.o)
 .text._kill_r  0x000000000004e0f8       0x60 /opt/intelFPGA/21.1/nios2eds/bin/gnu/H-x86_64-pc-linux-gnu/bin/../lib/gcc/nios2-elf/11.2.1/../../../../../H-x86_64-pc-linux-gnu/nios2-elf/lib/libc.a(lib_a-signalr.o)
                0x000000000004e0f8                _kill_r
 .text._getpid_r
                0x000000000004e158        0x4 /opt/intelFPGA/21.1/nios2eds/bin/gnu/H-x86_64-pc-linux-gnu/bin/../lib/gcc/nios2-elf/11.2.1/../../../../../H-x86_64-pc-linux-gnu/nios2-elf/lib/libc.a(lib_a-signalr.o)
                0x000000000004e158                _getpid_r
 .text          0x000000000004e15c      0x550 /opt/intelFPGA/21.1/nios2eds/bin/gnu/H-x86_64-pc-linux-gnu/bin/../lib/gcc/nios2-elf/11.2.1/libgcc.a(_udivdi3.o)
                0x000000000004e15c                __udivdi3
 .text          0x000000000004e6ac      0x510 /opt/intelFPGA/21.1/nios2eds/bin/gnu/H-x86_64-pc-linux-gnu/bin/../lib/gcc/nios2-elf/11.2.1/libgcc.a(_umoddi3.o)
                0x000000000004e6ac                __umoddi3
 .text          0x000000000004ebbc       0x90 /opt/intelFPGA/21.1/nios2eds/bin/gnu/H-x86_64-pc-linux-gnu/bin/../lib/gcc/nios2-elf/11.2.1/libgcc.a(floatunsidf.o)
                0x000000000004ebbc                __floatunsidf
 .text          0x000000000004ec4c      0x10c ../Hello_World_new_2_bsp//libhal_bsp.a(alt_close.o)
                0x000000000004ec88                close
 .text          0x000000000004ed58       0x2c ../Hello_World_new_2_bsp//libhal_bsp.a(alt_dev.o)
 .text          0x000000000004ed84        0x0 ../Hello_World_new_2_bsp//libhal_bsp.a(alt_errno.o)
 .text          0x000000000004ed84       0x38 ../Hello_World_new_2_bsp//libhal_bsp.a(alt_exit.o)
                0x000000000004ed84                _exit
 .text          0x000000000004edbc       0xec ../Hello_World_new_2_bsp//libhal_bsp.a(alt_fstat.o)
                0x000000000004edf8                fstat
 .text          0x000000000004eea8       0x20 ../Hello_World_new_2_bsp//libhal_bsp.a(alt_getpid.o)
                0x000000000004eea8                getpid
 .text          0x000000000004eec8       0xe0 ../Hello_World_new_2_bsp//libhal_bsp.a(alt_isatty.o)
                0x000000000004ef04                isatty
 .text          0x000000000004efa8      0x12c ../Hello_World_new_2_bsp//libhal_bsp.a(alt_kill.o)
                0x000000000004efe4                kill
 .text          0x000000000004f0d4       0xec ../Hello_World_new_2_bsp//libhal_bsp.a(alt_load.o)
                0x000000000004f13c                alt_load
 .text          0x000000000004f1c0      0x110 ../Hello_World_new_2_bsp//libhal_bsp.a(alt_lseek.o)
                0x000000000004f1fc                lseek
 .text          0x000000000004f2d0       0x7c ../Hello_World_new_2_bsp//libhal_bsp.a(alt_main.o)
                0x000000000004f2d0                alt_main
 .text          0x000000000004f34c       0x48 ../Hello_World_new_2_bsp//libhal_bsp.a(alt_malloc_lock.o)
                0x000000000004f34c                __malloc_lock
                0x000000000004f370                __malloc_unlock
 .text          0x000000000004f394      0x138 ../Hello_World_new_2_bsp//libhal_bsp.a(alt_read.o)
                0x000000000004f3d0                read
 .text          0x000000000004f4cc       0x58 ../Hello_World_new_2_bsp//libhal_bsp.a(alt_release_fd.o)
                0x000000000004f4cc                alt_release_fd
 .text          0x000000000004f524       0xb8 ../Hello_World_new_2_bsp//libhal_bsp.a(alt_sbrk.o)
                0x000000000004f524                sbrk
 .text          0x000000000004f5dc      0x134 ../Hello_World_new_2_bsp//libhal_bsp.a(alt_write.o)
                0x000000000004f618                write
 .text          0x000000000004f710       0xb8 ../Hello_World_new_2_bsp//libhal_bsp.a(alt_sys_init.o)
                0x000000000004f744                alt_irq_init
                0x000000000004f780                alt_sys_init
 .text          0x000000000004f7c8      0x164 ../Hello_World_new_2_bsp//libhal_bsp.a(altera_avalon_jtag_uart_fd.o)
                0x000000000004f7c8                altera_avalon_jtag_uart_read_fd
                0x000000000004f828                altera_avalon_jtag_uart_write_fd
                0x000000000004f888                altera_avalon_jtag_uart_close_fd
                0x000000000004f8d8                altera_avalon_jtag_uart_ioctl_fd
 .text          0x000000000004f92c      0x3d4 ../Hello_World_new_2_bsp//libhal_bsp.a(altera_avalon_jtag_uart_init.o)
                0x000000000004f92c                altera_avalon_jtag_uart_init
                0x000000000004fc98                altera_avalon_jtag_uart_close
 .text          0x000000000004fd00       0xf4 ../Hello_World_new_2_bsp//libhal_bsp.a(altera_avalon_jtag_uart_ioctl.o)
                0x000000000004fd00                altera_avalon_jtag_uart_ioctl
 .text          0x000000000004fdf4      0x220 ../Hello_World_new_2_bsp//libhal_bsp.a(altera_avalon_jtag_uart_read.o)
                0x000000000004fdf4                altera_avalon_jtag_uart_read
 .text          0x0000000000050014      0x228 ../Hello_World_new_2_bsp//libhal_bsp.a(altera_avalon_jtag_uart_write.o)
                0x0000000000050014                altera_avalon_jtag_uart_write
 .text          0x000000000005023c      0x160 ../Hello_World_new_2_bsp//libhal_bsp.a(alt_alarm_start.o)
                0x000000000005023c                alt_alarm_start
 .text          0x000000000005039c       0x4c ../Hello_World_new_2_bsp//libhal_bsp.a(alt_dcache_flush_all.o)
                0x000000000005039c                alt_dcache_flush_all
 .text          0x00000000000503e8       0xe4 ../Hello_World_new_2_bsp//libhal_bsp.a(alt_dev_llist_insert.o)
                0x0000000000050424                alt_dev_llist_insert
 .text          0x00000000000504cc       0x64 ../Hello_World_new_2_bsp//libhal_bsp.a(alt_do_ctors.o)
                0x00000000000504cc                _do_ctors
 .text          0x0000000000050530       0x64 ../Hello_World_new_2_bsp//libhal_bsp.a(alt_do_dtors.o)
                0x0000000000050530                _do_dtors
 .text          0x0000000000050594       0x34 ../Hello_World_new_2_bsp//libhal_bsp.a(alt_icache_flush_all.o)
                0x0000000000050594                alt_icache_flush_all
 .text          0x00000000000505c8      0x1b0 ../Hello_World_new_2_bsp//libhal_bsp.a(alt_iic.o)
                0x00000000000505c8                alt_ic_isr_register
                0x0000000000050618                alt_ic_irq_enable
                0x00000000000506a0                alt_ic_irq_disable
                0x000000000005072c                alt_ic_irq_enabled
 .text          0x0000000000050778       0xe8 ../Hello_World_new_2_bsp//libhal_bsp.a(alt_iic_isr_register.o)
                0x0000000000050778                alt_iic_isr_register
 .text          0x0000000000050860      0x12c ../Hello_World_new_2_bsp//libhal_bsp.a(alt_io_redirect.o)
                0x0000000000050910                alt_io_redirect
 .text          0x000000000005098c        0x0 ../Hello_World_new_2_bsp//libhal_bsp.a(alt_irq_entry.o)
 .text          0x000000000005098c        0x0 ../Hello_World_new_2_bsp//libhal_bsp.a(alt_irq_handler.o)
 .text          0x000000000005098c        0x0 ../Hello_World_new_2_bsp//libhal_bsp.a(alt_irq_vars.o)
 .text          0x000000000005098c      0x248 ../Hello_World_new_2_bsp//libhal_bsp.a(alt_open.o)
                0x0000000000050a80                open
 .text          0x0000000000050bd4      0x1d0 ../Hello_World_new_2_bsp//libhal_bsp.a(alt_tick.o)
                0x0000000000050bd4                alt_alarm_stop
                0x0000000000050c78                alt_tick
 .text          0x0000000000050da4       0x24 ../Hello_World_new_2_bsp//libhal_bsp.a(altera_nios2_gen2_irq.o)
                0x0000000000050da4                altera_nios2_gen2_irq_init
 .text          0x0000000000050dc8        0x0 ../Hello_World_new_2_bsp//libhal_bsp.a(alt_exception_entry.o)
 .text          0x0000000000050dc8       0x90 ../Hello_World_new_2_bsp//libhal_bsp.a(alt_find_dev.o)
                0x0000000000050dc8                alt_find_dev
 .text          0x0000000000050e58      0x108 ../Hello_World_new_2_bsp//libhal_bsp.a(alt_find_file.o)
                0x0000000000050e58                alt_find_file
 .text          0x0000000000050f60       0xa0 ../Hello_World_new_2_bsp//libhal_bsp.a(alt_get_fd.o)
                0x0000000000050f60                alt_get_fd
 .text          0x0000000000051000       0x90 ../Hello_World_new_2_bsp//libhal_bsp.a(alt_icache_flush.o)
                0x0000000000051000                alt_icache_flush
 .text          0x0000000000051090       0x74 ../Hello_World_new_2_bsp//libhal_bsp.a(alt_instruction_exception_entry.o)
                0x0000000000051090                alt_exception_cause_generated_bad_addr
 .text          0x0000000000051104        0x0 /opt/intelFPGA/21.1/nios2eds/bin/gnu/H-x86_64-pc-linux-gnu/bin/../lib/gcc/nios2-elf/11.2.1/../../../../../H-x86_64-pc-linux-gnu/nios2-elf/lib/libc.a(lib_a-atexit.o)
 .text.atexit   0x0000000000051104       0x14 /opt/intelFPGA/21.1/nios2eds/bin/gnu/H-x86_64-pc-linux-gnu/bin/../lib/gcc/nios2-elf/11.2.1/../../../../../H-x86_64-pc-linux-gnu/nios2-elf/lib/libc.a(lib_a-atexit.o)
                0x0000000000051104                atexit
 .text          0x0000000000051118        0x0 /opt/intelFPGA/21.1/nios2eds/bin/gnu/H-x86_64-pc-linux-gnu/bin/../lib/gcc/nios2-elf/11.2.1/../../../../../H-x86_64-pc-linux-gnu/nios2-elf/lib/libc.a(lib_a-exit.o)
 .text.exit     0x0000000000051118       0x34 /opt/intelFPGA/21.1/nios2eds/bin/gnu/H-x86_64-pc-linux-gnu/bin/../lib/gcc/nios2-elf/11.2.1/../../../../../H-x86_64-pc-linux-gnu/nios2-elf/lib/libc.a(lib_a-exit.o)
                0x0000000000051118                exit
 .text          0x000000000005114c        0x0 /opt/intelFPGA/21.1/nios2eds/bin/gnu/H-x86_64-pc-linux-gnu/bin/../lib/gcc/nios2-elf/11.2.1/../../../../../H-x86_64-pc-linux-gnu/nios2-elf/lib/libc.a(lib_a-memcmp.o)
 .text.memcmp   0x000000000005114c       0x78 /opt/intelFPGA/21.1/nios2eds/bin/gnu/H-x86_64-pc-linux-gnu/bin/../lib/gcc/nios2-elf/11.2.1/../../../../../H-x86_64-pc-linux-gnu/nios2-elf/lib/libc.a(lib_a-memcmp.o)
                0x000000000005114c                memcmp
 .text          0x00000000000511c4        0x0 /opt/intelFPGA/21.1/nios2eds/bin/gnu/H-x86_64-pc-linux-gnu/bin/../lib/gcc/nios2-elf/11.2.1/../../../../../H-x86_64-pc-linux-gnu/nios2-elf/lib/libc.a(lib_a-__atexit.o)
 .text.__register_exitproc
                0x00000000000511c4       0x90 /opt/intelFPGA/21.1/nios2eds/bin/gnu/H-x86_64-pc-linux-gnu/bin/../lib/gcc/nios2-elf/11.2.1/../../../../../H-x86_64-pc-linux-gnu/nios2-elf/lib/libc.a(lib_a-__atexit.o)
                0x00000000000511c4                __register_exitproc
 .text          0x0000000000051254        0x0 /opt/intelFPGA/21.1/nios2eds/bin/gnu/H-x86_64-pc-linux-gnu/bin/../lib/gcc/nios2-elf/11.2.1/../../../../../H-x86_64-pc-linux-gnu/nios2-elf/lib/libc.a(lib_a-__call_atexit.o)
 .text.__call_exitprocs
                0x0000000000051254      0x120 /opt/intelFPGA/21.1/nios2eds/bin/gnu/H-x86_64-pc-linux-gnu/bin/../lib/gcc/nios2-elf/11.2.1/../../../../../H-x86_64-pc-linux-gnu/nios2-elf/lib/libc.a(lib_a-__call_atexit.o)
                0x0000000000051254                __call_exitprocs
 *(.gnu.warning.*)
 *(.fini)
                [!provide]                        PROVIDE (__etext = ABSOLUTE (.))
                [!provide]                        PROVIDE (_etext = ABSOLUTE (.))
                [!provide]                        PROVIDE (etext = ABSOLUTE (.))
 *(.eh_frame_hdr)
                0x0000000000051374                . = ALIGN (0x4)
                [!provide]                        PROVIDE (__preinit_array_start = ABSOLUTE (.))
 *(.preinit_array)
                [!provide]                        PROVIDE (__preinit_array_end = ABSOLUTE (.))
                [!provide]                        PROVIDE (__init_array_start = ABSOLUTE (.))
 *(.init_array)
                [!provide]                        PROVIDE (__init_array_end = ABSOLUTE (.))
                [!provide]                        PROVIDE (__fini_array_start = ABSOLUTE (.))
 *(.fini_array)
                [!provide]                        PROVIDE (__fini_array_end = ABSOLUTE (.))
 *(.eh_frame)
 *(.gcc_except_table .gcc_except_table.*)
 *(.dynamic)
                0x0000000000051374                PROVIDE (__CTOR_LIST__ = ABSOLUTE (.))
 *(.ctors)
 *(SORT_BY_NAME(.ctors.*))
                0x0000000000051374                PROVIDE (__CTOR_END__ = ABSOLUTE (.))
                0x0000000000051374                PROVIDE (__DTOR_LIST__ = ABSOLUTE (.))
 *(.dtors)
 *(SORT_BY_NAME(.dtors.*))
                0x0000000000051374                PROVIDE (__DTOR_END__ = ABSOLUTE (.))
 *(.jcr)
                0x0000000000051374                . = ALIGN (0x4)

.rodata         0x0000000000051374      0x674
                0x0000000000051374                PROVIDE (__ram_rodata_start = ABSOLUTE (.))
                0x0000000000051374                . = ALIGN (0x4)
 *(.rodata .rodata.* .gnu.linkonce.r.*)
 .rodata        0x0000000000051374       0x2b obj/default/Main.o
 *fill*         0x000000000005139f        0x1 
 .rodata        0x00000000000513a0      0x100 /opt/intelFPGA/21.1/nios2eds/bin/gnu/H-x86_64-pc-linux-gnu/bin/../lib/gcc/nios2-elf/11.2.1/libgcc.a(_clz.o)
                0x00000000000513a0                __clz_tab
 .rodata._puts_r.str1.4
                0x00000000000514a0        0x2 /opt/intelFPGA/21.1/nios2eds/bin/gnu/H-x86_64-pc-linux-gnu/bin/../lib/gcc/nios2-elf/11.2.1/../../../../../H-x86_64-pc-linux-gnu/nios2-elf/lib/libc.a(lib_a-puts.o)
 *fill*         0x00000000000514a2        0x2 
 .rodata.___vfprintf_internal_r.str1.4
                0x00000000000514a4       0x42 /opt/intelFPGA/21.1/nios2eds/bin/gnu/H-x86_64-pc-linux-gnu/bin/../lib/gcc/nios2-elf/11.2.1/../../../../../H-x86_64-pc-linux-gnu/nios2-elf/lib/libc.a(lib_a-vfprintf.o)
 *fill*         0x00000000000514e6        0x2 
 .rodata.zeroes.0
                0x00000000000514e8       0x10 /opt/intelFPGA/21.1/nios2eds/bin/gnu/H-x86_64-pc-linux-gnu/bin/../lib/gcc/nios2-elf/11.2.1/../../../../../H-x86_64-pc-linux-gnu/nios2-elf/lib/libc.a(lib_a-vfprintf.o)
 .rodata.blanks.1
                0x00000000000514f8       0x10 /opt/intelFPGA/21.1/nios2eds/bin/gnu/H-x86_64-pc-linux-gnu/bin/../lib/gcc/nios2-elf/11.2.1/../../../../../H-x86_64-pc-linux-gnu/nios2-elf/lib/libc.a(lib_a-vfprintf.o)
 .rodata._dtoa_r.str1.4
                0x0000000000051508       0x5e /opt/intelFPGA/21.1/nios2eds/bin/gnu/H-x86_64-pc-linux-gnu/bin/../lib/gcc/nios2-elf/11.2.1/../../../../../H-x86_64-pc-linux-gnu/nios2-elf/lib/libc.a(lib_a-dtoa.o)
                                         0x62 (size before relaxing)
 *fill*         0x0000000000051566        0x2 
 .rodata.__multadd.str1.4
                0x0000000000051568       0x3b /opt/intelFPGA/21.1/nios2eds/bin/gnu/H-x86_64-pc-linux-gnu/bin/../lib/gcc/nios2-elf/11.2.1/../../../../../H-x86_64-pc-linux-gnu/nios2-elf/lib/libc.a(lib_a-mprec.o)
                                         0x4f (size before relaxing)
 *fill*         0x00000000000515a3        0x1 
 .rodata.p05.0  0x00000000000515a4        0xc /opt/intelFPGA/21.1/nios2eds/bin/gnu/H-x86_64-pc-linux-gnu/bin/../lib/gcc/nios2-elf/11.2.1/../../../../../H-x86_64-pc-linux-gnu/nios2-elf/lib/libc.a(lib_a-mprec.o)
 .rodata.__mprec_tinytens
                0x00000000000515b0       0x28 /opt/intelFPGA/21.1/nios2eds/bin/gnu/H-x86_64-pc-linux-gnu/bin/../lib/gcc/nios2-elf/11.2.1/../../../../../H-x86_64-pc-linux-gnu/nios2-elf/lib/libc.a(lib_a-mprec.o)
                0x00000000000515b0                __mprec_tinytens
 .rodata.__mprec_bigtens
                0x00000000000515d8       0x28 /opt/intelFPGA/21.1/nios2eds/bin/gnu/H-x86_64-pc-linux-gnu/bin/../lib/gcc/nios2-elf/11.2.1/../../../../../H-x86_64-pc-linux-gnu/nios2-elf/lib/libc.a(lib_a-mprec.o)
                0x00000000000515d8                __mprec_bigtens
 .rodata.__mprec_tens
                0x0000000000051600       0xc8 /opt/intelFPGA/21.1/nios2eds/bin/gnu/H-x86_64-pc-linux-gnu/bin/../lib/gcc/nios2-elf/11.2.1/../../../../../H-x86_64-pc-linux-gnu/nios2-elf/lib/libc.a(lib_a-mprec.o)
                0x0000000000051600                __mprec_tens
 .rodata.___vfiprintf_internal_r.str1.4
                0x00000000000516c8       0x2f /opt/intelFPGA/21.1/nios2eds/bin/gnu/H-x86_64-pc-linux-gnu/bin/../lib/gcc/nios2-elf/11.2.1/../../../../../H-x86_64-pc-linux-gnu/nios2-elf/lib/libc.a(lib_a-vfiprintf.o)
 .rodata.zeroes.0
                0x00000000000516c8       0x10 /opt/intelFPGA/21.1/nios2eds/bin/gnu/H-x86_64-pc-linux-gnu/bin/../lib/gcc/nios2-elf/11.2.1/../../../../../H-x86_64-pc-linux-gnu/nios2-elf/lib/libc.a(lib_a-vfiprintf.o)
 .rodata.blanks.1
                0x00000000000516d8       0x10 /opt/intelFPGA/21.1/nios2eds/bin/gnu/H-x86_64-pc-linux-gnu/bin/../lib/gcc/nios2-elf/11.2.1/../../../../../H-x86_64-pc-linux-gnu/nios2-elf/lib/libc.a(lib_a-vfiprintf.o)
 .rodata.__assert_func.str1.4
                0x00000000000516e8       0x3f /opt/intelFPGA/21.1/nios2eds/bin/gnu/H-x86_64-pc-linux-gnu/bin/../lib/gcc/nios2-elf/11.2.1/../../../../../H-x86_64-pc-linux-gnu/nios2-elf/lib/libc.a(lib_a-assert.o)
                                         0x43 (size before relaxing)
 *fill*         0x0000000000051727        0x1 
 .rodata._setlocale_r.str1.4
                0x0000000000051728        0xa /opt/intelFPGA/21.1/nios2eds/bin/gnu/H-x86_64-pc-linux-gnu/bin/../lib/gcc/nios2-elf/11.2.1/../../../../../H-x86_64-pc-linux-gnu/nios2-elf/lib/libc.a(lib_a-locale.o)
 *fill*         0x0000000000051732        0x2 
 .rodata.str1.4
                0x0000000000051734        0x2 /opt/intelFPGA/21.1/nios2eds/bin/gnu/H-x86_64-pc-linux-gnu/bin/../lib/gcc/nios2-elf/11.2.1/../../../../../H-x86_64-pc-linux-gnu/nios2-elf/lib/libc.a(lib_a-locale.o)
                                          0x5 (size before relaxing)
 *fill*         0x0000000000051736        0x2 
 .rodata._ctype_
                0x0000000000051738      0x101 /opt/intelFPGA/21.1/nios2eds/bin/gnu/H-x86_64-pc-linux-gnu/bin/../lib/gcc/nios2-elf/11.2.1/../../../../../H-x86_64-pc-linux-gnu/nios2-elf/lib/libc.a(lib_a-ctype_.o)
                0x0000000000051738                _ctype_
 *fill*         0x0000000000051839        0x3 
 .rodata._ctype_b
                0x000000000005183c      0x180 /opt/intelFPGA/21.1/nios2eds/bin/gnu/H-x86_64-pc-linux-gnu/bin/../lib/gcc/nios2-elf/11.2.1/../../../../../H-x86_64-pc-linux-gnu/nios2-elf/lib/libc.a(lib_a-ctype_.o)
                0x000000000005183c                _ctype_b
 .rodata        0x00000000000519bc        0xa ../Hello_World_new_2_bsp//libhal_bsp.a(alt_dev.o)
 *fill*         0x00000000000519c6        0x2 
 .rodata        0x00000000000519c8        0xf ../Hello_World_new_2_bsp//libhal_bsp.a(alt_main.o)
 *fill*         0x00000000000519d7        0x1 
 .rodata        0x00000000000519d8        0xf ../Hello_World_new_2_bsp//libhal_bsp.a(alt_sys_init.o)
 *(.rodata1)
                0x00000000000519e8                . = ALIGN (0x4)
 *fill*         0x00000000000519e7        0x1 
                0x00000000000519e8                PROVIDE (__ram_rodata_end = ABSOLUTE (.))
                0x0000000000051374                PROVIDE (__flash_rodata_start = LOADADDR (.rodata))

.rwdata         0x00000000000519e8     0x1bd8 load address 0x00000000000535c0
                0x00000000000519e8                PROVIDE (__ram_rwdata_start = ABSOLUTE (.))
                0x00000000000519e8                . = ALIGN (0x4)
 *(.got.plt)
 *(.got)
 *(.data1)
 *(.data .data.* .gnu.linkonce.d.*)
 .data          0x00000000000519e8        0x0 ../Hello_World_new_2_bsp//obj/HAL/src/crt0.o
 .data          0x00000000000519e8        0x0 obj/default/CheckSignal.o
 .data          0x00000000000519e8        0x0 obj/default/Main.o
 .data          0x00000000000519e8        0x0 /opt/intelFPGA/21.1/nios2eds/bin/gnu/H-x86_64-pc-linux-gnu/bin/../lib/gcc/nios2-elf/11.2.1/../../../../../H-x86_64-pc-linux-gnu/nios2-elf/lib/libm.a(lib_a-w_pow.o)
 .data          0x00000000000519e8        0x0 /opt/intelFPGA/21.1/nios2eds/bin/gnu/H-x86_64-pc-linux-gnu/bin/../lib/gcc/nios2-elf/11.2.1/../../../../../H-x86_64-pc-linux-gnu/nios2-elf/lib/libm.a(lib_a-e_pow.o)
 .data          0x00000000000519e8        0x0 /opt/intelFPGA/21.1/nios2eds/bin/gnu/H-x86_64-pc-linux-gnu/bin/../lib/gcc/nios2-elf/11.2.1/../../../../../H-x86_64-pc-linux-gnu/nios2-elf/lib/libm.a(lib_a-e_sqrt.o)
 .data          0x00000000000519e8        0x0 /opt/intelFPGA/21.1/nios2eds/bin/gnu/H-x86_64-pc-linux-gnu/bin/../lib/gcc/nios2-elf/11.2.1/../../../../../H-x86_64-pc-linux-gnu/nios2-elf/lib/libm.a(lib_a-math_err.o)
 .data          0x00000000000519e8        0x0 /opt/intelFPGA/21.1/nios2eds/bin/gnu/H-x86_64-pc-linux-gnu/bin/../lib/gcc/nios2-elf/11.2.1/../../../../../H-x86_64-pc-linux-gnu/nios2-elf/lib/libm.a(lib_a-s_scalbn.o)
 .data          0x00000000000519e8        0x0 /opt/intelFPGA/21.1/nios2eds/bin/gnu/H-x86_64-pc-linux-gnu/bin/../lib/gcc/nios2-elf/11.2.1/libgcc.a(adddf3.o)
 .data          0x00000000000519e8        0x0 /opt/intelFPGA/21.1/nios2eds/bin/gnu/H-x86_64-pc-linux-gnu/bin/../lib/gcc/nios2-elf/11.2.1/libgcc.a(divdf3.o)
 .data          0x00000000000519e8        0x0 /opt/intelFPGA/21.1/nios2eds/bin/gnu/H-x86_64-pc-linux-gnu/bin/../lib/gcc/nios2-elf/11.2.1/libgcc.a(eqdf2.o)
 .data          0x00000000000519e8        0x0 /opt/intelFPGA/21.1/nios2eds/bin/gnu/H-x86_64-pc-linux-gnu/bin/../lib/gcc/nios2-elf/11.2.1/libgcc.a(gedf2.o)
 .data          0x00000000000519e8        0x0 /opt/intelFPGA/21.1/nios2eds/bin/gnu/H-x86_64-pc-linux-gnu/bin/../lib/gcc/nios2-elf/11.2.1/libgcc.a(ledf2.o)
 .data          0x00000000000519e8        0x0 /opt/intelFPGA/21.1/nios2eds/bin/gnu/H-x86_64-pc-linux-gnu/bin/../lib/gcc/nios2-elf/11.2.1/libgcc.a(muldf3.o)
 .data          0x00000000000519e8        0x0 /opt/intelFPGA/21.1/nios2eds/bin/gnu/H-x86_64-pc-linux-gnu/bin/../lib/gcc/nios2-elf/11.2.1/libgcc.a(subdf3.o)
 .data          0x00000000000519e8        0x0 /opt/intelFPGA/21.1/nios2eds/bin/gnu/H-x86_64-pc-linux-gnu/bin/../lib/gcc/nios2-elf/11.2.1/libgcc.a(unorddf2.o)
 .data          0x00000000000519e8        0x0 /opt/intelFPGA/21.1/nios2eds/bin/gnu/H-x86_64-pc-linux-gnu/bin/../lib/gcc/nios2-elf/11.2.1/libgcc.a(fixdfsi.o)
 .data          0x00000000000519e8        0x0 /opt/intelFPGA/21.1/nios2eds/bin/gnu/H-x86_64-pc-linux-gnu/bin/../lib/gcc/nios2-elf/11.2.1/libgcc.a(floatsidf.o)
 .data          0x00000000000519e8        0x0 /opt/intelFPGA/21.1/nios2eds/bin/gnu/H-x86_64-pc-linux-gnu/bin/../lib/gcc/nios2-elf/11.2.1/libgcc.a(_clzsi2.o)
 .data          0x00000000000519e8        0x0 /opt/intelFPGA/21.1/nios2eds/bin/gnu/H-x86_64-pc-linux-gnu/bin/../lib/gcc/nios2-elf/11.2.1/libgcc.a(lib2-divmod.o)
 .data          0x00000000000519e8        0x0 /opt/intelFPGA/21.1/nios2eds/bin/gnu/H-x86_64-pc-linux-gnu/bin/../lib/gcc/nios2-elf/11.2.1/libgcc.a(_clz.o)
 .data          0x00000000000519e8        0x0 /opt/intelFPGA/21.1/nios2eds/bin/gnu/H-x86_64-pc-linux-gnu/bin/../lib/gcc/nios2-elf/11.2.1/../../../../../H-x86_64-pc-linux-gnu/nios2-elf/lib/libc.a(lib_a-errno.o)
 .data          0x00000000000519e8        0x0 /opt/intelFPGA/21.1/nios2eds/bin/gnu/H-x86_64-pc-linux-gnu/bin/../lib/gcc/nios2-elf/11.2.1/../../../../../H-x86_64-pc-linux-gnu/nios2-elf/lib/libc.a(lib_a-impure.o)
 .data.impure_data
                0x00000000000519e8      0x424 /opt/intelFPGA/21.1/nios2eds/bin/gnu/H-x86_64-pc-linux-gnu/bin/../lib/gcc/nios2-elf/11.2.1/../../../../../H-x86_64-pc-linux-gnu/nios2-elf/lib/libc.a(lib_a-impure.o)
 .data          0x0000000000051e0c        0x0 /opt/intelFPGA/21.1/nios2eds/bin/gnu/H-x86_64-pc-linux-gnu/bin/../lib/gcc/nios2-elf/11.2.1/../../../../../H-x86_64-pc-linux-gnu/nios2-elf/lib/libc.a(lib_a-printf.o)
 .data          0x0000000000051e0c        0x0 /opt/intelFPGA/21.1/nios2eds/bin/gnu/H-x86_64-pc-linux-gnu/bin/../lib/gcc/nios2-elf/11.2.1/../../../../../H-x86_64-pc-linux-gnu/nios2-elf/lib/libc.a(lib_a-putchar.o)
 .data          0x0000000000051e0c        0x0 /opt/intelFPGA/21.1/nios2eds/bin/gnu/H-x86_64-pc-linux-gnu/bin/../lib/gcc/nios2-elf/11.2.1/../../../../../H-x86_64-pc-linux-gnu/nios2-elf/lib/libc.a(lib_a-puts.o)
 .data          0x0000000000051e0c        0x0 /opt/intelFPGA/21.1/nios2eds/bin/gnu/H-x86_64-pc-linux-gnu/bin/../lib/gcc/nios2-elf/11.2.1/../../../../../H-x86_64-pc-linux-gnu/nios2-elf/lib/libc.a(lib_a-strlen.o)
 .data          0x0000000000051e0c        0x0 /opt/intelFPGA/21.1/nios2eds/bin/gnu/H-x86_64-pc-linux-gnu/bin/../lib/gcc/nios2-elf/11.2.1/../../../../../H-x86_64-pc-linux-gnu/nios2-elf/lib/libc.a(lib_a-vfprintf.o)
 .data          0x0000000000051e0c        0x0 /opt/intelFPGA/21.1/nios2eds/bin/gnu/H-x86_64-pc-linux-gnu/bin/../lib/gcc/nios2-elf/11.2.1/../../../../../H-x86_64-pc-linux-gnu/nios2-elf/lib/libc.a(lib_a-wsetup.o)
 .data          0x0000000000051e0c        0x0 /opt/intelFPGA/21.1/nios2eds/bin/gnu/H-x86_64-pc-linux-gnu/bin/../lib/gcc/nios2-elf/11.2.1/../../../../../H-x86_64-pc-linux-gnu/nios2-elf/lib/libc.a(lib_a-dtoa.o)
 .data          0x0000000000051e0c        0x0 /opt/intelFPGA/21.1/nios2eds/bin/gnu/H-x86_64-pc-linux-gnu/bin/../lib/gcc/nios2-elf/11.2.1/../../../../../H-x86_64-pc-linux-gnu/nios2-elf/lib/libc.a(lib_a-fflush.o)
 .data          0x0000000000051e0c        0x0 /opt/intelFPGA/21.1/nios2eds/bin/gnu/H-x86_64-pc-linux-gnu/bin/../lib/gcc/nios2-elf/11.2.1/../../../../../H-x86_64-pc-linux-gnu/nios2-elf/lib/libc.a(lib_a-findfp.o)
 .data          0x0000000000051e0c        0x0 /opt/intelFPGA/21.1/nios2eds/bin/gnu/H-x86_64-pc-linux-gnu/bin/../lib/gcc/nios2-elf/11.2.1/../../../../../H-x86_64-pc-linux-gnu/nios2-elf/lib/libc.a(lib_a-freer.o)
 .data          0x0000000000051e0c        0x0 /opt/intelFPGA/21.1/nios2eds/bin/gnu/H-x86_64-pc-linux-gnu/bin/../lib/gcc/nios2-elf/11.2.1/../../../../../H-x86_64-pc-linux-gnu/nios2-elf/lib/libc.a(lib_a-fvwrite.o)
 .data          0x0000000000051e0c        0x0 /opt/intelFPGA/21.1/nios2eds/bin/gnu/H-x86_64-pc-linux-gnu/bin/../lib/gcc/nios2-elf/11.2.1/../../../../../H-x86_64-pc-linux-gnu/nios2-elf/lib/libc.a(lib_a-fwalk.o)
 .data          0x0000000000051e0c        0x0 /opt/intelFPGA/21.1/nios2eds/bin/gnu/H-x86_64-pc-linux-gnu/bin/../lib/gcc/nios2-elf/11.2.1/../../../../../H-x86_64-pc-linux-gnu/nios2-elf/lib/libc.a(lib_a-localeconv.o)
 .data          0x0000000000051e0c        0x0 /opt/intelFPGA/21.1/nios2eds/bin/gnu/H-x86_64-pc-linux-gnu/bin/../lib/gcc/nios2-elf/11.2.1/../../../../../H-x86_64-pc-linux-gnu/nios2-elf/lib/libc.a(lib_a-makebuf.o)
 .data          0x0000000000051e0c        0x0 /opt/intelFPGA/21.1/nios2eds/bin/gnu/H-x86_64-pc-linux-gnu/bin/../lib/gcc/nios2-elf/11.2.1/../../../../../H-x86_64-pc-linux-gnu/nios2-elf/lib/libc.a(lib_a-mallocr.o)
 .data.__malloc_av_
                0x0000000000051e0c      0x408 /opt/intelFPGA/21.1/nios2eds/bin/gnu/H-x86_64-pc-linux-gnu/bin/../lib/gcc/nios2-elf/11.2.1/../../../../../H-x86_64-pc-linux-gnu/nios2-elf/lib/libc.a(lib_a-mallocr.o)
                0x0000000000051e0c                __malloc_av_
 .data          0x0000000000052214        0x0 /opt/intelFPGA/21.1/nios2eds/bin/gnu/H-x86_64-pc-linux-gnu/bin/../lib/gcc/nios2-elf/11.2.1/../../../../../H-x86_64-pc-linux-gnu/nios2-elf/lib/libc.a(lib_a-memchr.o)
 .data          0x0000000000052214        0x0 /opt/intelFPGA/21.1/nios2eds/bin/gnu/H-x86_64-pc-linux-gnu/bin/../lib/gcc/nios2-elf/11.2.1/../../../../../H-x86_64-pc-linux-gnu/nios2-elf/lib/libc.a(lib_a-memcpy.o)
 .data          0x0000000000052214        0x0 /opt/intelFPGA/21.1/nios2eds/bin/gnu/H-x86_64-pc-linux-gnu/bin/../lib/gcc/nios2-elf/11.2.1/../../../../../H-x86_64-pc-linux-gnu/nios2-elf/lib/libc.a(lib_a-memmove.o)
 .data          0x0000000000052214        0x0 /opt/intelFPGA/21.1/nios2eds/bin/gnu/H-x86_64-pc-linux-gnu/bin/../lib/gcc/nios2-elf/11.2.1/../../../../../H-x86_64-pc-linux-gnu/nios2-elf/lib/libc.a(lib_a-memset.o)
 .data          0x0000000000052214        0x0 /opt/intelFPGA/21.1/nios2eds/bin/gnu/H-x86_64-pc-linux-gnu/bin/../lib/gcc/nios2-elf/11.2.1/../../../../../H-x86_64-pc-linux-gnu/nios2-elf/lib/libc.a(lib_a-mprec.o)
 .data          0x0000000000052214        0x0 /opt/intelFPGA/21.1/nios2eds/bin/gnu/H-x86_64-pc-linux-gnu/bin/../lib/gcc/nios2-elf/11.2.1/../../../../../H-x86_64-pc-linux-gnu/nios2-elf/lib/libc.a(lib_a-putc.o)
 .data          0x0000000000052214        0x0 /opt/intelFPGA/21.1/nios2eds/bin/gnu/H-x86_64-pc-linux-gnu/bin/../lib/gcc/nios2-elf/11.2.1/../../../../../H-x86_64-pc-linux-gnu/nios2-elf/lib/libc.a(lib_a-reallocr.o)
 .data          0x0000000000052214        0x0 /opt/intelFPGA/21.1/nios2eds/bin/gnu/H-x86_64-pc-linux-gnu/bin/../lib/gcc/nios2-elf/11.2.1/../../../../../H-x86_64-pc-linux-gnu/nios2-elf/lib/libc.a(lib_a-sbrkr.o)
 .data          0x0000000000052214        0x0 /opt/intelFPGA/21.1/nios2eds/bin/gnu/H-x86_64-pc-linux-gnu/bin/../lib/gcc/nios2-elf/11.2.1/../../../../../H-x86_64-pc-linux-gnu/nios2-elf/lib/libc.a(lib_a-stdio.o)
 .data          0x0000000000052214        0x0 /opt/intelFPGA/21.1/nios2eds/bin/gnu/H-x86_64-pc-linux-gnu/bin/../lib/gcc/nios2-elf/11.2.1/../../../../../H-x86_64-pc-linux-gnu/nios2-elf/lib/libc.a(lib_a-vfiprintf.o)
 .data          0x0000000000052214        0x0 /opt/intelFPGA/21.1/nios2eds/bin/gnu/H-x86_64-pc-linux-gnu/bin/../lib/gcc/nios2-elf/11.2.1/../../../../../H-x86_64-pc-linux-gnu/nios2-elf/lib/libc.a(lib_a-wbuf.o)
 .data          0x0000000000052214        0x0 /opt/intelFPGA/21.1/nios2eds/bin/gnu/H-x86_64-pc-linux-gnu/bin/../lib/gcc/nios2-elf/11.2.1/../../../../../H-x86_64-pc-linux-gnu/nios2-elf/lib/libc.a(lib_a-writer.o)
 .data          0x0000000000052214        0x0 /opt/intelFPGA/21.1/nios2eds/bin/gnu/H-x86_64-pc-linux-gnu/bin/../lib/gcc/nios2-elf/11.2.1/../../../../../H-x86_64-pc-linux-gnu/nios2-elf/lib/libc.a(closer.o)
 .data          0x0000000000052214        0x0 /opt/intelFPGA/21.1/nios2eds/bin/gnu/H-x86_64-pc-linux-gnu/bin/../lib/gcc/nios2-elf/11.2.1/../../../../../H-x86_64-pc-linux-gnu/nios2-elf/lib/libc.a(lib_a-assert.o)
 .data          0x0000000000052214        0x0 /opt/intelFPGA/21.1/nios2eds/bin/gnu/H-x86_64-pc-linux-gnu/bin/../lib/gcc/nios2-elf/11.2.1/../../../../../H-x86_64-pc-linux-gnu/nios2-elf/lib/libc.a(lib_a-callocr.o)
 .data          0x0000000000052214        0x0 /opt/intelFPGA/21.1/nios2eds/bin/gnu/H-x86_64-pc-linux-gnu/bin/../lib/gcc/nios2-elf/11.2.1/../../../../../H-x86_64-pc-linux-gnu/nios2-elf/lib/libc.a(lib_a-fclose.o)
 .data          0x0000000000052214        0x0 /opt/intelFPGA/21.1/nios2eds/bin/gnu/H-x86_64-pc-linux-gnu/bin/../lib/gcc/nios2-elf/11.2.1/../../../../../H-x86_64-pc-linux-gnu/nios2-elf/lib/libc.a(lib_a-fiprintf.o)
 .data          0x0000000000052214        0x0 /opt/intelFPGA/21.1/nios2eds/bin/gnu/H-x86_64-pc-linux-gnu/bin/../lib/gcc/nios2-elf/11.2.1/../../../../../H-x86_64-pc-linux-gnu/nios2-elf/lib/libc.a(lib_a-fputwc.o)
 .data          0x0000000000052214        0x0 /opt/intelFPGA/21.1/nios2eds/bin/gnu/H-x86_64-pc-linux-gnu/bin/../lib/gcc/nios2-elf/11.2.1/../../../../../H-x86_64-pc-linux-gnu/nios2-elf/lib/libc.a(lib_a-fstatr.o)
 .data          0x0000000000052214        0x0 /opt/intelFPGA/21.1/nios2eds/bin/gnu/H-x86_64-pc-linux-gnu/bin/../lib/gcc/nios2-elf/11.2.1/../../../../../H-x86_64-pc-linux-gnu/nios2-elf/lib/libc.a(lib_a-int_errno.o)
 .data          0x0000000000052214        0x0 /opt/intelFPGA/21.1/nios2eds/bin/gnu/H-x86_64-pc-linux-gnu/bin/../lib/gcc/nios2-elf/11.2.1/../../../../../H-x86_64-pc-linux-gnu/nios2-elf/lib/libc.a(lib_a-isattyr.o)
 .data          0x0000000000052214        0x0 /opt/intelFPGA/21.1/nios2eds/bin/gnu/H-x86_64-pc-linux-gnu/bin/../lib/gcc/nios2-elf/11.2.1/../../../../../H-x86_64-pc-linux-gnu/nios2-elf/lib/libc.a(lib_a-locale.o)
 .data.__global_locale
                0x0000000000052214      0x16c /opt/intelFPGA/21.1/nios2eds/bin/gnu/H-x86_64-pc-linux-gnu/bin/../lib/gcc/nios2-elf/11.2.1/../../../../../H-x86_64-pc-linux-gnu/nios2-elf/lib/libc.a(lib_a-locale.o)
                0x0000000000052214                __global_locale
 .data          0x0000000000052380        0x0 /opt/intelFPGA/21.1/nios2eds/bin/gnu/H-x86_64-pc-linux-gnu/bin/../lib/gcc/nios2-elf/11.2.1/../../../../../H-x86_64-pc-linux-gnu/nios2-elf/lib/libc.a(lib_a-lseekr.o)
 .data          0x0000000000052380        0x0 /opt/intelFPGA/21.1/nios2eds/bin/gnu/H-x86_64-pc-linux-gnu/bin/../lib/gcc/nios2-elf/11.2.1/../../../../../H-x86_64-pc-linux-gnu/nios2-elf/lib/libc.a(lib_a-mbtowc_r.o)
 .data          0x0000000000052380        0x0 /opt/intelFPGA/21.1/nios2eds/bin/gnu/H-x86_64-pc-linux-gnu/bin/../lib/gcc/nios2-elf/11.2.1/../../../../../H-x86_64-pc-linux-gnu/nios2-elf/lib/libc.a(lib_a-readr.o)
 .data          0x0000000000052380        0x0 /opt/intelFPGA/21.1/nios2eds/bin/gnu/H-x86_64-pc-linux-gnu/bin/../lib/gcc/nios2-elf/11.2.1/../../../../../H-x86_64-pc-linux-gnu/nios2-elf/lib/libc.a(lib_a-strcmp.o)
 .data          0x0000000000052380        0x0 /opt/intelFPGA/21.1/nios2eds/bin/gnu/H-x86_64-pc-linux-gnu/bin/../lib/gcc/nios2-elf/11.2.1/../../../../../H-x86_64-pc-linux-gnu/nios2-elf/lib/libc.a(lib_a-vfiprintfr_1.o)
 .data          0x0000000000052380        0x0 /opt/intelFPGA/21.1/nios2eds/bin/gnu/H-x86_64-pc-linux-gnu/bin/../lib/gcc/nios2-elf/11.2.1/../../../../../H-x86_64-pc-linux-gnu/nios2-elf/lib/libc.a(lib_a-wcrtomb.o)
 .data          0x0000000000052380        0x0 /opt/intelFPGA/21.1/nios2eds/bin/gnu/H-x86_64-pc-linux-gnu/bin/../lib/gcc/nios2-elf/11.2.1/../../../../../H-x86_64-pc-linux-gnu/nios2-elf/lib/libc.a(lib_a-wctomb_r.o)
 .data          0x0000000000052380        0x0 /opt/intelFPGA/21.1/nios2eds/bin/gnu/H-x86_64-pc-linux-gnu/bin/../lib/gcc/nios2-elf/11.2.1/../../../../../H-x86_64-pc-linux-gnu/nios2-elf/lib/libc.a(lib_a-abort.o)
 .data          0x0000000000052380        0x0 /opt/intelFPGA/21.1/nios2eds/bin/gnu/H-x86_64-pc-linux-gnu/bin/../lib/gcc/nios2-elf/11.2.1/../../../../../H-x86_64-pc-linux-gnu/nios2-elf/lib/libc.a(lib_a-ctype_.o)
 .data          0x0000000000052380        0x0 /opt/intelFPGA/21.1/nios2eds/bin/gnu/H-x86_64-pc-linux-gnu/bin/../lib/gcc/nios2-elf/11.2.1/../../../../../H-x86_64-pc-linux-gnu/nios2-elf/lib/libc.a(lib_a-signal.o)
 .data          0x0000000000052380        0x0 /opt/intelFPGA/21.1/nios2eds/bin/gnu/H-x86_64-pc-linux-gnu/bin/../lib/gcc/nios2-elf/11.2.1/../../../../../H-x86_64-pc-linux-gnu/nios2-elf/lib/libc.a(lib_a-signalr.o)
 .data          0x0000000000052380        0x0 /opt/intelFPGA/21.1/nios2eds/bin/gnu/H-x86_64-pc-linux-gnu/bin/../lib/gcc/nios2-elf/11.2.1/libgcc.a(_udivdi3.o)
 .data          0x0000000000052380        0x0 /opt/intelFPGA/21.1/nios2eds/bin/gnu/H-x86_64-pc-linux-gnu/bin/../lib/gcc/nios2-elf/11.2.1/libgcc.a(_umoddi3.o)
 .data          0x0000000000052380        0x0 /opt/intelFPGA/21.1/nios2eds/bin/gnu/H-x86_64-pc-linux-gnu/bin/../lib/gcc/nios2-elf/11.2.1/libgcc.a(floatunsidf.o)
 .data          0x0000000000052380        0x0 ../Hello_World_new_2_bsp//libhal_bsp.a(alt_close.o)
 .data          0x0000000000052380      0x1a8 ../Hello_World_new_2_bsp//libhal_bsp.a(alt_dev.o)
                0x0000000000052380                alt_dev_null
                0x00000000000523a8                alt_fd_list
 .data          0x0000000000052528        0x0 ../Hello_World_new_2_bsp//libhal_bsp.a(alt_errno.o)
 .data          0x0000000000052528        0x0 ../Hello_World_new_2_bsp//libhal_bsp.a(alt_exit.o)
 .data          0x0000000000052528        0x0 ../Hello_World_new_2_bsp//libhal_bsp.a(alt_fstat.o)
 .data          0x0000000000052528        0x0 ../Hello_World_new_2_bsp//libhal_bsp.a(alt_getpid.o)
 .data          0x0000000000052528        0x0 ../Hello_World_new_2_bsp//libhal_bsp.a(alt_isatty.o)
 .data          0x0000000000052528        0x0 ../Hello_World_new_2_bsp//libhal_bsp.a(alt_kill.o)
 .data          0x0000000000052528        0x0 ../Hello_World_new_2_bsp//libhal_bsp.a(alt_load.o)
 .data          0x0000000000052528        0x0 ../Hello_World_new_2_bsp//libhal_bsp.a(alt_lseek.o)
 .data          0x0000000000052528        0x0 ../Hello_World_new_2_bsp//libhal_bsp.a(alt_main.o)
 .data          0x0000000000052528        0x0 ../Hello_World_new_2_bsp//libhal_bsp.a(alt_malloc_lock.o)
 .data          0x0000000000052528        0x0 ../Hello_World_new_2_bsp//libhal_bsp.a(alt_read.o)
 .data          0x0000000000052528        0x0 ../Hello_World_new_2_bsp//libhal_bsp.a(alt_release_fd.o)
 .data          0x0000000000052528        0x0 ../Hello_World_new_2_bsp//libhal_bsp.a(alt_sbrk.o)
 .data          0x0000000000052528        0x0 ../Hello_World_new_2_bsp//libhal_bsp.a(alt_write.o)
 .data          0x0000000000052528     0x1060 ../Hello_World_new_2_bsp//libhal_bsp.a(alt_sys_init.o)
 .data          0x0000000000053588        0x0 ../Hello_World_new_2_bsp//libhal_bsp.a(altera_avalon_jtag_uart_fd.o)
 .data          0x0000000000053588        0x0 ../Hello_World_new_2_bsp//libhal_bsp.a(altera_avalon_jtag_uart_init.o)
 .data          0x0000000000053588        0x0 ../Hello_World_new_2_bsp//libhal_bsp.a(altera_avalon_jtag_uart_ioctl.o)
 .data          0x0000000000053588        0x0 ../Hello_World_new_2_bsp//libhal_bsp.a(altera_avalon_jtag_uart_read.o)